Archive member included to satisfy reference by file (symbol)

/home/codedwrench/Dropbox/school/nios/ucoshello_bsp//libucosii_bsp.a(alt_load.o)
                              /home/codedwrench/Dropbox/school/nios/ucoshello_bsp//obj/HAL/src/crt0.o (alt_load)
/home/codedwrench/Dropbox/school/nios/ucoshello_bsp//libucosii_bsp.a(alt_main.o)
                              /home/codedwrench/Dropbox/school/nios/ucoshello_bsp//obj/HAL/src/crt0.o (alt_main)
/home/codedwrench/Dropbox/school/nios/ucoshello_bsp//libucosii_bsp.a(alt_printf.o)
                              obj/default/hello_ucosii.o (alt_printf)
/home/codedwrench/Dropbox/school/nios/ucoshello_bsp//libucosii_bsp.a(alt_putchar.o)
                              /home/codedwrench/Dropbox/school/nios/ucoshello_bsp//libucosii_bsp.a(alt_printf.o) (alt_putchar)
/home/codedwrench/Dropbox/school/nios/ucoshello_bsp//libucosii_bsp.a(alt_env_lock.o)
                              /home/codedwrench/Dropbox/school/nios/ucoshello_bsp//libucosii_bsp.a(alt_main.o) (alt_envsem)
/home/codedwrench/Dropbox/school/nios/ucoshello_bsp//libucosii_bsp.a(alt_malloc_lock.o)
                              /home/codedwrench/Dropbox/school/nios/ucoshello_bsp//libucosii_bsp.a(alt_main.o) (alt_heapsem)
/home/codedwrench/Dropbox/school/nios/ucoshello_bsp//libucosii_bsp.a(os_core.o)
                              /home/codedwrench/Dropbox/school/nios/ucoshello_bsp//libucosii_bsp.a(alt_malloc_lock.o) (OSRunning)
/home/codedwrench/Dropbox/school/nios/ucoshello_bsp//libucosii_bsp.a(os_dbg.o)
                              /home/codedwrench/Dropbox/school/nios/ucoshello_bsp//libucosii_bsp.a(os_core.o) (OSDebugInit)
/home/codedwrench/Dropbox/school/nios/ucoshello_bsp//libucosii_bsp.a(os_flag.o)
                              /home/codedwrench/Dropbox/school/nios/ucoshello_bsp//libucosii_bsp.a(os_core.o) (OS_FlagInit)
/home/codedwrench/Dropbox/school/nios/ucoshello_bsp//libucosii_bsp.a(os_mem.o)
                              /home/codedwrench/Dropbox/school/nios/ucoshello_bsp//libucosii_bsp.a(os_core.o) (OS_MemInit)
/home/codedwrench/Dropbox/school/nios/ucoshello_bsp//libucosii_bsp.a(os_q.o)
                              /home/codedwrench/Dropbox/school/nios/ucoshello_bsp//libucosii_bsp.a(os_core.o) (OS_QInit)
/home/codedwrench/Dropbox/school/nios/ucoshello_bsp//libucosii_bsp.a(os_sem.o)
                              /home/codedwrench/Dropbox/school/nios/ucoshello_bsp//libucosii_bsp.a(alt_main.o) (OSSemCreate)
/home/codedwrench/Dropbox/school/nios/ucoshello_bsp//libucosii_bsp.a(os_task.o)
                              obj/default/hello_ucosii.o (OSTaskCreateExt)
/home/codedwrench/Dropbox/school/nios/ucoshello_bsp//libucosii_bsp.a(os_time.o)
                              /home/codedwrench/Dropbox/school/nios/ucoshello_bsp//libucosii_bsp.a(os_core.o) (OSTimeDly)
/home/codedwrench/Dropbox/school/nios/ucoshello_bsp//libucosii_bsp.a(alt_sys_init.o)
                              /home/codedwrench/Dropbox/school/nios/ucoshello_bsp//libucosii_bsp.a(alt_main.o) (alt_irq_init)
/home/codedwrench/Dropbox/school/nios/ucoshello_bsp//libucosii_bsp.a(altera_avalon_jtag_uart_fd.o)
                              /home/codedwrench/Dropbox/school/nios/ucoshello_bsp//libucosii_bsp.a(alt_sys_init.o) (altera_avalon_jtag_uart_read_fd)
/home/codedwrench/Dropbox/school/nios/ucoshello_bsp//libucosii_bsp.a(altera_avalon_jtag_uart_init.o)
                              /home/codedwrench/Dropbox/school/nios/ucoshello_bsp//libucosii_bsp.a(alt_sys_init.o) (altera_avalon_jtag_uart_init)
/home/codedwrench/Dropbox/school/nios/ucoshello_bsp//libucosii_bsp.a(altera_avalon_jtag_uart_ioctl.o)
                              /home/codedwrench/Dropbox/school/nios/ucoshello_bsp//libucosii_bsp.a(altera_avalon_jtag_uart_fd.o) (altera_avalon_jtag_uart_ioctl)
/home/codedwrench/Dropbox/school/nios/ucoshello_bsp//libucosii_bsp.a(altera_avalon_jtag_uart_read.o)
                              /home/codedwrench/Dropbox/school/nios/ucoshello_bsp//libucosii_bsp.a(altera_avalon_jtag_uart_fd.o) (altera_avalon_jtag_uart_read)
/home/codedwrench/Dropbox/school/nios/ucoshello_bsp//libucosii_bsp.a(altera_avalon_jtag_uart_write.o)
                              /home/codedwrench/Dropbox/school/nios/ucoshello_bsp//libucosii_bsp.a(altera_avalon_jtag_uart_fd.o) (altera_avalon_jtag_uart_write)
/home/codedwrench/Dropbox/school/nios/ucoshello_bsp//libucosii_bsp.a(altera_avalon_timer_sc.o)
                              /home/codedwrench/Dropbox/school/nios/ucoshello_bsp//libucosii_bsp.a(alt_sys_init.o) (alt_avalon_timer_sc_init)
/home/codedwrench/Dropbox/school/nios/ucoshello_bsp//libucosii_bsp.a(altera_up_avalon_character_lcd.o)
                              /home/codedwrench/Dropbox/school/nios/ucoshello_bsp//libucosii_bsp.a(alt_sys_init.o) (alt_up_character_lcd_init)
/home/codedwrench/Dropbox/school/nios/ucoshello_bsp//libucosii_bsp.a(altera_up_avalon_irda.o)
[...]
Memory Configuration

Name             Origin             Length             Attributes
reset            0x0000000000000000 0x0000000000000020
SDRAM            0x0000000000000020 0x0000000003ffffe0
Flash_flash_data 0x000000000c000000 0x0000000000800000
*default*        0x0000000000000000 0xffffffffffffffff

Linker script and memory map

LOAD /home/codedwrench/Dropbox/school/nios/ucoshello_bsp//obj/HAL/src/crt0.o
LOAD obj/default/hello_ucosii.o
LOAD /home/codedwrench/altera_lite/15.1/nios2eds/bin/gnu/H-x86_64-pc-linux-gnu/bin/../lib/gcc/nios2-elf/4.9.2/../../../../../H-x86_64-pc-linux-gnu/nios2-elf/lib/mhw-mulx/libstdc++.a
LOAD /home/codedwrench/altera_lite/15.1/nios2eds/bin/gnu/H-x86_64-pc-linux-gnu/bin/../lib/gcc/nios2-elf/4.9.2/../../../../../H-x86_64-pc-linux-gnu/nios2-elf/lib/mhw-mulx/libm.a
LOAD /home/codedwrench/altera_lite/15.1/nios2eds/bin/gnu/H-x86_64-pc-linux-gnu/bin/../lib/gcc/nios2-elf/4.9.2/mhw-mulx/libgcc.a
START GROUP
LOAD /home/codedwrench/altera_lite/15.1/nios2eds/bin/gnu/H-x86_64-pc-linux-gnu/bin/../lib/gcc/nios2-elf/4.9.2/../../../../../H-x86_64-pc-linux-gnu/nios2-elf/lib/mhw-mulx/libc.a
LOAD /home/codedwrench/altera_lite/15.1/nios2eds/bin/gnu/H-x86_64-pc-linux-gnu/bin/../lib/gcc/nios2-elf/4.9.2/mhw-mulx/libgcc.a
LOAD /home/codedwrench/Dropbox/school/nios/ucoshello_bsp//libucosii_bsp.a
LOAD /home/codedwrench/altera_lite/15.1/nios2eds/bin/gnu/H-x86_64-pc-linux-gnu/bin/../lib/gcc/nios2-elf/4.9.2/../../../../../H-x86_64-pc-linux-gnu/nios2-elf/lib/mhw-mulx/libm.a
END GROUP
LOAD /home/codedwrench/altera_lite/15.1/nios2eds/bin/gnu/H-x86_64-pc-linux-gnu/bin/../lib/gcc/nios2-elf/4.9.2/mhw-mulx/libgcc.a
                0x0000000000000000                __alt_mem_SDRAM = 0x0
                0x000000000c000000                __alt_mem_Flash_flash_data = 0xc000000

.entry          0x0000000000000000       0x20
 *(.entry)
 .entry         0x0000000000000000       0x20 /home/codedwrench/Dropbox/school/nios/ucoshello_bsp//obj/HAL/src/crt0.o
                0x0000000000000000                __reset

.exceptions     0x0000000000000020      0x224
                0x0000000000000020                PROVIDE (__ram_exceptions_start, ABSOLUTE (.))
                0x0000000000000020                . = ALIGN (0x20)
 *(.irq)
 *(.exceptions.entry.label)
 .exceptions.entry.label
                0x0000000000000020        0x0 /home/codedwrench/Dropbox/school/nios/ucoshello_bsp//libucosii_bsp.a(alt_irq_entry.o)
                0x0000000000000020                alt_irq_entry
 .exceptions.entry.label
                0x0000000000000020        0x0 /home/codedwrench/Dropbox/school/nios/ucoshello_bsp//libucosii_bsp.a(alt_exception_entry.o)
                0x0000000000000020                alt_exception
 *(.exceptions.entry.user)
 *(.exceptions.entry.ecc_fatal)
 *(.exceptions.entry)
 .exceptions.entry
                0x0000000000000020       0x54 /home/codedwrench/Dropbox/school/nios/ucoshello_bsp//libucosii_bsp.a(alt_exception_entry.o)
 *(.exceptions.irqtest.user)
 *(.exceptions.irqtest)
 .exceptions.irqtest
                0x0000000000000074       0x10 /home/codedwrench/Dropbox/school/nios/ucoshello_bsp//libucosii_bsp.a(alt_irq_entry.o)
 *(.exceptions.irqhandler.user)
 *(.exceptions.irqhandler)
 .exceptions.irqhandler
                0x0000000000000084        0x4 /home/codedwrench/Dropbox/school/nios/ucoshello_bsp//libucosii_bsp.a(alt_irq_entry.o)
 *(.exceptions.irqreturn.user)
 *(.exceptions.irqreturn)
 .exceptions.irqreturn
                0x0000000000000088        0x4 /home/codedwrench/Dropbox/school/nios/ucoshello_bsp//libucosii_bsp.a(alt_irq_entry.o)
 *(.exceptions.notirq.label)
 .exceptions.notirq.label
                0x000000000000008c        0x0 /home/codedwrench/Dropbox/school/nios/ucoshello_bsp//libucosii_bsp.a(alt_irq_entry.o)
 *(.exceptions.notirq.user)
 *(.exceptions.notirq)
 .exceptions.notirq
                0x000000000000008c        0x8 /home/codedwrench/Dropbox/school/nios/ucoshello_bsp//libucosii_bsp.a(alt_exception_entry.o)
 *(.exceptions.soft.user)
 *(.exceptions.soft)
 *(.exceptions.unknown.user)
 *(.exceptions.unknown)
 .exceptions.unknown
                0x0000000000000094       0x14 /home/codedwrench/Dropbox/school/nios/ucoshello_bsp//libucosii_bsp.a(alt_exception_entry.o)
 *(.exceptions.exit.label)
 .exceptions.exit.label
                0x00000000000000a8        0x0 /home/codedwrench/Dropbox/school/nios/ucoshello_bsp//libucosii_bsp.a(alt_irq_entry.o)
 .exceptions.exit.label
                0x00000000000000a8        0x0 /home/codedwrench/Dropbox/school/nios/ucoshello_bsp//libucosii_bsp.a(alt_exception_entry.o)
 *(.exceptions.exit.user)
 *(.exceptions.exit)
 .exceptions.exit
                0x00000000000000a8       0x54 /home/codedwrench/Dropbox/school/nios/ucoshello_bsp//libucosii_bsp.a(alt_exception_entry.o)
 *(.exceptions)
 .exceptions    0x00000000000000fc       0xd4 /home/codedwrench/Dropbox/school/nios/ucoshello_bsp//libucosii_bsp.a(alt_irq_handler.o)
                0x00000000000000fc                alt_irq_handler
 .exceptions    0x00000000000001d0       0x74 /home/codedwrench/Dropbox/school/nios/ucoshello_bsp//libucosii_bsp.a(alt_instruction_exception_entry.o)
                0x00000000000001d0                alt_instruction_exception_entry
                0x0000000000000244                PROVIDE (__ram_exceptions_end, ABSOLUTE (.))
                0x0000000000000020                PROVIDE (__flash_exceptions_start, LOADADDR (.exceptions))

.text           0x0000000000000244     0xfaa8
                0x0000000000000244                PROVIDE (stext, ABSOLUTE (.))
 *(.interp)
 *(.hash)
 *(.dynsym)
 *(.dynstr)
 *(.gnu.version)
 *(.gnu.version_d)
 *(.gnu.version_r)
 *(.rel.init)
 *(.rela.init)
 *(.rel.text .rel.text.* .rel.gnu.linkonce.t.*)
 *(.rela.text .rela.text.* .rela.gnu.linkonce.t.*)
 *(.rel.fini)
 *(.rela.fini)
 *(.rel.rodata .rel.rodata.* .rel.gnu.linkonce.r.*)
 *(.rela.rodata .rela.rodata.* .rela.gnu.linkonce.r.*)
 *(.rel.data .rel.data.* .rel.gnu.linkonce.d.*)
 *(.rela.data .rela.data.* .rela.gnu.linkonce.d.*)
 *(.rel.tdata .rel.tdata.* .rel.gnu.linkonce.td.*)
 *(.rela.tdata .rela.tdata.* .rela.gnu.linkonce.td.*)
 *(.rel.tbss .rel.tbss.* .rel.gnu.linkonce.tb.*)
 *(.rela.tbss .rela.tbss.* .rela.gnu.linkonce.tb.*)
 *(.rel.ctors)
 *(.rela.ctors)
 *(.rel.dtors)
 *(.rela.dtors)
 *(.rel.got)
 *(.rela.got)
 *(.rel.sdata .rel.sdata.* .rel.gnu.linkonce.s.*)
 *(.rela.sdata .rela.sdata.* .rela.gnu.linkonce.s.*)
 *(.rel.sbss .rel.sbss.* .rel.gnu.linkonce.sb.*)
 *(.rela.sbss .rela.sbss.* .rela.gnu.linkonce.sb.*)
 *(.rel.sdata2 .rel.sdata2.* .rel.gnu.linkonce.s2.*)
 *(.rela.sdata2 .rela.sdata2.* .rela.gnu.linkonce.s2.*)
 *(.rel.sbss2 .rel.sbss2.* .rel.gnu.linkonce.sb2.*)
 *(.rela.sbss2 .rela.sbss2.* .rela.gnu.linkonce.sb2.*)
 *(.rel.bss .rel.bss.* .rel.gnu.linkonce.b.*)
 *(.rela.bss .rela.bss.* .rela.gnu.linkonce.b.*)
 *(.rel.plt)
 *(.rela.plt)
 *(.rel.dyn)
 *(.init)
 *(.plt)
 *(.text .stub .text.* .gnu.linkonce.t.*)
 .text          0x0000000000000244       0x3c /home/codedwrench/Dropbox/school/nios/ucoshello_bsp//obj/HAL/src/crt0.o
                0x0000000000000244                _start
 .text          0x0000000000000280      0x170 obj/default/hello_ucosii.o
                0x0000000000000280                task1
                0x00000000000002f0                main
 .text          0x00000000000003f0       0xe4 /home/codedwrench/Dropbox/school/nios/ucoshello_bsp//libucosii_bsp.a(alt_load.o)
                0x0000000000000454                alt_load
 .text          0x00000000000004d4       0xd4 /home/codedwrench/Dropbox/school/nios/ucoshello_bsp//libucosii_bsp.a(alt_main.o)
                0x00000000000004d4                alt_main
 .text          0x00000000000005a8      0x228 /home/codedwrench/Dropbox/school/nios/ucoshello_bsp//libucosii_bsp.a(alt_printf.o)
                0x00000000000005a8                alt_printf
 .text          0x00000000000007d0       0x44 /home/codedwrench/Dropbox/school/nios/ucoshello_bsp//libucosii_bsp.a(alt_putchar.o)
                0x00000000000007d0                alt_putchar
 .text          0x0000000000000814      0x11c /home/codedwrench/Dropbox/school/nios/ucoshello_bsp//libucosii_bsp.a(alt_env_lock.o)
                0x0000000000000814                __env_lock
                0x00000000000008d4                __env_unlock
 .text          0x0000000000000930      0x1f0 /home/codedwrench/Dropbox/school/nios/ucoshello_bsp//libucosii_bsp.a(alt_malloc_lock.o)
                0x0000000000000930                __malloc_lock
                0x0000000000000a50                __malloc_unlock
 .text          0x0000000000000b20     0x1ff0 /home/codedwrench/Dropbox/school/nios/ucoshello_bsp//libucosii_bsp.a(os_core.o)
                0x0000000000000b20                OSEventNameGet
                0x0000000000000c40                OSEventNameSet
                0x0000000000000d7c                OSEventPendMulti
                0x000000000000138c                OSInit
                0x00000000000013e0                OSIntEnter
                0x000000000000145c                OSIntExit
                0x0000000000001550                OSSchedLock
                0x00000000000015d8                OSSchedUnlock
                0x00000000000016b0                OSStart
                0x000000000000171c                OSStatInit
                0x00000000000017c8                OSTimeTick
                0x00000000000019e4                OSVersion
                0x0000000000001a04                OS_Dummy
                0x0000000000001a20                OS_EventTaskRdy
                0x0000000000001bb8                OS_EventTaskWait
                0x0000000000001cc4                OS_EventTaskWaitMulti
                0x0000000000001e10                OS_EventTaskRemove
                0x0000000000001ec4                OS_EventTaskRemoveMulti
                0x0000000000001fc0                OS_EventWaitListInit
                0x0000000000002384                OS_MemClr
                0x00000000000023d4                OS_MemCopy
                0x0000000000002438                OS_Sched
                0x0000000000002574                OS_StrCopy
                0x00000000000025e8                OS_StrLen
                0x000000000000263c                OS_TaskIdle
                0x0000000000002698                OS_TaskStat
                0x0000000000002774                OS_TaskStatStkChk
                0x000000000000283c                OS_TCBInit
 .text          0x0000000000002b10      0x18c /home/codedwrench/Dropbox/school/nios/ucoshello_bsp//libucosii_bsp.a(os_dbg.o)
                0x0000000000002b10                OSDebugInit
 .text          0x0000000000002c9c     0x181c /home/codedwrench/Dropbox/school/nios/ucoshello_bsp//libucosii_bsp.a(os_flag.o)
                0x0000000000002c9c                OSFlagAccept
                0x0000000000002fa4                OSFlagCreate
                0x00000000000030cc                OSFlagDel
                0x000000000000333c                OSFlagNameGet
                0x000000000000346c                OSFlagNameSet
                0x00000000000035bc                OSFlagPend
                0x0000000000003bac                OSFlagPendGetFlagsRdy
                0x0000000000003c14                OSFlagPost
                0x0000000000003f9c                OSFlagQuery
                0x0000000000004224                OS_FlagInit
                0x0000000000004418                OS_FlagUnlink
 .text          0x00000000000044b8      0x784 /home/codedwrench/Dropbox/school/nios/ucoshello_bsp//libucosii_bsp.a(os_mem.o)
                0x00000000000044b8                OSMemCreate
                0x00000000000046ac                OSMemGet
                0x000000000000479c                OSMemNameGet
                0x0000000000004894                OSMemNameSet
                0x00000000000049ac                OSMemPut
                0x0000000000004a84                OSMemQuery
                0x0000000000004b6c                OS_MemInit
 .text          0x0000000000004c3c     0x1210 /home/codedwrench/Dropbox/school/nios/ucoshello_bsp//libucosii_bsp.a(os_q.o)
                0x0000000000004c3c                OSQAccept
                0x0000000000004d7c                OSQCreate
                0x0000000000004f78                OSQDel
                0x0000000000005240                OSQFlush
                0x00000000000052f8                OSQPend
                0x00000000000055f4                OSQPendAbort
                0x0000000000005760                OSQPost
                0x00000000000058c8                OSQPostFront
                0x0000000000005a38                OSQPostOpt
                0x0000000000005c44                OSQQuery
                0x0000000000005da0                OS_QInit
 .text          0x0000000000005e4c      0xb08 /home/codedwrench/Dropbox/school/nios/ucoshello_bsp//libucosii_bsp.a(os_sem.o)
                0x0000000000005e4c                OSSemAccept
                0x0000000000005efc                OSSemCreate
                0x0000000000005ffc                OSSemDel
                0x0000000000006264                OSSemPend
                0x00000000000064cc                OSSemPendAbort
                0x0000000000006638                OSSemPost
                0x0000000000006748                OSSemQuery
                0x0000000000006858                OSSemSet
 .text          0x0000000000006954     0x18f4 /home/codedwrench/Dropbox/school/nios/ucoshello_bsp//libucosii_bsp.a(os_task.o)
                0x0000000000006954                OSTaskChangePrio
                0x0000000000006e94                OSTaskCreate
                0x0000000000007050                OSTaskCreateExt
                0x000000000000723c                OSTaskDel
                0x000000000000761c                OSTaskDelReq
                0x0000000000007774                OSTaskNameGet
                0x000000000000791c                OSTaskNameSet
                0x0000000000007adc                OSTaskResume
                0x0000000000007cd4                OSTaskStkChk
                0x0000000000007e9c                OSTaskSuspend
                0x00000000000080b0                OSTaskQuery
                0x00000000000081dc                OS_TaskStkClr
 .text          0x0000000000008248      0x568 /home/codedwrench/Dropbox/school/nios/ucoshello_bsp//libucosii_bsp.a(os_time.o)
                0x0000000000008248                OSTimeDly
                0x0000000000008390                OSTimeDlyHMSM
                0x00000000000084f8                OSTimeDlyResume
                0x00000000000086e8                OSTimeGet
                0x000000000000874c                OSTimeSet
 .text          0x00000000000087b0      0x444 /home/codedwrench/Dropbox/school/nios/ucoshello_bsp//libucosii_bsp.a(alt_sys_init.o)
                0x00000000000087e8                alt_irq_init
                0x000000000000881c                alt_sys_init
 .text          0x0000000000008bf4      0x164 /home/codedwrench/Dropbox/school/nios/ucoshello_bsp//libucosii_bsp.a(altera_avalon_jtag_uart_fd.o)
                0x0000000000008bf4                altera_avalon_jtag_uart_read_fd
                0x0000000000008c54                altera_avalon_jtag_uart_write_fd
                0x0000000000008cb4                altera_avalon_jtag_uart_close_fd
                0x0000000000008d04                altera_avalon_jtag_uart_ioctl_fd
 .text          0x0000000000008d58      0x560 /home/codedwrench/Dropbox/school/nios/ucoshello_bsp//libucosii_bsp.a(altera_avalon_jtag_uart_init.o)
                0x0000000000008d58                altera_avalon_jtag_uart_init
                0x0000000000009250                altera_avalon_jtag_uart_close
 .text          0x00000000000092b8       0xec /home/codedwrench/Dropbox/school/nios/ucoshello_bsp//libucosii_bsp.a(altera_avalon_jtag_uart_ioctl.o)
                0x00000000000092b8                altera_avalon_jtag_uart_ioctl
 .text          0x00000000000093a4      0x2b4 /home/codedwrench/Dropbox/school/nios/ucoshello_bsp//libucosii_bsp.a(altera_avalon_jtag_uart_read.o)
                0x00000000000093a4                altera_avalon_jtag_uart_read
 .text          0x0000000000009658      0x2c0 /home/codedwrench/Dropbox/school/nios/ucoshello_bsp//libucosii_bsp.a(altera_avalon_jtag_uart_write.o)
                0x0000000000009658                altera_avalon_jtag_uart_write
 .text          0x0000000000009918       0xf8 /home/codedwrench/Dropbox/school/nios/ucoshello_bsp//libucosii_bsp.a(altera_avalon_timer_sc.o)
                0x0000000000009990                alt_avalon_timer_sc_init
 .text          0x0000000000009a10      0x4d8 /home/codedwrench/Dropbox/school/nios/ucoshello_bsp//libucosii_bsp.a(altera_up_avalon_character_lcd.o)
                0x0000000000009a10                get_DDRAM_addr
                0x0000000000009a84                alt_up_character_lcd_send_cmd
                0x0000000000009ac0                alt_up_character_lcd_init
                0x0000000000009af4                alt_up_character_lcd_open_dev
                0x0000000000009b34                alt_up_character_lcd_write
                0x0000000000009bac                alt_up_character_lcd_string
                0x0000000000009c20                alt_up_character_lcd_write_fd
                0x0000000000009c70                alt_up_character_lcd_set_cursor_pos
                0x0000000000009ce4                alt_up_character_lcd_shift_cursor
                0x0000000000009d6c                alt_up_character_lcd_shift_display
                0x0000000000009df4                alt_up_character_lcd_erase_pos
                0x0000000000009e80                alt_up_character_lcd_cursor_off
                0x0000000000009eb4                alt_up_character_lcd_cursor_blink_on
 .text          0x0000000000009ee8      0x388 /home/codedwrench/Dropbox/school/nios/ucoshello_bsp//libucosii_bsp.a(altera_up_avalon_irda.o)
                0x0000000000009ee8                alt_up_irda_enable_read_interrupt
                0x0000000000009f40                alt_up_irda_disable_read_interrupt
                0x0000000000009f9c                alt_up_irda_get_used_space_in_read_FIFO
                0x0000000000009fdc                alt_up_irda_get_available_space_in_write_FIFO
                0x000000000000a018                alt_up_irda_check_parity
                0x000000000000a05c                alt_up_irda_write_data
                0x000000000000a09c                alt_up_irda_read_data
                0x000000000000a110                alt_up_irda_read_fd
                0x000000000000a1a0                alt_up_irda_write_fd
                0x000000000000a230                alt_up_irda_open_dev
 .text          0x000000000000a270      0x6b4 /home/codedwrench/Dropbox/school/nios/ucoshello_bsp//libucosii_bsp.a(altera_up_avalon_ps2.o)
                0x000000000000a270                read_RI_bit
                0x000000000000a2a4                read_RE_bit
                0x000000000000a2d4                read_CE_bit
                0x000000000000a308                read_num_bytes_available
                0x000000000000a338                read_data_valid
                0x000000000000a36c                read_data_byte
                0x000000000000a398                alt_up_ps2_init
                0x000000000000a45c                alt_up_ps2_enable_read_interrupt
                0x000000000000a4b4                alt_up_ps2_disable_read_interrupt
                0x000000000000a510                alt_up_ps2_write_data_byte
                0x000000000000a584                alt_up_ps2_wait_for_ack
                0x000000000000a5f4                alt_up_ps2_write_data_byte_with_ack
                0x000000000000a658                alt_up_ps2_read_data_byte_timeout
                0x000000000000a6fc                alt_up_ps2_read_data_byte
                0x000000000000a76c                alt_up_ps2_clear_fifo
                0x000000000000a7c0                alt_up_ps2_read_fd
                0x000000000000a84c                alt_up_ps2_write_fd
                0x000000000000a8e4                alt_up_ps2_open_dev
 .text          0x000000000000a924      0x38c /home/codedwrench/Dropbox/school/nios/ucoshello_bsp//libucosii_bsp.a(altera_up_avalon_rs232.o)
                0x000000000000a924                alt_up_rs232_enable_read_interrupt
                0x000000000000a97c                alt_up_rs232_disable_read_interrupt
                0x000000000000a9d8                alt_up_rs232_get_used_space_in_read_FIFO
                0x000000000000aa18                alt_up_rs232_get_available_space_in_write_FIFO
                0x000000000000aa54                alt_up_rs232_check_parity
                0x000000000000aa98                alt_up_rs232_write_data
                0x000000000000aad8                alt_up_rs232_read_data
                0x000000000000ab4c                alt_up_rs232_read_fd
                0x000000000000abdc                alt_up_rs232_write_fd
                0x000000000000ac70                alt_up_rs232_open_dev
 .text          0x000000000000acb0      0x2e8 /home/codedwrench/Dropbox/school/nios/ucoshello_bsp//libucosii_bsp.a(altera_up_avalon_video_character_buffer_with_dma.o)
                0x000000000000acb0                alt_up_char_buffer_init
                0x000000000000ad30                alt_up_char_buffer_open_dev
                0x000000000000ad70                alt_up_char_buffer_draw
                0x000000000000ae3c                alt_up_char_buffer_string
                0x000000000000af3c                alt_up_char_buffer_clear
 .text          0x000000000000af98      0xed0 /home/codedwrench/Dropbox/school/nios/ucoshello_bsp//libucosii_bsp.a(altera_up_avalon_video_pixel_buffer_dma.o)
                0x000000000000af98                alt_up_pixel_buffer_dma_open_dev
                0x000000000000afd8                alt_up_pixel_buffer_dma_draw
                0x000000000000b16c                alt_up_pixel_buffer_dma_change_back_buffer_address
                0x000000000000b1c8                alt_up_pixel_buffer_dma_swap_buffers
                0x000000000000b228                alt_up_pixel_buffer_dma_check_swap_buffers_status
                0x000000000000b25c                alt_up_pixel_buffer_dma_clear_screen
                0x000000000000b384                alt_up_pixel_buffer_dma_draw_box
                0x000000000000b66c                alt_up_pixel_buffer_dma_draw_hline
                0x000000000000b880                alt_up_pixel_buffer_dma_draw_vline
                0x000000000000bad8                alt_up_pixel_buffer_dma_draw_rectangle
                0x000000000000bb9c                helper_plot_pixel
                0x000000000000bc1c                alt_up_pixel_buffer_dma_draw_line
 .text          0x000000000000be68      0x140 /home/codedwrench/Dropbox/school/nios/ucoshello_bsp//libucosii_bsp.a(alt_alarm_start.o)
                0x000000000000be68                alt_alarm_start
 .text          0x000000000000bfa8      0x120 /home/codedwrench/Dropbox/school/nios/ucoshello_bsp//libucosii_bsp.a(alt_close.o)
                0x000000000000bff8                close
 .text          0x000000000000c0c8       0x1c /home/codedwrench/Dropbox/school/nios/ucoshello_bsp//libucosii_bsp.a(alt_dcache_flush_all.o)
                0x000000000000c0c8                alt_dcache_flush_all
 .text          0x000000000000c0e4       0x2c /home/codedwrench/Dropbox/school/nios/ucoshello_bsp//libucosii_bsp.a(alt_dev.o)
 .text          0x000000000000c110       0xf4 /home/codedwrench/Dropbox/school/nios/ucoshello_bsp//libucosii_bsp.a(alt_dev_llist_insert.o)
                0x000000000000c160                alt_dev_llist_insert
 .text          0x000000000000c204       0x5c /home/codedwrench/Dropbox/school/nios/ucoshello_bsp//libucosii_bsp.a(alt_do_ctors.o)
                0x000000000000c204                _do_ctors
 .text          0x000000000000c260       0x5c /home/codedwrench/Dropbox/school/nios/ucoshello_bsp//libucosii_bsp.a(alt_do_dtors.o)
                0x000000000000c260                _do_dtors
 .text          0x000000000000c2bc        0x0 /home/codedwrench/Dropbox/school/nios/ucoshello_bsp//libucosii_bsp.a(alt_errno.o)
 .text          0x000000000000c2bc       0x90 /home/codedwrench/Dropbox/school/nios/ucoshello_bsp//libucosii_bsp.a(alt_find_dev.o)
                0x000000000000c2bc                alt_find_dev
 .text          0x000000000000c34c       0x30 /home/codedwrench/Dropbox/school/nios/ucoshello_bsp//libucosii_bsp.a(alt_icache_flush_all.o)
                0x000000000000c34c                alt_icache_flush_all
 .text          0x000000000000c37c      0x138 /home/codedwrench/Dropbox/school/nios/ucoshello_bsp//libucosii_bsp.a(alt_io_redirect.o)
                0x000000000000c43c                alt_io_redirect
 .text          0x000000000000c4b4      0x1b0 /home/codedwrench/Dropbox/school/nios/ucoshello_bsp//libucosii_bsp.a(alt_irq_register.o)
                0x000000000000c4b4                alt_irq_register
 .text          0x000000000000c664        0x0 /home/codedwrench/Dropbox/school/nios/ucoshello_bsp//libucosii_bsp.a(alt_irq_vars.o)
 .text          0x000000000000c664      0x274 /home/codedwrench/Dropbox/school/nios/ucoshello_bsp//libucosii_bsp.a(alt_open.o)
                0x000000000000c780                open
 .text          0x000000000000c8d8       0x60 /home/codedwrench/Dropbox/school/nios/ucoshello_bsp//libucosii_bsp.a(alt_release_fd.o)
                0x000000000000c8d8                alt_release_fd
 .text          0x000000000000c938      0x19c /home/codedwrench/Dropbox/school/nios/ucoshello_bsp//libucosii_bsp.a(alt_tick.o)
                0x000000000000c938                alt_alarm_stop
                0x000000000000c9d0                alt_tick
 .text          0x000000000000cad4       0x20 /home/codedwrench/Dropbox/school/nios/ucoshello_bsp//libucosii_bsp.a(altera_nios2_gen2_irq.o)
                0x000000000000cad4                altera_nios2_gen2_irq_init
 .text          0x000000000000caf4       0xd0 /home/codedwrench/Dropbox/school/nios/ucoshello_bsp//libucosii_bsp.a(os_cpu_a.o)
                0x000000000000caf4                OSCtxSw
                0x000000000000caf4                OSIntCtxSw
                0x000000000000cb80                OSStartHighRdy
                0x000000000000cba0                OSStartTsk
 .text          0x000000000000cbc4      0x264 /home/codedwrench/Dropbox/school/nios/ucoshello_bsp//libucosii_bsp.a(os_cpu_c.o)
                0x000000000000cbc4                OSTaskStkInit
                0x000000000000cd20                OSTaskCreateHook
                0x000000000000cd40                OSTaskDelHook
                0x000000000000cd60                OSTaskSwHook
                0x000000000000cd7c                OSTaskStatHook
                0x000000000000cd98                OSTimeTickHook
                0x000000000000cdb4                OSInitHookBegin
                0x000000000000cdd0                OSInitHookEnd
                0x000000000000cdec                OSTaskIdleHook
                0x000000000000ce08                OSTCBInitHook
 .text          0x000000000000ce28      0x114 /home/codedwrench/Dropbox/school/nios/ucoshello_bsp//libucosii_bsp.a(alt_find_file.o)
                0x000000000000ce28                alt_find_file
 .text          0x000000000000cf3c       0xfc /home/codedwrench/Dropbox/school/nios/ucoshello_bsp//libucosii_bsp.a(alt_get_fd.o)
                0x000000000000cf3c                alt_get_fd
 .text          0x000000000000d038       0x8c /home/codedwrench/Dropbox/school/nios/ucoshello_bsp//libucosii_bsp.a(alt_icache_flush.o)
                0x000000000000d038                alt_icache_flush
 .text          0x000000000000d0c4        0x0 /home/codedwrench/Dropbox/school/nios/ucoshello_bsp//libucosii_bsp.a(alt_irq_entry.o)
 .text          0x000000000000d0c4        0x0 /home/codedwrench/Dropbox/school/nios/ucoshello_bsp//libucosii_bsp.a(alt_irq_handler.o)
 .text          0x000000000000d0c4        0x0 /home/codedwrench/Dropbox/school/nios/ucoshello_bsp//libucosii_bsp.a(alt_exception_entry.o)
 .text          0x000000000000d0c4       0x9c /home/codedwrench/Dropbox/school/nios/ucoshello_bsp//libucosii_bsp.a(alt_instruction_exception_entry.o)
                0x000000000000d0c4                alt_exception_cause_generated_bad_addr
 .text          0x000000000000d160        0x0 /home/codedwrench/altera_lite/15.1/nios2eds/bin/gnu/H-x86_64-pc-linux-gnu/bin/../lib/gcc/nios2-elf/4.9.2/../../../../../H-x86_64-pc-linux-gnu/nios2-elf/lib/mhw-mulx/libc.a(lib_a-atexit.o)
 .text.atexit   0x000000000000d160       0x14 /home/codedwrench/altera_lite/15.1/nios2eds/bin/gnu/H-x86_64-pc-linux-gnu/bin/../lib/gcc/nios2-elf/4.9.2/../../../../../H-x86_64-pc-linux-gnu/nios2-elf/lib/mhw-mulx/libc.a(lib_a-atexit.o)
                0x000000000000d160                atexit
 .text          0x000000000000d174        0x0 /home/codedwrench/altera_lite/15.1/nios2eds/bin/gnu/H-x86_64-pc-linux-gnu/bin/../lib/gcc/nios2-elf/4.9.2/../../../../../H-x86_64-pc-linux-gnu/nios2-elf/lib/mhw-mulx/libc.a(lib_a-exit.o)
 .text.exit     0x000000000000d174       0x38 /home/codedwrench/altera_lite/15.1/nios2eds/bin/gnu/H-x86_64-pc-linux-gnu/bin/../lib/gcc/nios2-elf/4.9.2/../../../../../H-x86_64-pc-linux-gnu/nios2-elf/lib/mhw-mulx/libc.a(lib_a-exit.o)
                0x000000000000d174                exit
 .text          0x000000000000d1ac        0x0 /home/codedwrench/altera_lite/15.1/nios2eds/bin/gnu/H-x86_64-pc-linux-gnu/bin/../lib/gcc/nios2-elf/4.9.2/../../../../../H-x86_64-pc-linux-gnu/nios2-elf/lib/mhw-mulx/libc.a(lib_a-impure.o)
 .text          0x000000000000d1ac        0x0 /home/codedwrench/altera_lite/15.1/nios2eds/bin/gnu/H-x86_64-pc-linux-gnu/bin/../lib/gcc/nios2-elf/4.9.2/../../../../../H-x86_64-pc-linux-gnu/nios2-elf/lib/mhw-mulx/libc.a(lib_a-int_errno.o)
 .text          0x000000000000d1ac        0x0 /home/codedwrench/altera_lite/15.1/nios2eds/bin/gnu/H-x86_64-pc-linux-gnu/bin/../lib/gcc/nios2-elf/4.9.2/../../../../../H-x86_64-pc-linux-gnu/nios2-elf/lib/mhw-mulx/libc.a(lib_a-memcmp.o)
 .text.memcmp   0x000000000000d1ac       0x7c /home/codedwrench/altera_lite/15.1/nios2eds/bin/gnu/H-x86_64-pc-linux-gnu/bin/../lib/gcc/nios2-elf/4.9.2/../../../../../H-x86_64-pc-linux-gnu/nios2-elf/lib/mhw-mulx/libc.a(lib_a-memcmp.o)
                0x000000000000d1ac                memcmp
 .text          0x000000000000d228        0x0 /home/codedwrench/altera_lite/15.1/nios2eds/bin/gnu/H-x86_64-pc-linux-gnu/bin/../lib/gcc/nios2-elf/4.9.2/../../../../../H-x86_64-pc-linux-gnu/nios2-elf/lib/mhw-mulx/libc.a(lib_a-memcpy.o)
 .text.memcpy   0x000000000000d228      0x138 /home/codedwrench/altera_lite/15.1/nios2eds/bin/gnu/H-x86_64-pc-linux-gnu/bin/../lib/gcc/nios2-elf/4.9.2/../../../../../H-x86_64-pc-linux-gnu/nios2-elf/lib/mhw-mulx/libc.a(lib_a-memcpy.o)
                0x000000000000d228                memcpy
 .text          0x000000000000d360        0x0 /home/codedwrench/altera_lite/15.1/nios2eds/bin/gnu/H-x86_64-pc-linux-gnu/bin/../lib/gcc/nios2-elf/4.9.2/../../../../../H-x86_64-pc-linux-gnu/nios2-elf/lib/mhw-mulx/libc.a(lib_a-memset.o)
 .text.memset   0x000000000000d360      0x124 /home/codedwrench/altera_lite/15.1/nios2eds/bin/gnu/H-x86_64-pc-linux-gnu/bin/../lib/gcc/nios2-elf/4.9.2/../../../../../H-x86_64-pc-linux-gnu/nios2-elf/lib/mhw-mulx/libc.a(lib_a-memset.o)
                0x000000000000d360                memset
 .text          0x000000000000d484        0x0 /home/codedwrench/altera_lite/15.1/nios2eds/bin/gnu/H-x86_64-pc-linux-gnu/bin/../lib/gcc/nios2-elf/4.9.2/../../../../../H-x86_64-pc-linux-gnu/nios2-elf/lib/mhw-mulx/libc.a(lib_a-putc.o)
 .text._putc_r  0x000000000000d484       0xa0 /home/codedwrench/altera_lite/15.1/nios2eds/bin/gnu/H-x86_64-pc-linux-gnu/bin/../lib/gcc/nios2-elf/4.9.2/../../../../../H-x86_64-pc-linux-gnu/nios2-elf/lib/mhw-mulx/libc.a(lib_a-putc.o)
                0x000000000000d484                _putc_r
 .text.putc     0x000000000000d524       0xcc /home/codedwrench/altera_lite/15.1/nios2eds/bin/gnu/H-x86_64-pc-linux-gnu/bin/../lib/gcc/nios2-elf/4.9.2/../../../../../H-x86_64-pc-linux-gnu/nios2-elf/lib/mhw-mulx/libc.a(lib_a-putc.o)
                0x000000000000d524                putc
 .text          0x000000000000d5f0        0x0 /home/codedwrench/altera_lite/15.1/nios2eds/bin/gnu/H-x86_64-pc-linux-gnu/bin/../lib/gcc/nios2-elf/4.9.2/../../../../../H-x86_64-pc-linux-gnu/nios2-elf/lib/mhw-mulx/libc.a(lib_a-strcmp.o)
 .text.strcmp   0x000000000000d5f0       0xa4 /home/codedwrench/altera_lite/15.1/nios2eds/bin/gnu/H-x86_64-pc-linux-gnu/bin/../lib/gcc/nios2-elf/4.9.2/../../../../../H-x86_64-pc-linux-gnu/nios2-elf/lib/mhw-mulx/libc.a(lib_a-strcmp.o)
                0x000000000000d5f0                strcmp
 .text          0x000000000000d694        0x0 /home/codedwrench/altera_lite/15.1/nios2eds/bin/gnu/H-x86_64-pc-linux-gnu/bin/../lib/gcc/nios2-elf/4.9.2/../../../../../H-x86_64-pc-linux-gnu/nios2-elf/lib/mhw-mulx/libc.a(lib_a-strlen.o)
 .text.strlen   0x000000000000d694       0x98 /home/codedwrench/altera_lite/15.1/nios2eds/bin/gnu/H-x86_64-pc-linux-gnu/bin/../lib/gcc/nios2-elf/4.9.2/../../../../../H-x86_64-pc-linux-gnu/nios2-elf/lib/mhw-mulx/libc.a(lib_a-strlen.o)
                0x000000000000d694                strlen
 .text          0x000000000000d72c        0x0 /home/codedwrench/altera_lite/15.1/nios2eds/bin/gnu/H-x86_64-pc-linux-gnu/bin/../lib/gcc/nios2-elf/4.9.2/../../../../../H-x86_64-pc-linux-gnu/nios2-elf/lib/mhw-mulx/libc.a(lib_a-wbuf.o)
 .text.__swbuf_r
                0x000000000000d72c      0x138 /home/codedwrench/altera_lite/15.1/nios2eds/bin/gnu/H-x86_64-pc-linux-gnu/bin/../lib/gcc/nios2-elf/4.9.2/../../../../../H-x86_64-pc-linux-gnu/nios2-elf/lib/mhw-mulx/libc.a(lib_a-wbuf.o)
                0x000000000000d72c                __swbuf_r
 .text.__swbuf  0x000000000000d864       0x1c /home/codedwrench/altera_lite/15.1/nios2eds/bin/gnu/H-x86_64-pc-linux-gnu/bin/../lib/gcc/nios2-elf/4.9.2/../../../../../H-x86_64-pc-linux-gnu/nios2-elf/lib/mhw-mulx/libc.a(lib_a-wbuf.o)
                0x000000000000d864                __swbuf
 .text          0x000000000000d880        0x0 /home/codedwrench/altera_lite/15.1/nios2eds/bin/gnu/H-x86_64-pc-linux-gnu/bin/../lib/gcc/nios2-elf/4.9.2/../../../../../H-x86_64-pc-linux-gnu/nios2-elf/lib/mhw-mulx/libc.a(lib_a-wsetup.o)
 .text.__swsetup_r
                0x000000000000d880      0x154 /home/codedwrench/altera_lite/15.1/nios2eds/bin/gnu/H-x86_64-pc-linux-gnu/bin/../lib/gcc/nios2-elf/4.9.2/../../../../../H-x86_64-pc-linux-gnu/nios2-elf/lib/mhw-mulx/libc.a(lib_a-wsetup.o)
                0x000000000000d880                __swsetup_r
 .text          0x000000000000d9d4        0x0 /home/codedwrench/altera_lite/15.1/nios2eds/bin/gnu/H-x86_64-pc-linux-gnu/bin/../lib/gcc/nios2-elf/4.9.2/../../../../../H-x86_64-pc-linux-gnu/nios2-elf/lib/mhw-mulx/libc.a(lib_a-__atexit.o)
 .text.__register_exitproc
                0x000000000000d9d4      0x114 /home/codedwrench/altera_lite/15.1/nios2eds/bin/gnu/H-x86_64-pc-linux-gnu/bin/../lib/gcc/nios2-elf/4.9.2/../../../../../H-x86_64-pc-linux-gnu/nios2-elf/lib/mhw-mulx/libc.a(lib_a-__atexit.o)
                0x000000000000d9d4                __register_exitproc
 .text          0x000000000000dae8        0x0 /home/codedwrench/altera_lite/15.1/nios2eds/bin/gnu/H-x86_64-pc-linux-gnu/bin/../lib/gcc/nios2-elf/4.9.2/../../../../../H-x86_64-pc-linux-gnu/nios2-elf/lib/mhw-mulx/libc.a(lib_a-__call_atexit.o)
 .text.__call_exitprocs
                0x000000000000dae8      0x194 /home/codedwrench/altera_lite/15.1/nios2eds/bin/gnu/H-x86_64-pc-linux-gnu/bin/../lib/gcc/nios2-elf/4.9.2/../../../../../H-x86_64-pc-linux-gnu/nios2-elf/lib/mhw-mulx/libc.a(lib_a-__call_atexit.o)
                0x000000000000dae8                __call_exitprocs
 .text          0x000000000000dc7c        0x0 /home/codedwrench/altera_lite/15.1/nios2eds/bin/gnu/H-x86_64-pc-linux-gnu/bin/../lib/gcc/nios2-elf/4.9.2/../../../../../H-x86_64-pc-linux-gnu/nios2-elf/lib/mhw-mulx/libc.a(lib_a-fflush.o)
 .text.__sflush_r
                0x000000000000dc7c      0x208 /home/codedwrench/altera_lite/15.1/nios2eds/bin/gnu/H-x86_64-pc-linux-gnu/bin/../lib/gcc/nios2-elf/4.9.2/../../../../../H-x86_64-pc-linux-gnu/nios2-elf/lib/mhw-mulx/libc.a(lib_a-fflush.o)
                0x000000000000dc7c                __sflush_r
 .text._fflush_r
                0x000000000000de84       0x5c /home/codedwrench/altera_lite/15.1/nios2eds/bin/gnu/H-x86_64-pc-linux-gnu/bin/../lib/gcc/nios2-elf/4.9.2/../../../../../H-x86_64-pc-linux-gnu/nios2-elf/lib/mhw-mulx/libc.a(lib_a-fflush.o)
                0x000000000000de84                _fflush_r
 .text.fflush   0x000000000000dee0       0x30 /home/codedwrench/altera_lite/15.1/nios2eds/bin/gnu/H-x86_64-pc-linux-gnu/bin/../lib/gcc/nios2-elf/4.9.2/../../../../../H-x86_64-pc-linux-gnu/nios2-elf/lib/mhw-mulx/libc.a(lib_a-fflush.o)
                0x000000000000dee0                fflush
 .text          0x000000000000df10        0x0 /home/codedwrench/altera_lite/15.1/nios2eds/bin/gnu/H-x86_64-pc-linux-gnu/bin/../lib/gcc/nios2-elf/4.9.2/../../../../../H-x86_64-pc-linux-gnu/nios2-elf/lib/mhw-mulx/libc.a(lib_a-findfp.o)
 .text.__fp_lock
                0x000000000000df10        0x8 /home/codedwrench/altera_lite/15.1/nios2eds/bin/gnu/H-x86_64-pc-linux-gnu/bin/../lib/gcc/nios2-elf/4.9.2/../../../../../H-x86_64-pc-linux-gnu/nios2-elf/lib/mhw-mulx/libc.a(lib_a-findfp.o)
 .text.__fp_unlock
                0x000000000000df18        0x8 /home/codedwrench/altera_lite/15.1/nios2eds/bin/gnu/H-x86_64-pc-linux-gnu/bin/../lib/gcc/nios2-elf/4.9.2/../../../../../H-x86_64-pc-linux-gnu/nios2-elf/lib/mhw-mulx/libc.a(lib_a-findfp.o)
 .text._cleanup_r
                0x000000000000df20        0xc /home/codedwrench/altera_lite/15.1/nios2eds/bin/gnu/H-x86_64-pc-linux-gnu/bin/../lib/gcc/nios2-elf/4.9.2/../../../../../H-x86_64-pc-linux-gnu/nios2-elf/lib/mhw-mulx/libc.a(lib_a-findfp.o)
                0x000000000000df20                _cleanup_r
 .text.__sinit.part.1
                0x000000000000df2c      0x19c /home/codedwrench/altera_lite/15.1/nios2eds/bin/gnu/H-x86_64-pc-linux-gnu/bin/../lib/gcc/nios2-elf/4.9.2/../../../../../H-x86_64-pc-linux-gnu/nios2-elf/lib/mhw-mulx/libc.a(lib_a-findfp.o)
 .text.__sfmoreglue
                0x000000000000e0c8       0x68 /home/codedwrench/altera_lite/15.1/nios2eds/bin/gnu/H-x86_64-pc-linux-gnu/bin/../lib/gcc/nios2-elf/4.9.2/../../../../../H-x86_64-pc-linux-gnu/nios2-elf/lib/mhw-mulx/libc.a(lib_a-findfp.o)
                0x000000000000e0c8                __sfmoreglue
 .text.__sfp    0x000000000000e130      0x118 /home/codedwrench/altera_lite/15.1/nios2eds/bin/gnu/H-x86_64-pc-linux-gnu/bin/../lib/gcc/nios2-elf/4.9.2/../../../../../H-x86_64-pc-linux-gnu/nios2-elf/lib/mhw-mulx/libc.a(lib_a-findfp.o)
                0x000000000000e130                __sfp
 .text._cleanup
                0x000000000000e248       0x18 /home/codedwrench/altera_lite/15.1/nios2eds/bin/gnu/H-x86_64-pc-linux-gnu/bin/../lib/gcc/nios2-elf/4.9.2/../../../../../H-x86_64-pc-linux-gnu/nios2-elf/lib/mhw-mulx/libc.a(lib_a-findfp.o)
                0x000000000000e248                _cleanup
 .text.__sinit  0x000000000000e260       0x10 /home/codedwrench/altera_lite/15.1/nios2eds/bin/gnu/H-x86_64-pc-linux-gnu/bin/../lib/gcc/nios2-elf/4.9.2/../../../../../H-x86_64-pc-linux-gnu/nios2-elf/lib/mhw-mulx/libc.a(lib_a-findfp.o)
                0x000000000000e260                __sinit
 .text.__sfp_lock_acquire
                0x000000000000e270        0x4 /home/codedwrench/altera_lite/15.1/nios2eds/bin/gnu/H-x86_64-pc-linux-gnu/bin/../lib/gcc/nios2-elf/4.9.2/../../../../../H-x86_64-pc-linux-gnu/nios2-elf/lib/mhw-mulx/libc.a(lib_a-findfp.o)
                0x000000000000e270                __sfp_lock_acquire
 .text.__sfp_lock_release
                0x000000000000e274        0x4 /home/codedwrench/altera_lite/15.1/nios2eds/bin/gnu/H-x86_64-pc-linux-gnu/bin/../lib/gcc/nios2-elf/4.9.2/../../../../../H-x86_64-pc-linux-gnu/nios2-elf/lib/mhw-mulx/libc.a(lib_a-findfp.o)
                0x000000000000e274                __sfp_lock_release
 .text.__sinit_lock_acquire
                0x000000000000e278        0x4 /home/codedwrench/altera_lite/15.1/nios2eds/bin/gnu/H-x86_64-pc-linux-gnu/bin/../lib/gcc/nios2-elf/4.9.2/../../../../../H-x86_64-pc-linux-gnu/nios2-elf/lib/mhw-mulx/libc.a(lib_a-findfp.o)
                0x000000000000e278                __sinit_lock_acquire
 .text.__sinit_lock_release
                0x000000000000e27c        0x4 /home/codedwrench/altera_lite/15.1/nios2eds/bin/gnu/H-x86_64-pc-linux-gnu/bin/../lib/gcc/nios2-elf/4.9.2/../../../../../H-x86_64-pc-linux-gnu/nios2-elf/lib/mhw-mulx/libc.a(lib_a-findfp.o)
                0x000000000000e27c                __sinit_lock_release
 .text.__fp_lock_all
                0x000000000000e280       0x18 /home/codedwrench/altera_lite/15.1/nios2eds/bin/gnu/H-x86_64-pc-linux-gnu/bin/../lib/gcc/nios2-elf/4.9.2/../../../../../H-x86_64-pc-linux-gnu/nios2-elf/lib/mhw-mulx/libc.a(lib_a-findfp.o)
                0x000000000000e280                __fp_lock_all
 .text.__fp_unlock_all
                0x000000000000e298       0x18 /home/codedwrench/altera_lite/15.1/nios2eds/bin/gnu/H-x86_64-pc-linux-gnu/bin/../lib/gcc/nios2-elf/4.9.2/../../../../../H-x86_64-pc-linux-gnu/nios2-elf/lib/mhw-mulx/libc.a(lib_a-findfp.o)
                0x000000000000e298                __fp_unlock_all
 .text          0x000000000000e2b0        0x0 /home/codedwrench/altera_lite/15.1/nios2eds/bin/gnu/H-x86_64-pc-linux-gnu/bin/../lib/gcc/nios2-elf/4.9.2/../../../../../H-x86_64-pc-linux-gnu/nios2-elf/lib/mhw-mulx/libc.a(lib_a-freer.o)
 .text._malloc_trim_r
                0x000000000000e2b0      0x124 /home/codedwrench/altera_lite/15.1/nios2eds/bin/gnu/H-x86_64-pc-linux-gnu/bin/../lib/gcc/nios2-elf/4.9.2/../../../../../H-x86_64-pc-linux-gnu/nios2-elf/lib/mhw-mulx/libc.a(lib_a-freer.o)
                0x000000000000e2b0                _malloc_trim_r
 .text._free_r  0x000000000000e3d4      0x2f0 /home/codedwrench/altera_lite/15.1/nios2eds/bin/gnu/H-x86_64-pc-linux-gnu/bin/../lib/gcc/nios2-elf/4.9.2/../../../../../H-x86_64-pc-linux-gnu/nios2-elf/lib/mhw-mulx/libc.a(lib_a-freer.o)
                0x000000000000e3d4                _free_r
 .text          0x000000000000e6c4        0x0 /home/codedwrench/altera_lite/15.1/nios2eds/bin/gnu/H-x86_64-pc-linux-gnu/bin/../lib/gcc/nios2-elf/4.9.2/../../../../../H-x86_64-pc-linux-gnu/nios2-elf/lib/mhw-mulx/libc.a(lib_a-fwalk.o)
 .text._fwalk   0x000000000000e6c4       0xc4 /home/codedwrench/altera_lite/15.1/nios2eds/bin/gnu/H-x86_64-pc-linux-gnu/bin/../lib/gcc/nios2-elf/4.9.2/../../../../../H-x86_64-pc-linux-gnu/nios2-elf/lib/mhw-mulx/libc.a(lib_a-fwalk.o)
                0x000000000000e6c4                _fwalk
 .text._fwalk_reent
                0x000000000000e788       0xc4 /home/codedwrench/altera_lite/15.1/nios2eds/bin/gnu/H-x86_64-pc-linux-gnu/bin/../lib/gcc/nios2-elf/4.9.2/../../../../../H-x86_64-pc-linux-gnu/nios2-elf/lib/mhw-mulx/libc.a(lib_a-fwalk.o)
                0x000000000000e788                _fwalk_reent
 .text          0x000000000000e84c        0x0 /home/codedwrench/altera_lite/15.1/nios2eds/bin/gnu/H-x86_64-pc-linux-gnu/bin/../lib/gcc/nios2-elf/4.9.2/../../../../../H-x86_64-pc-linux-gnu/nios2-elf/lib/mhw-mulx/libc.a(lib_a-makebuf.o)
 .text.__smakebuf_r
                0x000000000000e84c      0x1b8 /home/codedwrench/altera_lite/15.1/nios2eds/bin/gnu/H-x86_64-pc-linux-gnu/bin/../lib/gcc/nios2-elf/4.9.2/../../../../../H-x86_64-pc-linux-gnu/nios2-elf/lib/mhw-mulx/libc.a(lib_a-makebuf.o)
                0x000000000000e84c                __smakebuf_r
 .text          0x000000000000ea04        0x0 /home/codedwrench/altera_lite/15.1/nios2eds/bin/gnu/H-x86_64-pc-linux-gnu/bin/../lib/gcc/nios2-elf/4.9.2/../../../../../H-x86_64-pc-linux-gnu/nios2-elf/lib/mhw-mulx/libc.a(lib_a-mallocr.o)
 .text._malloc_r
                0x000000000000ea04      0x7a8 /home/codedwrench/altera_lite/15.1/nios2eds/bin/gnu/H-x86_64-pc-linux-gnu/bin/../lib/gcc/nios2-elf/4.9.2/../../../../../H-x86_64-pc-linux-gnu/nios2-elf/lib/mhw-mulx/libc.a(lib_a-mallocr.o)
                0x000000000000ea04                _malloc_r
 .text          0x000000000000f1ac        0x0 /home/codedwrench/altera_lite/15.1/nios2eds/bin/gnu/H-x86_64-pc-linux-gnu/bin/../lib/gcc/nios2-elf/4.9.2/../../../../../H-x86_64-pc-linux-gnu/nios2-elf/lib/mhw-mulx/libc.a(lib_a-sbrkr.o)
 .text._sbrk_r  0x000000000000f1ac       0x54 /home/codedwrench/altera_lite/15.1/nios2eds/bin/gnu/H-x86_64-pc-linux-gnu/bin/../lib/gcc/nios2-elf/4.9.2/../../../../../H-x86_64-pc-linux-gnu/nios2-elf/lib/mhw-mulx/libc.a(lib_a-sbrkr.o)
                0x000000000000f1ac                _sbrk_r
 .text          0x000000000000f200        0x0 /home/codedwrench/altera_lite/15.1/nios2eds/bin/gnu/H-x86_64-pc-linux-gnu/bin/../lib/gcc/nios2-elf/4.9.2/../../../../../H-x86_64-pc-linux-gnu/nios2-elf/lib/mhw-mulx/libc.a(lib_a-stdio.o)
 .text.__sread  0x000000000000f200       0x54 /home/codedwrench/altera_lite/15.1/nios2eds/bin/gnu/H-x86_64-pc-linux-gnu/bin/../lib/gcc/nios2-elf/4.9.2/../../../../../H-x86_64-pc-linux-gnu/nios2-elf/lib/mhw-mulx/libc.a(lib_a-stdio.o)
                0x000000000000f200                __sread
 .text.__seofread
                0x000000000000f254        0x8 /home/codedwrench/altera_lite/15.1/nios2eds/bin/gnu/H-x86_64-pc-linux-gnu/bin/../lib/gcc/nios2-elf/4.9.2/../../../../../H-x86_64-pc-linux-gnu/nios2-elf/lib/mhw-mulx/libc.a(lib_a-stdio.o)
                0x000000000000f254                __seofread
 .text.__swrite
                0x000000000000f25c       0x7c /home/codedwrench/altera_lite/15.1/nios2eds/bin/gnu/H-x86_64-pc-linux-gnu/bin/../lib/gcc/nios2-elf/4.9.2/../../../../../H-x86_64-pc-linux-gnu/nios2-elf/lib/mhw-mulx/libc.a(lib_a-stdio.o)
                0x000000000000f25c                __swrite
 .text.__sseek  0x000000000000f2d8       0x5c /home/codedwrench/altera_lite/15.1/nios2eds/bin/gnu/H-x86_64-pc-linux-gnu/bin/../lib/gcc/nios2-elf/4.9.2/../../../../../H-x86_64-pc-linux-gnu/nios2-elf/lib/mhw-mulx/libc.a(lib_a-stdio.o)
                0x000000000000f2d8                __sseek
 .text.__sclose
                0x000000000000f334        0x8 /home/codedwrench/altera_lite/15.1/nios2eds/bin/gnu/H-x86_64-pc-linux-gnu/bin/../lib/gcc/nios2-elf/4.9.2/../../../../../H-x86_64-pc-linux-gnu/nios2-elf/lib/mhw-mulx/libc.a(lib_a-stdio.o)
                0x000000000000f334                __sclose
 .text          0x000000000000f33c        0x0 /home/codedwrench/altera_lite/15.1/nios2eds/bin/gnu/H-x86_64-pc-linux-gnu/bin/../lib/gcc/nios2-elf/4.9.2/../../../../../H-x86_64-pc-linux-gnu/nios2-elf/lib/mhw-mulx/libc.a(lib_a-writer.o)
 .text._write_r
                0x000000000000f33c       0x5c /home/codedwrench/altera_lite/15.1/nios2eds/bin/gnu/H-x86_64-pc-linux-gnu/bin/../lib/gcc/nios2-elf/4.9.2/../../../../../H-x86_64-pc-linux-gnu/nios2-elf/lib/mhw-mulx/libc.a(lib_a-writer.o)
                0x000000000000f33c                _write_r
 .text          0x000000000000f398        0x0 /home/codedwrench/altera_lite/15.1/nios2eds/bin/gnu/H-x86_64-pc-linux-gnu/bin/../lib/gcc/nios2-elf/4.9.2/../../../../../H-x86_64-pc-linux-gnu/nios2-elf/lib/mhw-mulx/libc.a(closer.o)
 .text._close_r
                0x000000000000f398       0x54 /home/codedwrench/altera_lite/15.1/nios2eds/bin/gnu/H-x86_64-pc-linux-gnu/bin/../lib/gcc/nios2-elf/4.9.2/../../../../../H-x86_64-pc-linux-gnu/nios2-elf/lib/mhw-mulx/libc.a(closer.o)
                0x000000000000f398                _close_r
 .text          0x000000000000f3ec        0x0 /home/codedwrench/altera_lite/15.1/nios2eds/bin/gnu/H-x86_64-pc-linux-gnu/bin/../lib/gcc/nios2-elf/4.9.2/../../../../../H-x86_64-pc-linux-gnu/nios2-elf/lib/mhw-mulx/libc.a(lib_a-fclose.o)
 .text._fclose_r
                0x000000000000f3ec       0xf0 /home/codedwrench/altera_lite/15.1/nios2eds/bin/gnu/H-x86_64-pc-linux-gnu/bin/../lib/gcc/nios2-elf/4.9.2/../../../../../H-x86_64-pc-linux-gnu/nios2-elf/lib/mhw-mulx/libc.a(lib_a-fclose.o)
                0x000000000000f3ec                _fclose_r
 .text.fclose   0x000000000000f4dc       0x14 /home/codedwrench/altera_lite/15.1/nios2eds/bin/gnu/H-x86_64-pc-linux-gnu/bin/../lib/gcc/nios2-elf/4.9.2/../../../../../H-x86_64-pc-linux-gnu/nios2-elf/lib/mhw-mulx/libc.a(lib_a-fclose.o)
                0x000000000000f4dc                fclose
 .text          0x000000000000f4f0        0x0 /home/codedwrench/altera_lite/15.1/nios2eds/bin/gnu/H-x86_64-pc-linux-gnu/bin/../lib/gcc/nios2-elf/4.9.2/../../../../../H-x86_64-pc-linux-gnu/nios2-elf/lib/mhw-mulx/libc.a(lib_a-fstatr.o)
 .text._fstat_r
                0x000000000000f4f0       0x58 /home/codedwrench/altera_lite/15.1/nios2eds/bin/gnu/H-x86_64-pc-linux-gnu/bin/../lib/gcc/nios2-elf/4.9.2/../../../../../H-x86_64-pc-linux-gnu/nios2-elf/lib/mhw-mulx/libc.a(lib_a-fstatr.o)
                0x000000000000f4f0                _fstat_r
 .text          0x000000000000f548        0x0 /home/codedwrench/altera_lite/15.1/nios2eds/bin/gnu/H-x86_64-pc-linux-gnu/bin/../lib/gcc/nios2-elf/4.9.2/../../../../../H-x86_64-pc-linux-gnu/nios2-elf/lib/mhw-mulx/libc.a(lib_a-isattyr.o)
 .text._isatty_r
                0x000000000000f548       0x54 /home/codedwrench/altera_lite/15.1/nios2eds/bin/gnu/H-x86_64-pc-linux-gnu/bin/../lib/gcc/nios2-elf/4.9.2/../../../../../H-x86_64-pc-linux-gnu/nios2-elf/lib/mhw-mulx/libc.a(lib_a-isattyr.o)
                0x000000000000f548                _isatty_r
 .text          0x000000000000f59c        0x0 /home/codedwrench/altera_lite/15.1/nios2eds/bin/gnu/H-x86_64-pc-linux-gnu/bin/../lib/gcc/nios2-elf/4.9.2/../../../../../H-x86_64-pc-linux-gnu/nios2-elf/lib/mhw-mulx/libc.a(lib_a-lseekr.o)
 .text._lseek_r
                0x000000000000f59c       0x5c /home/codedwrench/altera_lite/15.1/nios2eds/bin/gnu/H-x86_64-pc-linux-gnu/bin/../lib/gcc/nios2-elf/4.9.2/../../../../../H-x86_64-pc-linux-gnu/nios2-elf/lib/mhw-mulx/libc.a(lib_a-lseekr.o)
                0x000000000000f59c                _lseek_r
 .text          0x000000000000f5f8        0x0 /home/codedwrench/altera_lite/15.1/nios2eds/bin/gnu/H-x86_64-pc-linux-gnu/bin/../lib/gcc/nios2-elf/4.9.2/../../../../../H-x86_64-pc-linux-gnu/nios2-elf/lib/mhw-mulx/libc.a(lib_a-readr.o)
 .text._read_r  0x000000000000f5f8       0x5c /home/codedwrench/altera_lite/15.1/nios2eds/bin/gnu/H-x86_64-pc-linux-gnu/bin/../lib/gcc/nios2-elf/4.9.2/../../../../../H-x86_64-pc-linux-gnu/nios2-elf/lib/mhw-mulx/libc.a(lib_a-readr.o)
                0x000000000000f5f8                _read_r
 .text          0x000000000000f654       0x3c /home/codedwrench/Dropbox/school/nios/ucoshello_bsp//libucosii_bsp.a(alt_exit.o)
                0x000000000000f654                _exit
 .text          0x000000000000f690      0x100 /home/codedwrench/Dropbox/school/nios/ucoshello_bsp//libucosii_bsp.a(alt_fstat.o)
                0x000000000000f6e0                fstat
 .text          0x000000000000f790       0xf4 /home/codedwrench/Dropbox/school/nios/ucoshello_bsp//libucosii_bsp.a(alt_isatty.o)
                0x000000000000f7e0                isatty
 .text          0x000000000000f884      0x124 /home/codedwrench/Dropbox/school/nios/ucoshello_bsp//libucosii_bsp.a(alt_lseek.o)
                0x000000000000f8d4                lseek
 .text          0x000000000000f9a8      0x14c /home/codedwrench/Dropbox/school/nios/ucoshello_bsp//libucosii_bsp.a(alt_read.o)
                0x000000000000f9f8                read
 .text          0x000000000000faf4       0xb0 /home/codedwrench/Dropbox/school/nios/ucoshello_bsp//libucosii_bsp.a(alt_sbrk.o)
                0x000000000000faf4                sbrk
 .text          0x000000000000fba4      0x148 /home/codedwrench/Dropbox/school/nios/ucoshello_bsp//libucosii_bsp.a(alt_write.o)
                0x000000000000fbf4                write
 *(.gnu.warning.*)
 *(.fini)
                0x000000000000fcec                PROVIDE (__etext, ABSOLUTE (.))
                0x000000000000fcec                PROVIDE (_etext, ABSOLUTE (.))
                0x000000000000fcec                PROVIDE (etext, ABSOLUTE (.))
 *(.eh_frame_hdr)
                0x000000000000fcec                . = ALIGN (0x4)
                0x000000000000fcec                PROVIDE (__preinit_array_start, ABSOLUTE (.))
 *(.preinit_array)
                0x000000000000fcec                PROVIDE (__preinit_array_end, ABSOLUTE (.))
                0x000000000000fcec                PROVIDE (__init_array_start, ABSOLUTE (.))
 *(.init_array)
                0x000000000000fcec                PROVIDE (__init_array_end, ABSOLUTE (.))
                0x000000000000fcec                PROVIDE (__fini_array_start, ABSOLUTE (.))
 *(.fini_array)
                0x000000000000fcec                PROVIDE (__fini_array_end, ABSOLUTE (.))
 *(.eh_frame)
 *(.gcc_except_table .gcc_except_table.*)
 *(.dynamic)
                0x000000000000fcec                PROVIDE (__CTOR_LIST__, ABSOLUTE (.))
 *(.ctors)
 *(SORT(.ctors.*))
                0x000000000000fcec                PROVIDE (__CTOR_END__, ABSOLUTE (.))
                0x000000000000fcec                PROVIDE (__DTOR_LIST__, ABSOLUTE (.))
 *(.dtors)
 *(SORT(.dtors.*))
                0x000000000000fcec                PROVIDE (__DTOR_END__, ABSOLUTE (.))
 *(.jcr)
                0x000000000000fcec                . = ALIGN (0x4)

.rodata         0x000000000000fcec      0x370
                0x000000000000fcec                PROVIDE (__ram_rodata_start, ABSOLUTE (.))
                0x000000000000fcec                . = ALIGN (0x4)
 *(.rodata .rodata.* .gnu.linkonce.r.*)
 .rodata        0x000000000000fcec       0x80 obj/default/hello_ucosii.o
 .rodata        0x000000000000fd6c       0x10 /home/codedwrench/Dropbox/school/nios/ucoshello_bsp//libucosii_bsp.a(alt_main.o)
 .rodata        0x000000000000fd7c      0x120 /home/codedwrench/Dropbox/school/nios/ucoshello_bsp//libucosii_bsp.a(os_core.o)
                0x000000000000fd7c                OSUnMapTbl
 .rodata        0x000000000000fe9c      0x190 /home/codedwrench/Dropbox/school/nios/ucoshello_bsp//libucosii_bsp.a(alt_sys_init.o)
 .rodata        0x000000000001002c       0x1c /home/codedwrench/Dropbox/school/nios/ucoshello_bsp//libucosii_bsp.a(altera_up_avalon_video_character_buffer_with_dma.o)
 .rodata        0x0000000000010048        0xc /home/codedwrench/Dropbox/school/nios/ucoshello_bsp//libucosii_bsp.a(alt_dev.o)
 .rodata        0x0000000000010054        0x4 /home/codedwrench/Dropbox/school/nios/ucoshello_bsp//libucosii_bsp.a(os_cpu_c.o)
 .rodata.str1.4
                0x0000000000010058        0x4 /home/codedwrench/altera_lite/15.1/nios2eds/bin/gnu/H-x86_64-pc-linux-gnu/bin/../lib/gcc/nios2-elf/4.9.2/../../../../../H-x86_64-pc-linux-gnu/nios2-elf/lib/mhw-mulx/libc.a(lib_a-impure.o)
 *(.rodata1)
                0x000000000001005c                . = ALIGN (0x4)
                0x000000000001005c                PROVIDE (__ram_rodata_end, ABSOLUTE (.))
                0x000000000000fcec                PROVIDE (__flash_rodata_start, LOADADDR (.rodata))

.rwdata         0x000000000001005c     0x1e78 load address 0x0000000000011ed4
                0x000000000001005c                PROVIDE (__ram_rwdata_start, ABSOLUTE (.))
                0x000000000001005c                . = ALIGN (0x4)
 *(.got.plt)
 *(.got)
 *(.data1)
 *(.data .data.* .gnu.linkonce.d.*)
 .data          0x000000000001005c        0x0 /home/codedwrench/Dropbox/school/nios/ucoshello_bsp//obj/HAL/src/crt0.o
 .data          0x000000000001005c        0x0 obj/default/hello_ucosii.o
 .data          0x000000000001005c        0x0 /home/codedwrench/Dropbox/school/nios/ucoshello_bsp//libucosii_bsp.a(alt_load.o)
 .data          0x000000000001005c        0x0 /home/codedwrench/Dropbox/school/nios/ucoshello_bsp//libucosii_bsp.a(alt_main.o)
 .data          0x000000000001005c        0x0 /home/codedwrench/Dropbox/school/nios/ucoshello_bsp//libucosii_bsp.a(alt_printf.o)
 .data          0x000000000001005c        0x0 /home/codedwrench/Dropbox/school/nios/ucoshello_bsp//libucosii_bsp.a(alt_putchar.o)
 .data          0x000000000001005c        0x0 /home/codedwrench/Dropbox/school/nios/ucoshello_bsp//libucosii_bsp.a(alt_env_lock.o)
 .data          0x000000000001005c        0x0 /home/codedwrench/Dropbox/school/nios/ucoshello_bsp//libucosii_bsp.a(alt_malloc_lock.o)
 .data          0x000000000001005c        0x0 /home/codedwrench/Dropbox/school/nios/ucoshello_bsp//libucosii_bsp.a(os_core.o)
 .data          0x000000000001005c        0x0 /home/codedwrench/Dropbox/school/nios/ucoshello_bsp//libucosii_bsp.a(os_dbg.o)
 .data          0x000000000001005c        0x0 /home/codedwrench/Dropbox/school/nios/ucoshello_bsp//libucosii_bsp.a(os_flag.o)
 .data          0x000000000001005c        0x0 /home/codedwrench/Dropbox/school/nios/ucoshello_bsp//libucosii_bsp.a(os_mem.o)
 .data          0x000000000001005c        0x0 /home/codedwrench/Dropbox/school/nios/ucoshello_bsp//libucosii_bsp.a(os_q.o)
 .data          0x000000000001005c        0x0 /home/codedwrench/Dropbox/school/nios/ucoshello_bsp//libucosii_bsp.a(os_sem.o)
 .data          0x000000000001005c        0x0 /home/codedwrench/Dropbox/school/nios/ucoshello_bsp//libucosii_bsp.a(os_task.o)
 .data          0x000000000001005c        0x0 /home/codedwrench/Dropbox/school/nios/ucoshello_bsp//libucosii_bsp.a(os_time.o)
 .data          0x000000000001005c     0x13f0 /home/codedwrench/Dropbox/school/nios/ucoshello_bsp//libucosii_bsp.a(alt_sys_init.o)
 .data          0x000000000001144c        0x0 /home/codedwrench/Dropbox/school/nios/ucoshello_bsp//libucosii_bsp.a(altera_avalon_jtag_uart_fd.o)
 .data          0x000000000001144c        0x0 /home/codedwrench/Dropbox/school/nios/ucoshello_bsp//libucosii_bsp.a(altera_avalon_jtag_uart_init.o)
 .data          0x000000000001144c        0x0 /home/codedwrench/Dropbox/school/nios/ucoshello_bsp//libucosii_bsp.a(altera_avalon_jtag_uart_ioctl.o)
 .data          0x000000000001144c        0x0 /home/codedwrench/Dropbox/school/nios/ucoshello_bsp//libucosii_bsp.a(altera_avalon_jtag_uart_read.o)
 .data          0x000000000001144c        0x0 /home/codedwrench/Dropbox/school/nios/ucoshello_bsp//libucosii_bsp.a(altera_avalon_jtag_uart_write.o)
 .data          0x000000000001144c        0x0 /home/codedwrench/Dropbox/school/nios/ucoshello_bsp//libucosii_bsp.a(altera_avalon_timer_sc.o)
 .data          0x000000000001144c        0x0 /home/codedwrench/Dropbox/school/nios/ucoshello_bsp//libucosii_bsp.a(altera_up_avalon_character_lcd.o)
 .data          0x000000000001144c        0x0 /home/codedwrench/Dropbox/school/nios/ucoshello_bsp//libucosii_bsp.a(altera_up_avalon_irda.o)
 .data          0x000000000001144c        0x0 /home/codedwrench/Dropbox/school/nios/ucoshello_bsp//libucosii_bsp.a(altera_up_avalon_ps2.o)
 .data          0x000000000001144c        0x0 /home/codedwrench/Dropbox/school/nios/ucoshello_bsp//libucosii_bsp.a(altera_up_avalon_rs232.o)
 .data          0x000000000001144c        0x0 /home/codedwrench/Dropbox/school/nios/ucoshello_bsp//libucosii_bsp.a(altera_up_avalon_video_character_buffer_with_dma.o)
 .data          0x000000000001144c        0x0 /home/codedwrench/Dropbox/school/nios/ucoshello_bsp//libucosii_bsp.a(altera_up_avalon_video_pixel_buffer_dma.o)
 .data          0x000000000001144c        0x0 /home/codedwrench/Dropbox/school/nios/ucoshello_bsp//libucosii_bsp.a(alt_alarm_start.o)
 .data          0x000000000001144c        0x0 /home/codedwrench/Dropbox/school/nios/ucoshello_bsp//libucosii_bsp.a(alt_close.o)
 .data          0x000000000001144c        0x0 /home/codedwrench/Dropbox/school/nios/ucoshello_bsp//libucosii_bsp.a(alt_dcache_flush_all.o)
 .data          0x000000000001144c      0x1a8 /home/codedwrench/Dropbox/school/nios/ucoshello_bsp//libucosii_bsp.a(alt_dev.o)
                0x000000000001144c                alt_dev_null
                0x0000000000011474                alt_fd_list
 .data          0x00000000000115f4        0x0 /home/codedwrench/Dropbox/school/nios/ucoshello_bsp//libucosii_bsp.a(alt_dev_llist_insert.o)
 .data          0x00000000000115f4        0x0 /home/codedwrench/Dropbox/school/nios/ucoshello_bsp//libucosii_bsp.a(alt_do_ctors.o)
 .data          0x00000000000115f4        0x0 /home/codedwrench/Dropbox/school/nios/ucoshello_bsp//libucosii_bsp.a(alt_do_dtors.o)
 .data          0x00000000000115f4        0x0 /home/codedwrench/Dropbox/school/nios/ucoshello_bsp//libucosii_bsp.a(alt_errno.o)
 .data          0x00000000000115f4        0x0 /home/codedwrench/Dropbox/school/nios/ucoshello_bsp//libucosii_bsp.a(alt_find_dev.o)
 .data          0x00000000000115f4        0x0 /home/codedwrench/Dropbox/school/nios/ucoshello_bsp//libucosii_bsp.a(alt_icache_flush_all.o)
 .data          0x00000000000115f4        0x0 /home/codedwrench/Dropbox/school/nios/ucoshello_bsp//libucosii_bsp.a(alt_io_redirect.o)
 .data          0x00000000000115f4        0x0 /home/codedwrench/Dropbox/school/nios/ucoshello_bsp//libucosii_bsp.a(alt_irq_register.o)
 .data          0x00000000000115f4        0x0 /home/codedwrench/Dropbox/school/nios/ucoshello_bsp//libucosii_bsp.a(alt_irq_vars.o)
 .data          0x00000000000115f4        0x0 /home/codedwrench/Dropbox/school/nios/ucoshello_bsp//libucosii_bsp.a(alt_open.o)
 .data          0x00000000000115f4        0x0 /home/codedwrench/Dropbox/school/nios/ucoshello_bsp//libucosii_bsp.a(alt_release_fd.o)
 .data          0x00000000000115f4        0x0 /home/codedwrench/Dropbox/school/nios/ucoshello_bsp//libucosii_bsp.a(alt_tick.o)
 .data          0x00000000000115f4        0x0 /home/codedwrench/Dropbox/school/nios/ucoshello_bsp//libucosii_bsp.a(altera_nios2_gen2_irq.o)
 .data          0x00000000000115f4        0x0 /home/codedwrench/Dropbox/school/nios/ucoshello_bsp//libucosii_bsp.a(os_cpu_a.o)
 .data          0x00000000000115f4        0x0 /home/codedwrench/Dropbox/school/nios/ucoshello_bsp//libucosii_bsp.a(os_cpu_c.o)
 .data          0x00000000000115f4        0x0 /home/codedwrench/Dropbox/school/nios/ucoshello_bsp//libucosii_bsp.a(alt_find_file.o)
 .data          0x00000000000115f4        0x0 /home/codedwrench/Dropbox/school/nios/ucoshello_bsp//libucosii_bsp.a(alt_get_fd.o)
 .data          0x00000000000115f4        0x0 /home/codedwrench/Dropbox/school/nios/ucoshello_bsp//libucosii_bsp.a(alt_icache_flush.o)
 .data          0x00000000000115f4        0x0 /home/codedwrench/Dropbox/school/nios/ucoshello_bsp//libucosii_bsp.a(alt_irq_entry.o)
 .data          0x00000000000115f4        0x0 /home/codedwrench/Dropbox/school/nios/ucoshello_bsp//libucosii_bsp.a(alt_irq_handler.o)
 .data          0x00000000000115f4        0x0 /home/codedwrench/Dropbox/school/nios/ucoshello_bsp//libucosii_bsp.a(alt_exception_entry.o)
 .data          0x00000000000115f4        0x0 /home/codedwrench/Dropbox/school/nios/ucoshello_bsp//libucosii_bsp.a(alt_instruction_exception_entry.o)
 .data          0x00000000000115f4        0x0 /home/codedwrench/altera_lite/15.1/nios2eds/bin/gnu/H-x86_64-pc-linux-gnu/bin/../lib/gcc/nios2-elf/4.9.2/../../../../../H-x86_64-pc-linux-gnu/nios2-elf/lib/mhw-mulx/libc.a(lib_a-atexit.o)
 .data          0x00000000000115f4        0x0 /home/codedwrench/altera_lite/15.1/nios2eds/bin/gnu/H-x86_64-pc-linux-gnu/bin/../lib/gcc/nios2-elf/4.9.2/../../../../../H-x86_64-pc-linux-gnu/nios2-elf/lib/mhw-mulx/libc.a(lib_a-exit.o)
 .data          0x00000000000115f4        0x0 /home/codedwrench/altera_lite/15.1/nios2eds/bin/gnu/H-x86_64-pc-linux-gnu/bin/../lib/gcc/nios2-elf/4.9.2/../../../../../H-x86_64-pc-linux-gnu/nios2-elf/lib/mhw-mulx/libc.a(lib_a-impure.o)
 .data.impure_data
                0x00000000000115f4      0x424 /home/codedwrench/altera_lite/15.1/nios2eds/bin/gnu/H-x86_64-pc-linux-gnu/bin/../lib/gcc/nios2-elf/4.9.2/../../../../../H-x86_64-pc-linux-gnu/nios2-elf/lib/mhw-mulx/libc.a(lib_a-impure.o)
 .data          0x0000000000011a18        0x0 /home/codedwrench/altera_lite/15.1/nios2eds/bin/gnu/H-x86_64-pc-linux-gnu/bin/../lib/gcc/nios2-elf/4.9.2/../../../../../H-x86_64-pc-linux-gnu/nios2-elf/lib/mhw-mulx/libc.a(lib_a-int_errno.o)
 .data          0x0000000000011a18        0x0 /home/codedwrench/altera_lite/15.1/nios2eds/bin/gnu/H-x86_64-pc-linux-gnu/bin/../lib/gcc/nios2-elf/4.9.2/../../../../../H-x86_64-pc-linux-gnu/nios2-elf/lib/mhw-mulx/libc.a(lib_a-memcmp.o)
 .data          0x0000000000011a18        0x0 /home/codedwrench/altera_lite/15.1/nios2eds/bin/gnu/H-x86_64-pc-linux-gnu/bin/../lib/gcc/nios2-elf/4.9.2/../../../../../H-x86_64-pc-linux-gnu/nios2-elf/lib/mhw-mulx/libc.a(lib_a-memcpy.o)
 .data          0x0000000000011a18        0x0 /home/codedwrench/altera_lite/15.1/nios2eds/bin/gnu/H-x86_64-pc-linux-gnu/bin/../lib/gcc/nios2-elf/4.9.2/../../../../../H-x86_64-pc-linux-gnu/nios2-elf/lib/mhw-mulx/libc.a(lib_a-memset.o)
 .data          0x0000000000011a18        0x0 /home/codedwrench/altera_lite/15.1/nios2eds/bin/gnu/H-x86_64-pc-linux-gnu/bin/../lib/gcc/nios2-elf/4.9.2/../../../../../H-x86_64-pc-linux-gnu/nios2-elf/lib/mhw-mulx/libc.a(lib_a-putc.o)
 .data          0x0000000000011a18        0x0 /home/codedwrench/altera_lite/15.1/nios2eds/bin/gnu/H-x86_64-pc-linux-gnu/bin/../lib/gcc/nios2-elf/4.9.2/../../../../../H-x86_64-pc-linux-gnu/nios2-elf/lib/mhw-mulx/libc.a(lib_a-strcmp.o)
 .data          0x0000000000011a18        0x0 /home/codedwrench/altera_lite/15.1/nios2eds/bin/gnu/H-x86_64-pc-linux-gnu/bin/../lib/gcc/nios2-elf/4.9.2/../../../../../H-x86_64-pc-linux-gnu/nios2-elf/lib/mhw-mulx/libc.a(lib_a-strlen.o)
 .data          0x0000000000011a18        0x0 /home/codedwrench/altera_lite/15.1/nios2eds/bin/gnu/H-x86_64-pc-linux-gnu/bin/../lib/gcc/nios2-elf/4.9.2/../../../../../H-x86_64-pc-linux-gnu/nios2-elf/lib/mhw-mulx/libc.a(lib_a-wbuf.o)
 .data          0x0000000000011a18        0x0 /home/codedwrench/altera_lite/15.1/nios2eds/bin/gnu/H-x86_64-pc-linux-gnu/bin/../lib/gcc/nios2-elf/4.9.2/../../../../../H-x86_64-pc-linux-gnu/nios2-elf/lib/mhw-mulx/libc.a(lib_a-wsetup.o)
 .data          0x0000000000011a18        0x0 /home/codedwrench/altera_lite/15.1/nios2eds/bin/gnu/H-x86_64-pc-linux-gnu/bin/../lib/gcc/nios2-elf/4.9.2/../../../../../H-x86_64-pc-linux-gnu/nios2-elf/lib/mhw-mulx/libc.a(lib_a-__atexit.o)
 .data          0x0000000000011a18        0x0 /home/codedwrench/altera_lite/15.1/nios2eds/bin/gnu/H-x86_64-pc-linux-gnu/bin/../lib/gcc/nios2-elf/4.9.2/../../../../../H-x86_64-pc-linux-gnu/nios2-elf/lib/mhw-mulx/libc.a(lib_a-__call_atexit.o)
 .data          0x0000000000011a18        0x0 /home/codedwrench/altera_lite/15.1/nios2eds/bin/gnu/H-x86_64-pc-linux-gnu/bin/../lib/gcc/nios2-elf/4.9.2/../../../../../H-x86_64-pc-linux-gnu/nios2-elf/lib/mhw-mulx/libc.a(lib_a-fflush.o)
 .data          0x0000000000011a18        0x0 /home/codedwrench/altera_lite/15.1/nios2eds/bin/gnu/H-x86_64-pc-linux-gnu/bin/../lib/gcc/nios2-elf/4.9.2/../../../../../H-x86_64-pc-linux-gnu/nios2-elf/lib/mhw-mulx/libc.a(lib_a-findfp.o)
 .data          0x0000000000011a18        0x0 /home/codedwrench/altera_lite/15.1/nios2eds/bin/gnu/H-x86_64-pc-linux-gnu/bin/../lib/gcc/nios2-elf/4.9.2/../../../../../H-x86_64-pc-linux-gnu/nios2-elf/lib/mhw-mulx/libc.a(lib_a-freer.o)
 .data          0x0000000000011a18        0x0 /home/codedwrench/altera_lite/15.1/nios2eds/bin/gnu/H-x86_64-pc-linux-gnu/bin/../lib/gcc/nios2-elf/4.9.2/../../../../../H-x86_64-pc-linux-gnu/nios2-elf/lib/mhw-mulx/libc.a(lib_a-fwalk.o)
 .data          0x0000000000011a18        0x0 /home/codedwrench/altera_lite/15.1/nios2eds/bin/gnu/H-x86_64-pc-linux-gnu/bin/../lib/gcc/nios2-elf/4.9.2/../../../../../H-x86_64-pc-linux-gnu/nios2-elf/lib/mhw-mulx/libc.a(lib_a-makebuf.o)
 .data          0x0000000000011a18        0x0 /home/codedwrench/altera_lite/15.1/nios2eds/bin/gnu/H-x86_64-pc-linux-gnu/bin/../lib/gcc/nios2-elf/4.9.2/../../../../../H-x86_64-pc-linux-gnu/nios2-elf/lib/mhw-mulx/libc.a(lib_a-mallocr.o)
 .data.__malloc_av_
                0x0000000000011a18      0x408 /home/codedwrench/altera_lite/15.1/nios2eds/bin/gnu/H-x86_64-pc-linux-gnu/bin/../lib/gcc/nios2-elf/4.9.2/../../../../../H-x86_64-pc-linux-gnu/nios2-elf/lib/mhw-mulx/libc.a(lib_a-mallocr.o)
                0x0000000000011a18                __malloc_av_
 .data          0x0000000000011e20        0x0 /home/codedwrench/altera_lite/15.1/nios2eds/bin/gnu/H-x86_64-pc-linux-gnu/bin/../lib/gcc/nios2-elf/4.9.2/../../../../../H-x86_64-pc-linux-gnu/nios2-elf/lib/mhw-mulx/libc.a(lib_a-sbrkr.o)
 .data          0x0000000000011e20        0x0 /home/codedwrench/altera_lite/15.1/nios2eds/bin/gnu/H-x86_64-pc-linux-gnu/bin/../lib/gcc/nios2-elf/4.9.2/../../../../../H-x86_64-pc-linux-gnu/nios2-elf/lib/mhw-mulx/libc.a(lib_a-stdio.o)
 .data          0x0000000000011e20        0x0 /home/codedwrench/altera_lite/15.1/nios2eds/bin/gnu/H-x86_64-pc-linux-gnu/bin/../lib/gcc/nios2-elf/4.9.2/../../../../../H-x86_64-pc-linux-gnu/nios2-elf/lib/mhw-mulx/libc.a(lib_a-writer.o)
 .data          0x0000000000011e20        0x0 /home/codedwrench/altera_lite/15.1/nios2eds/bin/gnu/H-x86_64-pc-linux-gnu/bin/../lib/gcc/nios2-elf/4.9.2/../../../../../H-x86_64-pc-linux-gnu/nios2-elf/lib/mhw-mulx/libc.a(closer.o)
 .data          0x0000000000011e20        0x0 /home/codedwrench/altera_lite/15.1/nios2eds/bin/gnu/H-x86_64-pc-linux-gnu/bin/../lib/gcc/nios2-elf/4.9.2/../../../../../H-x86_64-pc-linux-gnu/nios2-elf/lib/mhw-mulx/libc.a(lib_a-fclose.o)
 .data          0x0000000000011e20        0x0 /home/codedwrench/altera_lite/15.1/nios2eds/bin/gnu/H-x86_64-pc-linux-gnu/bin/../lib/gcc/nios2-elf/4.9.2/../../../../../H-x86_64-pc-linux-gnu/nios2-elf/lib/mhw-mulx/libc.a(lib_a-fstatr.o)
 .data          0x0000000000011e20        0x0 /home/codedwrench/altera_lite/15.1/nios2eds/bin/gnu/H-x86_64-pc-linux-gnu/bin/../lib/gcc/nios2-elf/4.9.2/../../../../../H-x86_64-pc-linux-gnu/nios2-elf/lib/mhw-mulx/libc.a(lib_a-isattyr.o)
 .data          0x0000000000011e20        0x0 /home/codedwrench/altera_lite/15.1/nios2eds/bin/gnu/H-x86_64-pc-linux-gnu/bin/../lib/gcc/nios2-elf/4.9.2/../../../../../H-x86_64-pc-linux-gnu/nios2-elf/lib/mhw-mulx/libc.a(lib_a-lseekr.o)
 .data          0x0000000000011e20        0x0 /home/codedwrench/altera_lite/15.1/nios2eds/bin/gnu/H-x86_64-pc-linux-gnu/bin/../lib/gcc/nios2-elf/4.9.2/../../../../../H-x86_64-pc-linux-gnu/nios2-elf/lib/mhw-mulx/libc.a(lib_a-readr.o)
 .data          0x0000000000011e20        0x0 /home/codedwrench/Dropbox/school/nios/ucoshello_bsp//libucosii_bsp.a(alt_exit.o)
 .data          0x0000000000011e20        0x0 /home/codedwrench/Dropbox/school/nios/ucoshello_bsp//libucosii_bsp.a(alt_fstat.o)
 .data          0x0000000000011e20        0x0 /home/codedwrench/Dropbox/school/nios/ucoshello_bsp//libucosii_bsp.a(alt_isatty.o)
 .data          0x0000000000011e20        0x0 /home/codedwrench/Dropbox/school/nios/ucoshello_bsp//libucosii_bsp.a(alt_lseek.o)
 .data          0x0000000000011e20        0x0 /home/codedwrench/Dropbox/school/nios/ucoshello_bsp//libucosii_bsp.a(alt_read.o)
 .data          0x0000000000011e20        0x0 /home/codedwrench/Dropbox/school/nios/ucoshello_bsp//libucosii_bsp.a(alt_sbrk.o)
 .data          0x0000000000011e20        0x0 /home/codedwrench/Dropbox/school/nios/ucoshello_bsp//libucosii_bsp.a(alt_write.o)
                0x0000000000019e20                _gp = ABSOLUTE ((. + 0x8000))
                0x0000000000019e20                PROVIDE (gp, _gp)
 *(.rwdata .rwdata.*)
 *(.sdata .sdata.* .gnu.linkonce.s.*)
 .sdata         0x0000000000011e20        0x4 /home/codedwrench/Dropbox/school/nios/ucoshello_bsp//libucosii_bsp.a(alt_env_lock.o)
 .sdata         0x0000000000011e24        0x4 /home/codedwrench/Dropbox/school/nios/ucoshello_bsp//libucosii_bsp.a(alt_malloc_lock.o)
 .sdata         0x0000000000011e28       0x74 /home/codedwrench/Dropbox/school/nios/ucoshello_bsp//libucosii_bsp.a(os_dbg.o)
                0x0000000000011e28                OSDebugEn
                0x0000000000011e2c                OSEndiannessTest
                0x0000000000011e30                OSEventEn
                0x0000000000011e32                OSEventMax
                0x0000000000011e34                OSEventNameSize
                0x0000000000011e36                OSEventSize
                0x0000000000011e38                OSEventTblSize
                0x0000000000011e3a                OSEventMultiEn
                0x0000000000011e3c                OSFlagEn
                0x0000000000011e3e                OSFlagGrpSize
                0x0000000000011e40                OSFlagNodeSize
                0x0000000000011e42                OSFlagWidth
                0x0000000000011e44                OSFlagMax
                0x0000000000011e46                OSFlagNameSize
                0x0000000000011e48                OSLowestPrio
                0x0000000000011e4a                OSMboxEn
                0x0000000000011e4c                OSMemEn
                0x0000000000011e4e                OSMemMax
                0x0000000000011e50                OSMemNameSize
                0x0000000000011e52                OSMemSize
                0x0000000000011e54                OSMemTblSize
                0x0000000000011e56                OSMutexEn
                0x0000000000011e58                OSPtrSize
                0x0000000000011e5a                OSQEn
                0x0000000000011e5c                OSQMax
                0x0000000000011e5e                OSQSize
                0x0000000000011e60                OSRdyTblSize
                0x0000000000011e62                OSSemEn
                0x0000000000011e64                OSStkWidth
                0x0000000000011e66                OSTaskCreateEn
                0x0000000000011e68                OSTaskCreateExtEn
                0x0000000000011e6a                OSTaskDelEn
                0x0000000000011e6c                OSTaskIdleStkSize
                0x0000000000011e6e                OSTaskProfileEn
                0x0000000000011e70                OSTaskMax
                0x0000000000011e72                OSTaskNameSize
                0x0000000000011e74                OSTaskStatEn
                0x0000000000011e76                OSTaskStatStkSize
                0x0000000000011e78                OSTaskStatStkChkEn
                0x0000000000011e7a                OSTaskSwHookEn
                0x0000000000011e7c                OSTCBPrioTblMax
                0x0000000000011e7e                OSTCBSize
                0x0000000000011e80                OSTicksPerSec
                0x0000000000011e82                OSTimeTickHookEn
                0x0000000000011e84                OSVersionNbr
                0x0000000000011e86                OSTmrEn
                0x0000000000011e88                OSTmrCfgMax
                0x0000000000011e8a                OSTmrCfgNameSize
                0x0000000000011e8c                OSTmrCfgWheelSize
                0x0000000000011e8e                OSTmrCfgTicksPerSec
                0x0000000000011e90                OSTmrSize
                0x0000000000011e92                OSTmrTblSize
                0x0000000000011e94                OSTmrWheelSize
                0x0000000000011e96                OSTmrWheelTblSize
                0x0000000000011e98                OSDataSize
 .sdata         0x0000000000011e9c       0x14 /home/codedwrench/Dropbox/school/nios/ucoshello_bsp//libucosii_bsp.a(alt_dev.o)
                0x0000000000011e9c                alt_fs_list
                0x0000000000011ea4                alt_dev_list
                0x0000000000011eac                alt_max_fd
 .sdata         0x0000000000011eb0        0x4 /home/codedwrench/Dropbox/school/nios/ucoshello_bsp//libucosii_bsp.a(alt_errno.o)
                0x0000000000011eb0                alt_errno
 .sdata         0x0000000000011eb4        0x4 /home/codedwrench/Dropbox/school/nios/ucoshello_bsp//libucosii_bsp.a(alt_irq_vars.o)
                0x0000000000011eb4                alt_priority_mask
 .sdata         0x0000000000011eb8        0x8 /home/codedwrench/Dropbox/school/nios/ucoshello_bsp//libucosii_bsp.a(alt_tick.o)
                0x0000000000011eb8                alt_alarm_list
 .sdata._global_impure_ptr
                0x0000000000011ec0        0x4 /home/codedwrench/altera_lite/15.1/nios2eds/bin/gnu/H-x86_64-pc-linux-gnu/bin/../lib/gcc/nios2-elf/4.9.2/../../../../../H-x86_64-pc-linux-gnu/nios2-elf/lib/mhw-mulx/libc.a(lib_a-impure.o)
                0x0000000000011ec0                _global_impure_ptr
 .sdata._impure_ptr
                0x0000000000011ec4        0x4 /home/codedwrench/altera_lite/15.1/nios2eds/bin/gnu/H-x86_64-pc-linux-gnu/bin/../lib/gcc/nios2-elf/4.9.2/../../../../../H-x86_64-pc-linux-gnu/nios2-elf/lib/mhw-mulx/libc.a(lib_a-impure.o)
                0x0000000000011ec4                _impure_ptr
 .sdata.__malloc_sbrk_base
                0x0000000000011ec8        0x4 /home/codedwrench/altera_lite/15.1/nios2eds/bin/gnu/H-x86_64-pc-linux-gnu/bin/../lib/gcc/nios2-elf/4.9.2/../../../../../H-x86_64-pc-linux-gnu/nios2-elf/lib/mhw-mulx/libc.a(lib_a-mallocr.o)
                0x0000000000011ec8                __malloc_sbrk_base
 .sdata.__malloc_trim_threshold
                0x0000000000011ecc        0x4 /home/codedwrench/altera_lite/15.1/nios2eds/bin/gnu/H-x86_64-pc-linux-gnu/bin/../lib/gcc/nios2-elf/4.9.2/../../../../../H-x86_64-pc-linux-gnu/nios2-elf/lib/mhw-mulx/libc.a(lib_a-mallocr.o)
                0x0000000000011ecc                __malloc_trim_threshold
 .sdata         0x0000000000011ed0        0x4 /home/codedwrench/Dropbox/school/nios/ucoshello_bsp//libucosii_bsp.a(alt_sbrk.o)
 *(.sdata2 .sdata2.* .gnu.linkonce.s2.*)
                0x0000000000011ed4                . = ALIGN (0x4)
                0x0000000000011ed4                _edata = ABSOLUTE (.)
                0x0000000000011ed4                PROVIDE (edata, ABSOLUTE (.))
                0x0000000000011ed4                PROVIDE (__ram_rwdata_end, ABSOLUTE (.))
                0x0000000000011ed4                PROVIDE (__flash_rwdata_start, LOADADDR (.rwdata))

.bss            0x0000000000013d4c    0x453e0
                0x0000000000013d4c                __bss_start = ABSOLUTE (.)
                0x0000000000013d4c                PROVIDE (__sbss_start, ABSOLUTE (.))
                0x0000000000013d4c                PROVIDE (___sbss_start, ABSOLUTE (.))
 *(.dynsbss)
 *(.sbss .sbss.* .gnu.linkonce.sb.*)
 .sbss          0x0000000000013d4c        0x4 obj/default/hello_ucosii.o
                0x0000000000013d4c                pixel_buffer_dev
 .sbss          0x0000000000013d50        0xc /home/codedwrench/Dropbox/school/nios/ucoshello_bsp//libucosii_bsp.a(alt_main.o)
                0x0000000000013d50                alt_argc
                0x0000000000013d54                alt_argv
                0x0000000000013d58                alt_envp
 .sbss          0x0000000000013d5c        0x8 /home/codedwrench/Dropbox/school/nios/ucoshello_bsp//libucosii_bsp.a(alt_env_lock.o)
                0x0000000000013d60                alt_envsem
 .sbss          0x0000000000013d64        0x8 /home/codedwrench/Dropbox/school/nios/ucoshello_bsp//libucosii_bsp.a(alt_malloc_lock.o)
                0x0000000000013d68                alt_heapsem
 .sbss          0x0000000000013d6c       0x50 /home/codedwrench/Dropbox/school/nios/ucoshello_bsp//libucosii_bsp.a(os_core.o)
                0x0000000000013d6c                OSLockNesting
                0x0000000000013d6d                OSRunning
                0x0000000000013d70                OSIdleCtr
                0x0000000000013d74                OSPrioHighRdy
                0x0000000000013d75                OSPrioCur
                0x0000000000013d78                OSTCBList
                0x0000000000013d7c                OSTickStepState
                0x0000000000013d80                OSCtxSwCtr
                0x0000000000013d84                OSIdleCtrMax
                0x0000000000013d88                OSTCBFreeList
                0x0000000000013d8c                OSCPUUsage
                0x0000000000013d8d                OSTaskCtr
                0x0000000000013d90                OSMemFreeList
                0x0000000000013d94                OSTCBHighRdy
                0x0000000000013d98                OSQFreeList
                0x0000000000013d9c                OSRdyGrp
                0x0000000000013d9d                OSRdyTbl
                0x0000000000013da0                OSEventFreeList
                0x0000000000013da4                OSIntNesting
                0x0000000000013da8                OSTCBCur
                0x0000000000013dac                OSTime
                0x0000000000013db0                OSFlagFreeList
                0x0000000000013db4                OSStatRdy
                0x0000000000013db8                OSIdleCtrRun
 .sbss          0x0000000000013dbc        0x4 /home/codedwrench/Dropbox/school/nios/ucoshello_bsp//libucosii_bsp.a(alt_dev.o)
                0x0000000000013dbc                alt_fd_list_lock
 .sbss          0x0000000000013dc0        0x4 /home/codedwrench/Dropbox/school/nios/ucoshello_bsp//libucosii_bsp.a(alt_irq_vars.o)
                0x0000000000013dc0                alt_irq_active
 .sbss          0x0000000000013dc4        0x8 /home/codedwrench/Dropbox/school/nios/ucoshello_bsp//libucosii_bsp.a(alt_tick.o)
                0x0000000000013dc4                _alt_tick_rate
                0x0000000000013dc8                _alt_nticks
 .sbss          0x0000000000013dcc        0x4 /home/codedwrench/Dropbox/school/nios/ucoshello_bsp//libucosii_bsp.a(alt_instruction_exception_entry.o)
                0x0000000000013dcc                alt_instruction_exception_handler
 .sbss          0x0000000000013dd0        0x4 /home/codedwrench/altera_lite/15.1/nios2eds/bin/gnu/H-x86_64-pc-linux-gnu/bin/../lib/gcc/nios2-elf/4.9.2/../../../../../H-x86_64-pc-linux-gnu/nios2-elf/lib/mhw-mulx/libc.a(lib_a-int_errno.o)
                0x0000000000013dd0                errno
 .sbss.__malloc_max_total_mem
                0x0000000000013dd4        0x4 /home/codedwrench/altera_lite/15.1/nios2eds/bin/gnu/H-x86_64-pc-linux-gnu/bin/../lib/gcc/nios2-elf/4.9.2/../../../../../H-x86_64-pc-linux-gnu/nios2-elf/lib/mhw-mulx/libc.a(lib_a-mallocr.o)
                0x0000000000013dd4                __malloc_max_total_mem
 .sbss.__malloc_max_sbrked_mem
                0x0000000000013dd8        0x4 /home/codedwrench/altera_lite/15.1/nios2eds/bin/gnu/H-x86_64-pc-linux-gnu/bin/../lib/gcc/nios2-elf/4.9.2/../../../../../H-x86_64-pc-linux-gnu/nios2-elf/lib/mhw-mulx/libc.a(lib_a-mallocr.o)
                0x0000000000013dd8                __malloc_max_sbrked_mem
 .sbss.__malloc_top_pad
                0x0000000000013ddc        0x4 /home/codedwrench/altera_lite/15.1/nios2eds/bin/gnu/H-x86_64-pc-linux-gnu/bin/../lib/gcc/nios2-elf/4.9.2/../../../../../H-x86_64-pc-linux-gnu/nios2-elf/lib/mhw-mulx/libc.a(lib_a-mallocr.o)
                0x0000000000013ddc                __malloc_top_pad
 *(.sbss2 .sbss2.* .gnu.linkonce.sb2.*)
 *(.scommon)
                0x0000000000013de0                PROVIDE (__sbss_end, ABSOLUTE (.))
                0x0000000000013de0                PROVIDE (___sbss_end, ABSOLUTE (.))
 *(.dynbss)
 *(.bss .bss.* .gnu.linkonce.b.*)
 .bss           0x0000000000013de0        0x0 /home/codedwrench/Dropbox/school/nios/ucoshello_bsp//obj/HAL/src/crt0.o
 .bss           0x0000000000013de0        0x0 obj/default/hello_ucosii.o
 .bss           0x0000000000013de0        0x0 /home/codedwrench/Dropbox/school/nios/ucoshello_bsp//libucosii_bsp.a(alt_load.o)
 .bss           0x0000000000013de0        0x0 /home/codedwrench/Dropbox/school/nios/ucoshello_bsp//libucosii_bsp.a(alt_main.o)
 .bss           0x0000000000013de0        0x0 /home/codedwrench/Dropbox/school/nios/ucoshello_bsp//libucosii_bsp.a(alt_printf.o)
 .bss           0x0000000000013de0        0x0 /home/codedwrench/Dropbox/school/nios/ucoshello_bsp//libucosii_bsp.a(alt_putchar.o)
 .bss           0x0000000000013de0        0x0 /home/codedwrench/Dropbox/school/nios/ucoshello_bsp//libucosii_bsp.a(alt_env_lock.o)
 .bss           0x0000000000013de0        0x0 /home/codedwrench/Dropbox/school/nios/ucoshello_bsp//libucosii_bsp.a(alt_malloc_lock.o)
 .bss           0x0000000000013de0        0x0 /home/codedwrench/Dropbox/school/nios/ucoshello_bsp//libucosii_bsp.a(os_core.o)
 .bss           0x0000000000013de0        0x0 /home/codedwrench/Dropbox/school/nios/ucoshello_bsp//libucosii_bsp.a(os_dbg.o)
 .bss           0x0000000000013de0        0x0 /home/codedwrench/Dropbox/school/nios/ucoshello_bsp//libucosii_bsp.a(os_flag.o)
 .bss           0x0000000000013de0        0x0 /home/codedwrench/Dropbox/school/nios/ucoshello_bsp//libucosii_bsp.a(os_mem.o)
 .bss           0x0000000000013de0        0x0 /home/codedwrench/Dropbox/school/nios/ucoshello_bsp//libucosii_bsp.a(os_q.o)
 .bss           0x0000000000013de0        0x0 /home/codedwrench/Dropbox/school/nios/ucoshello_bsp//libucosii_bsp.a(os_sem.o)
 .bss           0x0000000000013de0        0x0 /home/codedwrench/Dropbox/school/nios/ucoshello_bsp//libucosii_bsp.a(os_task.o)
 .bss           0x0000000000013de0        0x0 /home/codedwrench/Dropbox/school/nios/ucoshello_bsp//libucosii_bsp.a(os_time.o)
 .bss           0x0000000000013de0        0x0 /home/codedwrench/Dropbox/school/nios/ucoshello_bsp//libucosii_bsp.a(alt_sys_init.o)
 .bss           0x0000000000013de0        0x0 /home/codedwrench/Dropbox/school/nios/ucoshello_bsp//libucosii_bsp.a(altera_avalon_jtag_uart_fd.o)
 .bss           0x0000000000013de0        0x0 /home/codedwrench/Dropbox/school/nios/ucoshello_bsp//libucosii_bsp.a(altera_avalon_jtag_uart_init.o)
 .bss           0x0000000000013de0        0x0 /home/codedwrench/Dropbox/school/nios/ucoshello_bsp//libucosii_bsp.a(altera_avalon_jtag_uart_ioctl.o)
 .bss           0x0000000000013de0        0x0 /home/codedwrench/Dropbox/school/nios/ucoshello_bsp//libucosii_bsp.a(altera_avalon_jtag_uart_read.o)
 .bss           0x0000000000013de0        0x0 /home/codedwrench/Dropbox/school/nios/ucoshello_bsp//libucosii_bsp.a(altera_avalon_jtag_uart_write.o)
 .bss           0x0000000000013de0        0x0 /home/codedwrench/Dropbox/school/nios/ucoshello_bsp//libucosii_bsp.a(altera_avalon_timer_sc.o)
 .bss           0x0000000000013de0        0x0 /home/codedwrench/Dropbox/school/nios/ucoshello_bsp//libucosii_bsp.a(altera_up_avalon_character_lcd.o)
 .bss           0x0000000000013de0        0x0 /home/codedwrench/Dropbox/school/nios/ucoshello_bsp//libucosii_bsp.a(altera_up_avalon_irda.o)
 .bss           0x0000000000013de0        0x0 /home/codedwrench/Dropbox/school/nios/ucoshello_bsp//libucosii_bsp.a(altera_up_avalon_ps2.o)
 .bss           0x0000000000013de0        0x0 /home/codedwrench/Dropbox/school/nios/ucoshello_bsp//libucosii_bsp.a(altera_up_avalon_rs232.o)
 .bss           0x0000000000013de0        0x0 /home/codedwrench/Dropbox/school/nios/ucoshello_bsp//libucosii_bsp.a(altera_up_avalon_video_character_buffer_with_dma.o)
 .bss           0x0000000000013de0        0x0 /home/codedwrench/Dropbox/school/nios/ucoshello_bsp//libucosii_bsp.a(altera_up_avalon_video_pixel_buffer_dma.o)
 .bss           0x0000000000013de0        0x0 /home/codedwrench/Dropbox/school/nios/ucoshello_bsp//libucosii_bsp.a(alt_alarm_start.o)
 .bss           0x0000000000013de0        0x0 /home/codedwrench/Dropbox/school/nios/ucoshello_bsp//libucosii_bsp.a(alt_close.o)
 .bss           0x0000000000013de0        0x0 /home/codedwrench/Dropbox/school/nios/ucoshello_bsp//libucosii_bsp.a(alt_dcache_flush_all.o)
 .bss           0x0000000000013de0        0x0 /home/codedwrench/Dropbox/school/nios/ucoshello_bsp//libucosii_bsp.a(alt_dev.o)
 .bss           0x0000000000013de0        0x0 /home/codedwrench/Dropbox/school/nios/ucoshello_bsp//libucosii_bsp.a(alt_dev_llist_insert.o)
 .bss           0x0000000000013de0        0x0 /home/codedwrench/Dropbox/school/nios/ucoshello_bsp//libucosii_bsp.a(alt_do_ctors.o)
 .bss           0x0000000000013de0        0x0 /home/codedwrench/Dropbox/school/nios/ucoshello_bsp//libucosii_bsp.a(alt_do_dtors.o)
 .bss           0x0000000000013de0        0x0 /home/codedwrench/Dropbox/school/nios/ucoshello_bsp//libucosii_bsp.a(alt_errno.o)
 .bss           0x0000000000013de0        0x0 /home/codedwrench/Dropbox/school/nios/ucoshello_bsp//libucosii_bsp.a(alt_find_dev.o)
 .bss           0x0000000000013de0        0x0 /home/codedwrench/Dropbox/school/nios/ucoshello_bsp//libucosii_bsp.a(alt_icache_flush_all.o)
 .bss           0x0000000000013de0        0x0 /home/codedwrench/Dropbox/school/nios/ucoshello_bsp//libucosii_bsp.a(alt_io_redirect.o)
 .bss           0x0000000000013de0        0x0 /home/codedwrench/Dropbox/school/nios/ucoshello_bsp//libucosii_bsp.a(alt_irq_register.o)
 .bss           0x0000000000013de0        0x0 /home/codedwrench/Dropbox/school/nios/ucoshello_bsp//libucosii_bsp.a(alt_irq_vars.o)
 .bss           0x0000000000013de0        0x0 /home/codedwrench/Dropbox/school/nios/ucoshello_bsp//libucosii_bsp.a(alt_open.o)
 .bss           0x0000000000013de0        0x0 /home/codedwrench/Dropbox/school/nios/ucoshello_bsp//libucosii_bsp.a(alt_release_fd.o)
 .bss           0x0000000000013de0        0x0 /home/codedwrench/Dropbox/school/nios/ucoshello_bsp//libucosii_bsp.a(alt_tick.o)
 .bss           0x0000000000013de0        0x0 /home/codedwrench/Dropbox/school/nios/ucoshello_bsp//libucosii_bsp.a(altera_nios2_gen2_irq.o)
 .bss           0x0000000000013de0        0x0 /home/codedwrench/Dropbox/school/nios/ucoshello_bsp//libucosii_bsp.a(os_cpu_a.o)
 .bss           0x0000000000013de0        0x0 /home/codedwrench/Dropbox/school/nios/ucoshello_bsp//libucosii_bsp.a(os_cpu_c.o)
 .bss           0x0000000000013de0        0x0 /home/codedwrench/Dropbox/school/nios/ucoshello_bsp//libucosii_bsp.a(alt_find_file.o)
 .bss           0x0000000000013de0        0x0 /home/codedwrench/Dropbox/school/nios/ucoshello_bsp//libucosii_bsp.a(alt_get_fd.o)
 .bss           0x0000000000013de0        0x0 /home/codedwrench/Dropbox/school/nios/ucoshello_bsp//libucosii_bsp.a(alt_icache_flush.o)
 .bss           0x0000000000013de0        0x0 /home/codedwrench/Dropbox/school/nios/ucoshello_bsp//libucosii_bsp.a(alt_irq_entry.o)
 .bss           0x0000000000013de0        0x0 /home/codedwrench/Dropbox/school/nios/ucoshello_bsp//libucosii_bsp.a(alt_irq_handler.o)
 .bss           0x0000000000013de0        0x0 /home/codedwrench/Dropbox/school/nios/ucoshello_bsp//libucosii_bsp.a(alt_exception_entry.o)
 .bss           0x0000000000013de0        0x0 /home/codedwrench/Dropbox/school/nios/ucoshello_bsp//libucosii_bsp.a(alt_instruction_exception_entry.o)
 .bss           0x0000000000013de0        0x0 /home/codedwrench/altera_lite/15.1/nios2eds/bin/gnu/H-x86_64-pc-linux-gnu/bin/../lib/gcc/nios2-elf/4.9.2/../../../../../H-x86_64-pc-linux-gnu/nios2-elf/lib/mhw-mulx/libc.a(lib_a-atexit.o)
 .bss           0x0000000000013de0        0x0 /home/codedwrench/altera_lite/15.1/nios2eds/bin/gnu/H-x86_64-pc-linux-gnu/bin/../lib/gcc/nios2-elf/4.9.2/../../../../../H-x86_64-pc-linux-gnu/nios2-elf/lib/mhw-mulx/libc.a(lib_a-exit.o)
 .bss           0x0000000000013de0        0x0 /home/codedwrench/altera_lite/15.1/nios2eds/bin/gnu/H-x86_64-pc-linux-gnu/bin/../lib/gcc/nios2-elf/4.9.2/../../../../../H-x86_64-pc-linux-gnu/nios2-elf/lib/mhw-mulx/libc.a(lib_a-impure.o)
 .bss           0x0000000000013de0        0x0 /home/codedwrench/altera_lite/15.1/nios2eds/bin/gnu/H-x86_64-pc-linux-gnu/bin/../lib/gcc/nios2-elf/4.9.2/../../../../../H-x86_64-pc-linux-gnu/nios2-elf/lib/mhw-mulx/libc.a(lib_a-int_errno.o)
 .bss           0x0000000000013de0        0x0 /home/codedwrench/altera_lite/15.1/nios2eds/bin/gnu/H-x86_64-pc-linux-gnu/bin/../lib/gcc/nios2-elf/4.9.2/../../../../../H-x86_64-pc-linux-gnu/nios2-elf/lib/mhw-mulx/libc.a(lib_a-memcmp.o)
 .bss           0x0000000000013de0        0x0 /home/codedwrench/altera_lite/15.1/nios2eds/bin/gnu/H-x86_64-pc-linux-gnu/bin/../lib/gcc/nios2-elf/4.9.2/../../../../../H-x86_64-pc-linux-gnu/nios2-elf/lib/mhw-mulx/libc.a(lib_a-memcpy.o)
 .bss           0x0000000000013de0        0x0 /home/codedwrench/altera_lite/15.1/nios2eds/bin/gnu/H-x86_64-pc-linux-gnu/bin/../lib/gcc/nios2-elf/4.9.2/../../../../../H-x86_64-pc-linux-gnu/nios2-elf/lib/mhw-mulx/libc.a(lib_a-memset.o)
 .bss           0x0000000000013de0        0x0 /home/codedwrench/altera_lite/15.1/nios2eds/bin/gnu/H-x86_64-pc-linux-gnu/bin/../lib/gcc/nios2-elf/4.9.2/../../../../../H-x86_64-pc-linux-gnu/nios2-elf/lib/mhw-mulx/libc.a(lib_a-putc.o)
 .bss           0x0000000000013de0        0x0 /home/codedwrench/altera_lite/15.1/nios2eds/bin/gnu/H-x86_64-pc-linux-gnu/bin/../lib/gcc/nios2-elf/4.9.2/../../../../../H-x86_64-pc-linux-gnu/nios2-elf/lib/mhw-mulx/libc.a(lib_a-strcmp.o)
 .bss           0x0000000000013de0        0x0 /home/codedwrench/altera_lite/15.1/nios2eds/bin/gnu/H-x86_64-pc-linux-gnu/bin/../lib/gcc/nios2-elf/4.9.2/../../../../../H-x86_64-pc-linux-gnu/nios2-elf/lib/mhw-mulx/libc.a(lib_a-strlen.o)
 .bss           0x0000000000013de0        0x0 /home/codedwrench/altera_lite/15.1/nios2eds/bin/gnu/H-x86_64-pc-linux-gnu/bin/../lib/gcc/nios2-elf/4.9.2/../../../../../H-x86_64-pc-linux-gnu/nios2-elf/lib/mhw-mulx/libc.a(lib_a-wbuf.o)
 .bss           0x0000000000013de0        0x0 /home/codedwrench/altera_lite/15.1/nios2eds/bin/gnu/H-x86_64-pc-linux-gnu/bin/../lib/gcc/nios2-elf/4.9.2/../../../../../H-x86_64-pc-linux-gnu/nios2-elf/lib/mhw-mulx/libc.a(lib_a-wsetup.o)
 .bss           0x0000000000013de0        0x0 /home/codedwrench/altera_lite/15.1/nios2eds/bin/gnu/H-x86_64-pc-linux-gnu/bin/../lib/gcc/nios2-elf/4.9.2/../../../../../H-x86_64-pc-linux-gnu/nios2-elf/lib/mhw-mulx/libc.a(lib_a-__atexit.o)
 .bss           0x0000000000013de0        0x0 /home/codedwrench/altera_lite/15.1/nios2eds/bin/gnu/H-x86_64-pc-linux-gnu/bin/../lib/gcc/nios2-elf/4.9.2/../../../../../H-x86_64-pc-linux-gnu/nios2-elf/lib/mhw-mulx/libc.a(lib_a-__call_atexit.o)
 .bss           0x0000000000013de0        0x0 /home/codedwrench/altera_lite/15.1/nios2eds/bin/gnu/H-x86_64-pc-linux-gnu/bin/../lib/gcc/nios2-elf/4.9.2/../../../../../H-x86_64-pc-linux-gnu/nios2-elf/lib/mhw-mulx/libc.a(lib_a-fflush.o)
 .bss           0x0000000000013de0        0x0 /home/codedwrench/altera_lite/15.1/nios2eds/bin/gnu/H-x86_64-pc-linux-gnu/bin/../lib/gcc/nios2-elf/4.9.2/../../../../../H-x86_64-pc-linux-gnu/nios2-elf/lib/mhw-mulx/libc.a(lib_a-findfp.o)
 .bss           0x0000000000013de0        0x0 /home/codedwrench/altera_lite/15.1/nios2eds/bin/gnu/H-x86_64-pc-linux-gnu/bin/../lib/gcc/nios2-elf/4.9.2/../../../../../H-x86_64-pc-linux-gnu/nios2-elf/lib/mhw-mulx/libc.a(lib_a-freer.o)
 .bss           0x0000000000013de0        0x0 /home/codedwrench/altera_lite/15.1/nios2eds/bin/gnu/H-x86_64-pc-linux-gnu/bin/../lib/gcc/nios2-elf/4.9.2/../../../../../H-x86_64-pc-linux-gnu/nios2-elf/lib/mhw-mulx/libc.a(lib_a-fwalk.o)