Archive member included to satisfy reference by file (symbol)

/home/codedwrench/Dropbox/school/nios/kbs_periode_4_fpga_game/playstationtest_bsp//libucosii_bsp.a(alt_load.o)
                              /home/codedwrench/Dropbox/school/nios/kbs_periode_4_fpga_game/playstationtest_bsp//obj/HAL/src/crt0.o (alt_load)
/home/codedwrench/Dropbox/school/nios/kbs_periode_4_fpga_game/playstationtest_bsp//libucosii_bsp.a(alt_main.o)
                              /home/codedwrench/Dropbox/school/nios/kbs_periode_4_fpga_game/playstationtest_bsp//obj/HAL/src/crt0.o (alt_main)
/home/codedwrench/Dropbox/school/nios/kbs_periode_4_fpga_game/playstationtest_bsp//libucosii_bsp.a(alt_env_lock.o)
                              /home/codedwrench/Dropbox/school/nios/kbs_periode_4_fpga_game/playstationtest_bsp//libucosii_bsp.a(alt_main.o) (alt_envsem)
/home/codedwrench/Dropbox/school/nios/kbs_periode_4_fpga_game/playstationtest_bsp//libucosii_bsp.a(alt_malloc_lock.o)
                              /home/codedwrench/Dropbox/school/nios/kbs_periode_4_fpga_game/playstationtest_bsp//libucosii_bsp.a(alt_main.o) (alt_heapsem)
/home/codedwrench/Dropbox/school/nios/kbs_periode_4_fpga_game/playstationtest_bsp//libucosii_bsp.a(os_core.o)
                              /home/codedwrench/Dropbox/school/nios/kbs_periode_4_fpga_game/playstationtest_bsp//libucosii_bsp.a(alt_malloc_lock.o) (OSRunning)
/home/codedwrench/Dropbox/school/nios/kbs_periode_4_fpga_game/playstationtest_bsp//libucosii_bsp.a(os_dbg.o)
                              /home/codedwrench/Dropbox/school/nios/kbs_periode_4_fpga_game/playstationtest_bsp//libucosii_bsp.a(os_core.o) (OSDebugInit)
/home/codedwrench/Dropbox/school/nios/kbs_periode_4_fpga_game/playstationtest_bsp//libucosii_bsp.a(os_flag.o)
                              /home/codedwrench/Dropbox/school/nios/kbs_periode_4_fpga_game/playstationtest_bsp//libucosii_bsp.a(os_core.o) (OS_FlagInit)
/home/codedwrench/Dropbox/school/nios/kbs_periode_4_fpga_game/playstationtest_bsp//libucosii_bsp.a(os_mem.o)
                              /home/codedwrench/Dropbox/school/nios/kbs_periode_4_fpga_game/playstationtest_bsp//libucosii_bsp.a(os_core.o) (OS_MemInit)
/home/codedwrench/Dropbox/school/nios/kbs_periode_4_fpga_game/playstationtest_bsp//libucosii_bsp.a(os_q.o)
                              /home/codedwrench/Dropbox/school/nios/kbs_periode_4_fpga_game/playstationtest_bsp//libucosii_bsp.a(os_core.o) (OS_QInit)
/home/codedwrench/Dropbox/school/nios/kbs_periode_4_fpga_game/playstationtest_bsp//libucosii_bsp.a(os_sem.o)
                              /home/codedwrench/Dropbox/school/nios/kbs_periode_4_fpga_game/playstationtest_bsp//libucosii_bsp.a(alt_main.o) (OSSemCreate)
/home/codedwrench/Dropbox/school/nios/kbs_periode_4_fpga_game/playstationtest_bsp//libucosii_bsp.a(os_task.o)
                              obj/default/main.o (OSTaskCreateExt)
/home/codedwrench/Dropbox/school/nios/kbs_periode_4_fpga_game/playstationtest_bsp//libucosii_bsp.a(os_time.o)
                              obj/default/main.o (OSTimeDly)
/home/codedwrench/Dropbox/school/nios/kbs_periode_4_fpga_game/playstationtest_bsp//libucosii_bsp.a(alt_sys_init.o)
                              /home/codedwrench/Dropbox/school/nios/kbs_periode_4_fpga_game/playstationtest_bsp//libucosii_bsp.a(alt_main.o) (alt_irq_init)
/home/codedwrench/Dropbox/school/nios/kbs_periode_4_fpga_game/playstationtest_bsp//libucosii_bsp.a(altera_avalon_jtag_uart_fd.o)
                              /home/codedwrench/Dropbox/school/nios/kbs_periode_4_fpga_game/playstationtest_bsp//libucosii_bsp.a(alt_sys_init.o) (altera_avalon_jtag_uart_read_fd)
/home/codedwrench/Dropbox/school/nios/kbs_periode_4_fpga_game/playstationtest_bsp//libucosii_bsp.a(altera_avalon_jtag_uart_init.o)
                              /home/codedwrench/Dropbox/school/nios/kbs_periode_4_fpga_game/playstationtest_bsp//libucosii_bsp.a(alt_sys_init.o) (altera_avalon_jtag_uart_init)
/home/codedwrench/Dropbox/school/nios/kbs_periode_4_fpga_game/playstationtest_bsp//libucosii_bsp.a(altera_avalon_jtag_uart_ioctl.o)
                              /home/codedwrench/Dropbox/school/nios/kbs_periode_4_fpga_game/playstationtest_bsp//libucosii_bsp.a(altera_avalon_jtag_uart_fd.o) (altera_avalon_jtag_uart_ioctl)
/home/codedwrench/Dropbox/school/nios/kbs_periode_4_fpga_game/playstationtest_bsp//libucosii_bsp.a(altera_avalon_jtag_uart_read.o)
                              /home/codedwrench/Dropbox/school/nios/kbs_periode_4_fpga_game/playstationtest_bsp//libucosii_bsp.a(altera_avalon_jtag_uart_fd.o) (altera_avalon_jtag_uart_read)
/home/codedwrench/Dropbox/school/nios/kbs_periode_4_fpga_game/playstationtest_bsp//libucosii_bsp.a(altera_avalon_jtag_uart_write.o)
                              /home/codedwrench/Dropbox/school/nios/kbs_periode_4_fpga_game/playstationtest_bsp//libucosii_bsp.a(altera_avalon_jtag_uart_fd.o) (altera_avalon_jtag_uart_write)
[...]
Memory Configuration

Name             Origin             Length             Attributes
reset            0x0000000000000000 0x0000000000000020
SDRAM            0x0000000000000020 0x0000000003ffffe0
Flash_flash_data 0x000000000c000000 0x0000000000800000
*default*        0x0000000000000000 0xffffffffffffffff

Linker script and memory map

LOAD /home/codedwrench/Dropbox/school/nios/kbs_periode_4_fpga_game/playstationtest_bsp//obj/HAL/src/crt0.o
LOAD obj/default/graphicslib.o
LOAD obj/default/main.o
LOAD /mnt/ssddata/altera_lite/15.1/nios2eds/bin/gnu/H-x86_64-pc-linux-gnu/bin/../lib/gcc/nios2-elf/4.9.2/../../../../../H-x86_64-pc-linux-gnu/nios2-elf/lib/mhw-mulx/libstdc++.a
LOAD /mnt/ssddata/altera_lite/15.1/nios2eds/bin/gnu/H-x86_64-pc-linux-gnu/bin/../lib/gcc/nios2-elf/4.9.2/../../../../../H-x86_64-pc-linux-gnu/nios2-elf/lib/mhw-mulx/libm.a
LOAD /mnt/ssddata/altera_lite/15.1/nios2eds/bin/gnu/H-x86_64-pc-linux-gnu/bin/../lib/gcc/nios2-elf/4.9.2/mhw-mulx/libgcc.a
START GROUP
LOAD /mnt/ssddata/altera_lite/15.1/nios2eds/bin/gnu/H-x86_64-pc-linux-gnu/bin/../lib/gcc/nios2-elf/4.9.2/../../../../../H-x86_64-pc-linux-gnu/nios2-elf/lib/mhw-mulx/libc.a
LOAD /mnt/ssddata/altera_lite/15.1/nios2eds/bin/gnu/H-x86_64-pc-linux-gnu/bin/../lib/gcc/nios2-elf/4.9.2/mhw-mulx/libgcc.a
LOAD /home/codedwrench/Dropbox/school/nios/kbs_periode_4_fpga_game/playstationtest_bsp//libucosii_bsp.a
LOAD /mnt/ssddata/altera_lite/15.1/nios2eds/bin/gnu/H-x86_64-pc-linux-gnu/bin/../lib/gcc/nios2-elf/4.9.2/../../../../../H-x86_64-pc-linux-gnu/nios2-elf/lib/mhw-mulx/libm.a
END GROUP
LOAD /mnt/ssddata/altera_lite/15.1/nios2eds/bin/gnu/H-x86_64-pc-linux-gnu/bin/../lib/gcc/nios2-elf/4.9.2/mhw-mulx/libgcc.a
                0x0000000000000000                __alt_mem_SDRAM = 0x0
                0x000000000c000000                __alt_mem_Flash_flash_data = 0xc000000

.entry          0x0000000000000000       0x20
 *(.entry)
 .entry         0x0000000000000000       0x20 /home/codedwrench/Dropbox/school/nios/kbs_periode_4_fpga_game/playstationtest_bsp//obj/HAL/src/crt0.o
                0x0000000000000000                __reset

.exceptions     0x0000000000000020      0x224
                0x0000000000000020                PROVIDE (__ram_exceptions_start, ABSOLUTE (.))
                0x0000000000000020                . = ALIGN (0x20)
 *(.irq)
 *(.exceptions.entry.label)
 .exceptions.entry.label
                0x0000000000000020        0x0 /home/codedwrench/Dropbox/school/nios/kbs_periode_4_fpga_game/playstationtest_bsp//libucosii_bsp.a(alt_irq_entry.o)
                0x0000000000000020                alt_irq_entry
 .exceptions.entry.label
                0x0000000000000020        0x0 /home/codedwrench/Dropbox/school/nios/kbs_periode_4_fpga_game/playstationtest_bsp//libucosii_bsp.a(alt_exception_entry.o)
                0x0000000000000020                alt_exception
 *(.exceptions.entry.user)
 *(.exceptions.entry.ecc_fatal)
 *(.exceptions.entry)
 .exceptions.entry
                0x0000000000000020       0x54 /home/codedwrench/Dropbox/school/nios/kbs_periode_4_fpga_game/playstationtest_bsp//libucosii_bsp.a(alt_exception_entry.o)
 *(.exceptions.irqtest.user)
 *(.exceptions.irqtest)
 .exceptions.irqtest
                0x0000000000000074       0x10 /home/codedwrench/Dropbox/school/nios/kbs_periode_4_fpga_game/playstationtest_bsp//libucosii_bsp.a(alt_irq_entry.o)
 *(.exceptions.irqhandler.user)
 *(.exceptions.irqhandler)
 .exceptions.irqhandler
                0x0000000000000084        0x4 /home/codedwrench/Dropbox/school/nios/kbs_periode_4_fpga_game/playstationtest_bsp//libucosii_bsp.a(alt_irq_entry.o)
 *(.exceptions.irqreturn.user)
 *(.exceptions.irqreturn)
 .exceptions.irqreturn
                0x0000000000000088        0x4 /home/codedwrench/Dropbox/school/nios/kbs_periode_4_fpga_game/playstationtest_bsp//libucosii_bsp.a(alt_irq_entry.o)
 *(.exceptions.notirq.label)
 .exceptions.notirq.label
                0x000000000000008c        0x0 /home/codedwrench/Dropbox/school/nios/kbs_periode_4_fpga_game/playstationtest_bsp//libucosii_bsp.a(alt_irq_entry.o)
 *(.exceptions.notirq.user)
 *(.exceptions.notirq)
 .exceptions.notirq
                0x000000000000008c        0x8 /home/codedwrench/Dropbox/school/nios/kbs_periode_4_fpga_game/playstationtest_bsp//libucosii_bsp.a(alt_exception_entry.o)
 *(.exceptions.soft.user)
 *(.exceptions.soft)
 *(.exceptions.unknown.user)
 *(.exceptions.unknown)
 .exceptions.unknown
                0x0000000000000094       0x14 /home/codedwrench/Dropbox/school/nios/kbs_periode_4_fpga_game/playstationtest_bsp//libucosii_bsp.a(alt_exception_entry.o)
 *(.exceptions.exit.label)
 .exceptions.exit.label
                0x00000000000000a8        0x0 /home/codedwrench/Dropbox/school/nios/kbs_periode_4_fpga_game/playstationtest_bsp//libucosii_bsp.a(alt_irq_entry.o)
 .exceptions.exit.label
                0x00000000000000a8        0x0 /home/codedwrench/Dropbox/school/nios/kbs_periode_4_fpga_game/playstationtest_bsp//libucosii_bsp.a(alt_exception_entry.o)
 *(.exceptions.exit.user)
 *(.exceptions.exit)
 .exceptions.exit
                0x00000000000000a8       0x54 /home/codedwrench/Dropbox/school/nios/kbs_periode_4_fpga_game/playstationtest_bsp//libucosii_bsp.a(alt_exception_entry.o)
 *(.exceptions)
 .exceptions    0x00000000000000fc       0xd4 /home/codedwrench/Dropbox/school/nios/kbs_periode_4_fpga_game/playstationtest_bsp//libucosii_bsp.a(alt_irq_handler.o)
                0x00000000000000fc                alt_irq_handler
 .exceptions    0x00000000000001d0       0x74 /home/codedwrench/Dropbox/school/nios/kbs_periode_4_fpga_game/playstationtest_bsp//libucosii_bsp.a(alt_instruction_exception_entry.o)
                0x00000000000001d0                alt_instruction_exception_entry
                0x0000000000000244                PROVIDE (__ram_exceptions_end, ABSOLUTE (.))
                0x0000000000000020                PROVIDE (__flash_exceptions_start, LOADADDR (.exceptions))

.text           0x0000000000000244     0xd0e0
                0x0000000000000244                PROVIDE (stext, ABSOLUTE (.))
 *(.interp)
 *(.hash)
 *(.dynsym)
 *(.dynstr)
 *(.gnu.version)
 *(.gnu.version_d)
 *(.gnu.version_r)
 *(.rel.init)
 *(.rela.init)
 *(.rel.text .rel.text.* .rel.gnu.linkonce.t.*)
 *(.rela.text .rela.text.* .rela.gnu.linkonce.t.*)
 *(.rel.fini)
 *(.rela.fini)
 *(.rel.rodata .rel.rodata.* .rel.gnu.linkonce.r.*)
 *(.rela.rodata .rela.rodata.* .rela.gnu.linkonce.r.*)
 *(.rel.data .rel.data.* .rel.gnu.linkonce.d.*)
 *(.rela.data .rela.data.* .rela.gnu.linkonce.d.*)
 *(.rel.tdata .rel.tdata.* .rel.gnu.linkonce.td.*)
 *(.rela.tdata .rela.tdata.* .rela.gnu.linkonce.td.*)
 *(.rel.tbss .rel.tbss.* .rel.gnu.linkonce.tb.*)
 *(.rela.tbss .rela.tbss.* .rela.gnu.linkonce.tb.*)
 *(.rel.ctors)
 *(.rela.ctors)
 *(.rel.dtors)
 *(.rela.dtors)
 *(.rel.got)
 *(.rela.got)
 *(.rel.sdata .rel.sdata.* .rel.gnu.linkonce.s.*)
 *(.rela.sdata .rela.sdata.* .rela.gnu.linkonce.s.*)
 *(.rel.sbss .rel.sbss.* .rel.gnu.linkonce.sb.*)
 *(.rela.sbss .rela.sbss.* .rela.gnu.linkonce.sb.*)
 *(.rel.sdata2 .rel.sdata2.* .rel.gnu.linkonce.s2.*)
 *(.rela.sdata2 .rela.sdata2.* .rela.gnu.linkonce.s2.*)
 *(.rel.sbss2 .rel.sbss2.* .rel.gnu.linkonce.sb2.*)
 *(.rela.sbss2 .rela.sbss2.* .rela.gnu.linkonce.sb2.*)
 *(.rel.bss .rel.bss.* .rel.gnu.linkonce.b.*)
 *(.rela.bss .rela.bss.* .rela.gnu.linkonce.b.*)
 *(.rel.plt)
 *(.rela.plt)
 *(.rel.dyn)
 *(.init)
 *(.plt)
 *(.text .stub .text.* .gnu.linkonce.t.*)
 .text          0x0000000000000244       0x3c /home/codedwrench/Dropbox/school/nios/kbs_periode_4_fpga_game/playstationtest_bsp//obj/HAL/src/crt0.o
                0x0000000000000244                _start
 .text          0x0000000000000280      0x850 obj/default/graphicslib.o
                0x0000000000000280                clearscreen
                0x0000000000000334                drawbox
                0x0000000000000400                drawrectangle
                0x0000000000000544                drawline
                0x000000000000075c                drawcircle
                0x00000000000009f4                wait_for_vsync
                0x0000000000000a3c                drawtext
 .text          0x0000000000000ad0      0x4dc obj/default/main.o
                0x0000000000000ad0                task1
                0x0000000000000e50                task2
                0x0000000000000e98                main
 .text          0x0000000000000fac       0xe4 /home/codedwrench/Dropbox/school/nios/kbs_periode_4_fpga_game/playstationtest_bsp//libucosii_bsp.a(alt_load.o)
                0x0000000000001010                alt_load
 .text          0x0000000000001090       0xd4 /home/codedwrench/Dropbox/school/nios/kbs_periode_4_fpga_game/playstationtest_bsp//libucosii_bsp.a(alt_main.o)
                0x0000000000001090                alt_main
 .text          0x0000000000001164      0x11c /home/codedwrench/Dropbox/school/nios/kbs_periode_4_fpga_game/playstationtest_bsp//libucosii_bsp.a(alt_env_lock.o)
                0x0000000000001164                __env_lock
                0x0000000000001224                __env_unlock
 .text          0x0000000000001280      0x1f0 /home/codedwrench/Dropbox/school/nios/kbs_periode_4_fpga_game/playstationtest_bsp//libucosii_bsp.a(alt_malloc_lock.o)
                0x0000000000001280                __malloc_lock
                0x00000000000013a0                __malloc_unlock
 .text          0x0000000000001470     0x1ff0 /home/codedwrench/Dropbox/school/nios/kbs_periode_4_fpga_game/playstationtest_bsp//libucosii_bsp.a(os_core.o)
                0x0000000000001470                OSEventNameGet
                0x0000000000001590                OSEventNameSet
                0x00000000000016cc                OSEventPendMulti
                0x0000000000001cdc                OSInit
                0x0000000000001d30                OSIntEnter
                0x0000000000001dac                OSIntExit
                0x0000000000001ea0                OSSchedLock
                0x0000000000001f28                OSSchedUnlock
                0x0000000000002000                OSStart
                0x000000000000206c                OSStatInit
                0x0000000000002118                OSTimeTick
                0x0000000000002334                OSVersion
                0x0000000000002354                OS_Dummy
                0x0000000000002370                OS_EventTaskRdy
                0x0000000000002508                OS_EventTaskWait
                0x0000000000002614                OS_EventTaskWaitMulti
                0x0000000000002760                OS_EventTaskRemove
                0x0000000000002814                OS_EventTaskRemoveMulti
                0x0000000000002910                OS_EventWaitListInit
                0x0000000000002cd4                OS_MemClr
                0x0000000000002d24                OS_MemCopy
                0x0000000000002d88                OS_Sched
                0x0000000000002ec4                OS_StrCopy
                0x0000000000002f38                OS_StrLen
                0x0000000000002f8c                OS_TaskIdle
                0x0000000000002fe8                OS_TaskStat
                0x00000000000030c4                OS_TaskStatStkChk
                0x000000000000318c                OS_TCBInit
 .text          0x0000000000003460      0x18c /home/codedwrench/Dropbox/school/nios/kbs_periode_4_fpga_game/playstationtest_bsp//libucosii_bsp.a(os_dbg.o)
                0x0000000000003460                OSDebugInit
 .text          0x00000000000035ec     0x181c /home/codedwrench/Dropbox/school/nios/kbs_periode_4_fpga_game/playstationtest_bsp//libucosii_bsp.a(os_flag.o)
                0x00000000000035ec                OSFlagAccept
                0x00000000000038f4                OSFlagCreate
                0x0000000000003a1c                OSFlagDel
                0x0000000000003c8c                OSFlagNameGet
                0x0000000000003dbc                OSFlagNameSet
                0x0000000000003f0c                OSFlagPend
                0x00000000000044fc                OSFlagPendGetFlagsRdy
                0x0000000000004564                OSFlagPost
                0x00000000000048ec                OSFlagQuery
                0x0000000000004b74                OS_FlagInit
                0x0000000000004d68                OS_FlagUnlink
 .text          0x0000000000004e08      0x784 /home/codedwrench/Dropbox/school/nios/kbs_periode_4_fpga_game/playstationtest_bsp//libucosii_bsp.a(os_mem.o)
                0x0000000000004e08                OSMemCreate
                0x0000000000004ffc                OSMemGet
                0x00000000000050ec                OSMemNameGet
                0x00000000000051e4                OSMemNameSet
                0x00000000000052fc                OSMemPut
                0x00000000000053d4                OSMemQuery
                0x00000000000054bc                OS_MemInit
 .text          0x000000000000558c     0x1210 /home/codedwrench/Dropbox/school/nios/kbs_periode_4_fpga_game/playstationtest_bsp//libucosii_bsp.a(os_q.o)
                0x000000000000558c                OSQAccept
                0x00000000000056cc                OSQCreate
                0x00000000000058c8                OSQDel
                0x0000000000005b90                OSQFlush
                0x0000000000005c48                OSQPend
                0x0000000000005f44                OSQPendAbort
                0x00000000000060b0                OSQPost
                0x0000000000006218                OSQPostFront
                0x0000000000006388                OSQPostOpt
                0x0000000000006594                OSQQuery
                0x00000000000066f0                OS_QInit
 .text          0x000000000000679c      0xb08 /home/codedwrench/Dropbox/school/nios/kbs_periode_4_fpga_game/playstationtest_bsp//libucosii_bsp.a(os_sem.o)
                0x000000000000679c                OSSemAccept
                0x000000000000684c                OSSemCreate
                0x000000000000694c                OSSemDel
                0x0000000000006bb4                OSSemPend
                0x0000000000006e1c                OSSemPendAbort
                0x0000000000006f88                OSSemPost
                0x0000000000007098                OSSemQuery
                0x00000000000071a8                OSSemSet
 .text          0x00000000000072a4     0x18f4 /home/codedwrench/Dropbox/school/nios/kbs_periode_4_fpga_game/playstationtest_bsp//libucosii_bsp.a(os_task.o)
                0x00000000000072a4                OSTaskChangePrio
                0x00000000000077e4                OSTaskCreate
                0x00000000000079a0                OSTaskCreateExt
                0x0000000000007b8c                OSTaskDel
                0x0000000000007f6c                OSTaskDelReq
                0x00000000000080c4                OSTaskNameGet
                0x000000000000826c                OSTaskNameSet
                0x000000000000842c                OSTaskResume
                0x0000000000008624                OSTaskStkChk
                0x00000000000087ec                OSTaskSuspend
                0x0000000000008a00                OSTaskQuery
                0x0000000000008b2c                OS_TaskStkClr
 .text          0x0000000000008b98      0x568 /home/codedwrench/Dropbox/school/nios/kbs_periode_4_fpga_game/playstationtest_bsp//libucosii_bsp.a(os_time.o)
                0x0000000000008b98                OSTimeDly
                0x0000000000008ce0                OSTimeDlyHMSM
                0x0000000000008e48                OSTimeDlyResume
                0x0000000000009038                OSTimeGet
                0x000000000000909c                OSTimeSet
 .text          0x0000000000009100      0x444 /home/codedwrench/Dropbox/school/nios/kbs_periode_4_fpga_game/playstationtest_bsp//libucosii_bsp.a(alt_sys_init.o)
                0x0000000000009138                alt_irq_init
                0x000000000000916c                alt_sys_init
 .text          0x0000000000009544      0x164 /home/codedwrench/Dropbox/school/nios/kbs_periode_4_fpga_game/playstationtest_bsp//libucosii_bsp.a(altera_avalon_jtag_uart_fd.o)
                0x0000000000009544                altera_avalon_jtag_uart_read_fd
                0x00000000000095a4                altera_avalon_jtag_uart_write_fd
                0x0000000000009604                altera_avalon_jtag_uart_close_fd
                0x0000000000009654                altera_avalon_jtag_uart_ioctl_fd
 .text          0x00000000000096a8      0x560 /home/codedwrench/Dropbox/school/nios/kbs_periode_4_fpga_game/playstationtest_bsp//libucosii_bsp.a(altera_avalon_jtag_uart_init.o)
                0x00000000000096a8                altera_avalon_jtag_uart_init
                0x0000000000009ba0                altera_avalon_jtag_uart_close
 .text          0x0000000000009c08       0xec /home/codedwrench/Dropbox/school/nios/kbs_periode_4_fpga_game/playstationtest_bsp//libucosii_bsp.a(altera_avalon_jtag_uart_ioctl.o)
                0x0000000000009c08                altera_avalon_jtag_uart_ioctl
 .text          0x0000000000009cf4      0x2b4 /home/codedwrench/Dropbox/school/nios/kbs_periode_4_fpga_game/playstationtest_bsp//libucosii_bsp.a(altera_avalon_jtag_uart_read.o)
                0x0000000000009cf4                altera_avalon_jtag_uart_read
 .text          0x0000000000009fa8      0x2c0 /home/codedwrench/Dropbox/school/nios/kbs_periode_4_fpga_game/playstationtest_bsp//libucosii_bsp.a(altera_avalon_jtag_uart_write.o)
                0x0000000000009fa8                altera_avalon_jtag_uart_write
 .text          0x000000000000a268       0xf8 /home/codedwrench/Dropbox/school/nios/kbs_periode_4_fpga_game/playstationtest_bsp//libucosii_bsp.a(altera_avalon_timer_sc.o)
                0x000000000000a2e0                alt_avalon_timer_sc_init
 .text          0x000000000000a360      0x4d8 /home/codedwrench/Dropbox/school/nios/kbs_periode_4_fpga_game/playstationtest_bsp//libucosii_bsp.a(altera_up_avalon_character_lcd.o)
                0x000000000000a360                get_DDRAM_addr
                0x000000000000a3d4                alt_up_character_lcd_send_cmd
                0x000000000000a410                alt_up_character_lcd_init
                0x000000000000a444                alt_up_character_lcd_open_dev
                0x000000000000a484                alt_up_character_lcd_write
                0x000000000000a4fc                alt_up_character_lcd_string
                0x000000000000a570                alt_up_character_lcd_write_fd
                0x000000000000a5c0                alt_up_character_lcd_set_cursor_pos
                0x000000000000a634                alt_up_character_lcd_shift_cursor
                0x000000000000a6bc                alt_up_character_lcd_shift_display
                0x000000000000a744                alt_up_character_lcd_erase_pos
                0x000000000000a7d0                alt_up_character_lcd_cursor_off
                0x000000000000a804                alt_up_character_lcd_cursor_blink_on
 .text          0x000000000000a838      0x388 /home/codedwrench/Dropbox/school/nios/kbs_periode_4_fpga_game/playstationtest_bsp//libucosii_bsp.a(altera_up_avalon_irda.o)
                0x000000000000a838                alt_up_irda_enable_read_interrupt
                0x000000000000a890                alt_up_irda_disable_read_interrupt
                0x000000000000a8ec                alt_up_irda_get_used_space_in_read_FIFO
                0x000000000000a92c                alt_up_irda_get_available_space_in_write_FIFO
                0x000000000000a968                alt_up_irda_check_parity
                0x000000000000a9ac                alt_up_irda_write_data
                0x000000000000a9ec                alt_up_irda_read_data
                0x000000000000aa60                alt_up_irda_read_fd
                0x000000000000aaf0                alt_up_irda_write_fd
                0x000000000000ab80                alt_up_irda_open_dev
 .text          0x000000000000abc0      0x6b4 /home/codedwrench/Dropbox/school/nios/kbs_periode_4_fpga_game/playstationtest_bsp//libucosii_bsp.a(altera_up_avalon_ps2.o)
                0x000000000000abc0                read_RI_bit
                0x000000000000abf4                read_RE_bit
                0x000000000000ac24                read_CE_bit
                0x000000000000ac58                read_num_bytes_available
                0x000000000000ac88                read_data_valid
                0x000000000000acbc                read_data_byte
                0x000000000000ace8                alt_up_ps2_init
                0x000000000000adac                alt_up_ps2_enable_read_interrupt
                0x000000000000ae04                alt_up_ps2_disable_read_interrupt
                0x000000000000ae60                alt_up_ps2_write_data_byte
                0x000000000000aed4                alt_up_ps2_wait_for_ack
                0x000000000000af44                alt_up_ps2_write_data_byte_with_ack
                0x000000000000afa8                alt_up_ps2_read_data_byte_timeout
                0x000000000000b04c                alt_up_ps2_read_data_byte
                0x000000000000b0bc                alt_up_ps2_clear_fifo
                0x000000000000b110                alt_up_ps2_read_fd
                0x000000000000b19c                alt_up_ps2_write_fd
                0x000000000000b234                alt_up_ps2_open_dev
 .text          0x000000000000b274      0x38c /home/codedwrench/Dropbox/school/nios/kbs_periode_4_fpga_game/playstationtest_bsp//libucosii_bsp.a(altera_up_avalon_rs232.o)
                0x000000000000b274                alt_up_rs232_enable_read_interrupt
                0x000000000000b2cc                alt_up_rs232_disable_read_interrupt
                0x000000000000b328                alt_up_rs232_get_used_space_in_read_FIFO
                0x000000000000b368                alt_up_rs232_get_available_space_in_write_FIFO
                0x000000000000b3a4                alt_up_rs232_check_parity
                0x000000000000b3e8                alt_up_rs232_write_data
                0x000000000000b428                alt_up_rs232_read_data
                0x000000000000b49c                alt_up_rs232_read_fd
                0x000000000000b52c                alt_up_rs232_write_fd
                0x000000000000b5c0                alt_up_rs232_open_dev
 .text          0x000000000000b600      0x2e8 /home/codedwrench/Dropbox/school/nios/kbs_periode_4_fpga_game/playstationtest_bsp//libucosii_bsp.a(altera_up_avalon_video_character_buffer_with_dma.o)
                0x000000000000b600                alt_up_char_buffer_init
                0x000000000000b680                alt_up_char_buffer_open_dev
                0x000000000000b6c0                alt_up_char_buffer_draw
                0x000000000000b78c                alt_up_char_buffer_string
                0x000000000000b88c                alt_up_char_buffer_clear
 .text          0x000000000000b8e8      0x140 /home/codedwrench/Dropbox/school/nios/kbs_periode_4_fpga_game/playstationtest_bsp//libucosii_bsp.a(alt_alarm_start.o)
                0x000000000000b8e8                alt_alarm_start
 .text          0x000000000000ba28      0x120 /home/codedwrench/Dropbox/school/nios/kbs_periode_4_fpga_game/playstationtest_bsp//libucosii_bsp.a(alt_close.o)
                0x000000000000ba78                close
 .text          0x000000000000bb48       0x1c /home/codedwrench/Dropbox/school/nios/kbs_periode_4_fpga_game/playstationtest_bsp//libucosii_bsp.a(alt_dcache_flush_all.o)
                0x000000000000bb48                alt_dcache_flush_all
 .text          0x000000000000bb64       0x2c /home/codedwrench/Dropbox/school/nios/kbs_periode_4_fpga_game/playstationtest_bsp//libucosii_bsp.a(alt_dev.o)
 .text          0x000000000000bb90       0xf4 /home/codedwrench/Dropbox/school/nios/kbs_periode_4_fpga_game/playstationtest_bsp//libucosii_bsp.a(alt_dev_llist_insert.o)
                0x000000000000bbe0                alt_dev_llist_insert
 .text          0x000000000000bc84       0x5c /home/codedwrench/Dropbox/school/nios/kbs_periode_4_fpga_game/playstationtest_bsp//libucosii_bsp.a(alt_do_ctors.o)
                0x000000000000bc84                _do_ctors
 .text          0x000000000000bce0       0x5c /home/codedwrench/Dropbox/school/nios/kbs_periode_4_fpga_game/playstationtest_bsp//libucosii_bsp.a(alt_do_dtors.o)
                0x000000000000bce0                _do_dtors
 .text          0x000000000000bd3c        0x0 /home/codedwrench/Dropbox/school/nios/kbs_periode_4_fpga_game/playstationtest_bsp//libucosii_bsp.a(alt_errno.o)
 .text          0x000000000000bd3c       0x90 /home/codedwrench/Dropbox/school/nios/kbs_periode_4_fpga_game/playstationtest_bsp//libucosii_bsp.a(alt_find_dev.o)
                0x000000000000bd3c                alt_find_dev
 .text          0x000000000000bdcc       0x30 /home/codedwrench/Dropbox/school/nios/kbs_periode_4_fpga_game/playstationtest_bsp//libucosii_bsp.a(alt_icache_flush_all.o)
                0x000000000000bdcc                alt_icache_flush_all
 .text          0x000000000000bdfc      0x138 /home/codedwrench/Dropbox/school/nios/kbs_periode_4_fpga_game/playstationtest_bsp//libucosii_bsp.a(alt_io_redirect.o)
                0x000000000000bebc                alt_io_redirect
 .text          0x000000000000bf34      0x1b0 /home/codedwrench/Dropbox/school/nios/kbs_periode_4_fpga_game/playstationtest_bsp//libucosii_bsp.a(alt_irq_register.o)
                0x000000000000bf34                alt_irq_register
 .text          0x000000000000c0e4        0x0 /home/codedwrench/Dropbox/school/nios/kbs_periode_4_fpga_game/playstationtest_bsp//libucosii_bsp.a(alt_irq_vars.o)
 .text          0x000000000000c0e4      0x274 /home/codedwrench/Dropbox/school/nios/kbs_periode_4_fpga_game/playstationtest_bsp//libucosii_bsp.a(alt_open.o)
                0x000000000000c200                open
 .text          0x000000000000c358       0x60 /home/codedwrench/Dropbox/school/nios/kbs_periode_4_fpga_game/playstationtest_bsp//libucosii_bsp.a(alt_release_fd.o)
                0x000000000000c358                alt_release_fd
 .text          0x000000000000c3b8      0x19c /home/codedwrench/Dropbox/school/nios/kbs_periode_4_fpga_game/playstationtest_bsp//libucosii_bsp.a(alt_tick.o)
                0x000000000000c3b8                alt_alarm_stop
                0x000000000000c450                alt_tick
 .text          0x000000000000c554       0x20 /home/codedwrench/Dropbox/school/nios/kbs_periode_4_fpga_game/playstationtest_bsp//libucosii_bsp.a(altera_nios2_gen2_irq.o)
                0x000000000000c554                altera_nios2_gen2_irq_init
 .text          0x000000000000c574       0xd0 /home/codedwrench/Dropbox/school/nios/kbs_periode_4_fpga_game/playstationtest_bsp//libucosii_bsp.a(os_cpu_a.o)
                0x000000000000c574                OSCtxSw
                0x000000000000c574                OSIntCtxSw
                0x000000000000c600                OSStartHighRdy
                0x000000000000c620                OSStartTsk
 .text          0x000000000000c644      0x264 /home/codedwrench/Dropbox/school/nios/kbs_periode_4_fpga_game/playstationtest_bsp//libucosii_bsp.a(os_cpu_c.o)
                0x000000000000c644                OSTaskStkInit
                0x000000000000c7a0                OSTaskCreateHook
                0x000000000000c7c0                OSTaskDelHook
                0x000000000000c7e0                OSTaskSwHook
                0x000000000000c7fc                OSTaskStatHook
                0x000000000000c818                OSTimeTickHook
                0x000000000000c834                OSInitHookBegin
                0x000000000000c850                OSInitHookEnd
                0x000000000000c86c                OSTaskIdleHook
                0x000000000000c888                OSTCBInitHook
 .text          0x000000000000c8a8      0x114 /home/codedwrench/Dropbox/school/nios/kbs_periode_4_fpga_game/playstationtest_bsp//libucosii_bsp.a(alt_find_file.o)
                0x000000000000c8a8                alt_find_file
 .text          0x000000000000c9bc       0xfc /home/codedwrench/Dropbox/school/nios/kbs_periode_4_fpga_game/playstationtest_bsp//libucosii_bsp.a(alt_get_fd.o)
                0x000000000000c9bc                alt_get_fd
 .text          0x000000000000cab8       0x8c /home/codedwrench/Dropbox/school/nios/kbs_periode_4_fpga_game/playstationtest_bsp//libucosii_bsp.a(alt_icache_flush.o)
                0x000000000000cab8                alt_icache_flush
 .text          0x000000000000cb44        0x0 /home/codedwrench/Dropbox/school/nios/kbs_periode_4_fpga_game/playstationtest_bsp//libucosii_bsp.a(alt_irq_entry.o)
 .text          0x000000000000cb44        0x0 /home/codedwrench/Dropbox/school/nios/kbs_periode_4_fpga_game/playstationtest_bsp//libucosii_bsp.a(alt_irq_handler.o)
 .text          0x000000000000cb44        0x0 /home/codedwrench/Dropbox/school/nios/kbs_periode_4_fpga_game/playstationtest_bsp//libucosii_bsp.a(alt_exception_entry.o)
 .text          0x000000000000cb44       0x9c /home/codedwrench/Dropbox/school/nios/kbs_periode_4_fpga_game/playstationtest_bsp//libucosii_bsp.a(alt_instruction_exception_entry.o)
                0x000000000000cb44                alt_exception_cause_generated_bad_addr
 .text          0x000000000000cbe0        0x0 /mnt/ssddata/altera_lite/15.1/nios2eds/bin/gnu/H-x86_64-pc-linux-gnu/bin/../lib/gcc/nios2-elf/4.9.2/../../../../../H-x86_64-pc-linux-gnu/nios2-elf/lib/mhw-mulx/libc.a(lib_a-atexit.o)
 .text.atexit   0x000000000000cbe0       0x14 /mnt/ssddata/altera_lite/15.1/nios2eds/bin/gnu/H-x86_64-pc-linux-gnu/bin/../lib/gcc/nios2-elf/4.9.2/../../../../../H-x86_64-pc-linux-gnu/nios2-elf/lib/mhw-mulx/libc.a(lib_a-atexit.o)
                0x000000000000cbe0                atexit
 .text          0x000000000000cbf4        0x0 /mnt/ssddata/altera_lite/15.1/nios2eds/bin/gnu/H-x86_64-pc-linux-gnu/bin/../lib/gcc/nios2-elf/4.9.2/../../../../../H-x86_64-pc-linux-gnu/nios2-elf/lib/mhw-mulx/libc.a(lib_a-exit.o)
 .text.exit     0x000000000000cbf4       0x38 /mnt/ssddata/altera_lite/15.1/nios2eds/bin/gnu/H-x86_64-pc-linux-gnu/bin/../lib/gcc/nios2-elf/4.9.2/../../../../../H-x86_64-pc-linux-gnu/nios2-elf/lib/mhw-mulx/libc.a(lib_a-exit.o)
                0x000000000000cbf4                exit
 .text          0x000000000000cc2c        0x0 /mnt/ssddata/altera_lite/15.1/nios2eds/bin/gnu/H-x86_64-pc-linux-gnu/bin/../lib/gcc/nios2-elf/4.9.2/../../../../../H-x86_64-pc-linux-gnu/nios2-elf/lib/mhw-mulx/libc.a(lib_a-impure.o)
 .text          0x000000000000cc2c        0x0 /mnt/ssddata/altera_lite/15.1/nios2eds/bin/gnu/H-x86_64-pc-linux-gnu/bin/../lib/gcc/nios2-elf/4.9.2/../../../../../H-x86_64-pc-linux-gnu/nios2-elf/lib/mhw-mulx/libc.a(lib_a-int_errno.o)
 .text          0x000000000000cc2c        0x0 /mnt/ssddata/altera_lite/15.1/nios2eds/bin/gnu/H-x86_64-pc-linux-gnu/bin/../lib/gcc/nios2-elf/4.9.2/../../../../../H-x86_64-pc-linux-gnu/nios2-elf/lib/mhw-mulx/libc.a(lib_a-memcmp.o)
 .text.memcmp   0x000000000000cc2c       0x7c /mnt/ssddata/altera_lite/15.1/nios2eds/bin/gnu/H-x86_64-pc-linux-gnu/bin/../lib/gcc/nios2-elf/4.9.2/../../../../../H-x86_64-pc-linux-gnu/nios2-elf/lib/mhw-mulx/libc.a(lib_a-memcmp.o)
                0x000000000000cc2c                memcmp
 .text          0x000000000000cca8        0x0 /mnt/ssddata/altera_lite/15.1/nios2eds/bin/gnu/H-x86_64-pc-linux-gnu/bin/../lib/gcc/nios2-elf/4.9.2/../../../../../H-x86_64-pc-linux-gnu/nios2-elf/lib/mhw-mulx/libc.a(lib_a-memcpy.o)
 .text.memcpy   0x000000000000cca8      0x138 /mnt/ssddata/altera_lite/15.1/nios2eds/bin/gnu/H-x86_64-pc-linux-gnu/bin/../lib/gcc/nios2-elf/4.9.2/../../../../../H-x86_64-pc-linux-gnu/nios2-elf/lib/mhw-mulx/libc.a(lib_a-memcpy.o)
                0x000000000000cca8                memcpy
 .text          0x000000000000cde0        0x0 /mnt/ssddata/altera_lite/15.1/nios2eds/bin/gnu/H-x86_64-pc-linux-gnu/bin/../lib/gcc/nios2-elf/4.9.2/../../../../../H-x86_64-pc-linux-gnu/nios2-elf/lib/mhw-mulx/libc.a(lib_a-memset.o)
 .text.memset   0x000000000000cde0      0x124 /mnt/ssddata/altera_lite/15.1/nios2eds/bin/gnu/H-x86_64-pc-linux-gnu/bin/../lib/gcc/nios2-elf/4.9.2/../../../../../H-x86_64-pc-linux-gnu/nios2-elf/lib/mhw-mulx/libc.a(lib_a-memset.o)
                0x000000000000cde0                memset
 .text          0x000000000000cf04        0x0 /mnt/ssddata/altera_lite/15.1/nios2eds/bin/gnu/H-x86_64-pc-linux-gnu/bin/../lib/gcc/nios2-elf/4.9.2/../../../../../H-x86_64-pc-linux-gnu/nios2-elf/lib/mhw-mulx/libc.a(lib_a-strcmp.o)
 .text.strcmp   0x000000000000cf04       0xa4 /mnt/ssddata/altera_lite/15.1/nios2eds/bin/gnu/H-x86_64-pc-linux-gnu/bin/../lib/gcc/nios2-elf/4.9.2/../../../../../H-x86_64-pc-linux-gnu/nios2-elf/lib/mhw-mulx/libc.a(lib_a-strcmp.o)
                0x000000000000cf04                strcmp
 .text          0x000000000000cfa8        0x0 /mnt/ssddata/altera_lite/15.1/nios2eds/bin/gnu/H-x86_64-pc-linux-gnu/bin/../lib/gcc/nios2-elf/4.9.2/../../../../../H-x86_64-pc-linux-gnu/nios2-elf/lib/mhw-mulx/libc.a(lib_a-strlen.o)
 .text.strlen   0x000000000000cfa8       0x98 /mnt/ssddata/altera_lite/15.1/nios2eds/bin/gnu/H-x86_64-pc-linux-gnu/bin/../lib/gcc/nios2-elf/4.9.2/../../../../../H-x86_64-pc-linux-gnu/nios2-elf/lib/mhw-mulx/libc.a(lib_a-strlen.o)
                0x000000000000cfa8                strlen
 .text          0x000000000000d040        0x0 /mnt/ssddata/altera_lite/15.1/nios2eds/bin/gnu/H-x86_64-pc-linux-gnu/bin/../lib/gcc/nios2-elf/4.9.2/../../../../../H-x86_64-pc-linux-gnu/nios2-elf/lib/mhw-mulx/libc.a(lib_a-__atexit.o)
 .text.__register_exitproc
                0x000000000000d040      0x114 /mnt/ssddata/altera_lite/15.1/nios2eds/bin/gnu/H-x86_64-pc-linux-gnu/bin/../lib/gcc/nios2-elf/4.9.2/../../../../../H-x86_64-pc-linux-gnu/nios2-elf/lib/mhw-mulx/libc.a(lib_a-__atexit.o)
                0x000000000000d040                __register_exitproc
 .text          0x000000000000d154        0x0 /mnt/ssddata/altera_lite/15.1/nios2eds/bin/gnu/H-x86_64-pc-linux-gnu/bin/../lib/gcc/nios2-elf/4.9.2/../../../../../H-x86_64-pc-linux-gnu/nios2-elf/lib/mhw-mulx/libc.a(lib_a-__call_atexit.o)
 .text.__call_exitprocs
                0x000000000000d154      0x194 /mnt/ssddata/altera_lite/15.1/nios2eds/bin/gnu/H-x86_64-pc-linux-gnu/bin/../lib/gcc/nios2-elf/4.9.2/../../../../../H-x86_64-pc-linux-gnu/nios2-elf/lib/mhw-mulx/libc.a(lib_a-__call_atexit.o)
                0x000000000000d154                __call_exitprocs
 .text          0x000000000000d2e8       0x3c /home/codedwrench/Dropbox/school/nios/kbs_periode_4_fpga_game/playstationtest_bsp//libucosii_bsp.a(alt_exit.o)
                0x000000000000d2e8                _exit
 *(.gnu.warning.*)
 *(.fini)
                0x000000000000d324                PROVIDE (__etext, ABSOLUTE (.))
                0x000000000000d324                PROVIDE (_etext, ABSOLUTE (.))
                0x000000000000d324                PROVIDE (etext, ABSOLUTE (.))
 *(.eh_frame_hdr)
                0x000000000000d324                . = ALIGN (0x4)
                0x000000000000d324                PROVIDE (__preinit_array_start, ABSOLUTE (.))
 *(.preinit_array)
                0x000000000000d324                PROVIDE (__preinit_array_end, ABSOLUTE (.))
                0x000000000000d324                PROVIDE (__init_array_start, ABSOLUTE (.))
 *(.init_array)
                0x000000000000d324                PROVIDE (__init_array_end, ABSOLUTE (.))
                0x000000000000d324                PROVIDE (__fini_array_start, ABSOLUTE (.))
 *(.fini_array)
                0x000000000000d324                PROVIDE (__fini_array_end, ABSOLUTE (.))
 *(.eh_frame)
 *(.gcc_except_table .gcc_except_table.*)
 *(.dynamic)
                0x000000000000d324                PROVIDE (__CTOR_LIST__, ABSOLUTE (.))
 *(.ctors)
 *(SORT(.ctors.*))
                0x000000000000d324                PROVIDE (__CTOR_END__, ABSOLUTE (.))
                0x000000000000d324                PROVIDE (__DTOR_LIST__, ABSOLUTE (.))
 *(.dtors)
 *(SORT(.dtors.*))
                0x000000000000d324                PROVIDE (__DTOR_END__, ABSOLUTE (.))
 *(.jcr)
                0x000000000000d324                . = ALIGN (0x4)

.rodata         0x000000000000d324      0x2fc
                0x000000000000d324                PROVIDE (__ram_rodata_start, ABSOLUTE (.))
                0x000000000000d324                . = ALIGN (0x4)
 *(.rodata .rodata.* .gnu.linkonce.r.*)
 .rodata        0x000000000000d324        0xc obj/default/main.o
 .rodata        0x000000000000d330       0x10 /home/codedwrench/Dropbox/school/nios/kbs_periode_4_fpga_game/playstationtest_bsp//libucosii_bsp.a(alt_main.o)
 .rodata        0x000000000000d340      0x120 /home/codedwrench/Dropbox/school/nios/kbs_periode_4_fpga_game/playstationtest_bsp//libucosii_bsp.a(os_core.o)
                0x000000000000d340                OSUnMapTbl
 .rodata        0x000000000000d460      0x190 /home/codedwrench/Dropbox/school/nios/kbs_periode_4_fpga_game/playstationtest_bsp//libucosii_bsp.a(alt_sys_init.o)
 .rodata        0x000000000000d5f0       0x1c /home/codedwrench/Dropbox/school/nios/kbs_periode_4_fpga_game/playstationtest_bsp//libucosii_bsp.a(altera_up_avalon_video_character_buffer_with_dma.o)
 .rodata        0x000000000000d60c        0xc /home/codedwrench/Dropbox/school/nios/kbs_periode_4_fpga_game/playstationtest_bsp//libucosii_bsp.a(alt_dev.o)
 .rodata        0x000000000000d618        0x4 /home/codedwrench/Dropbox/school/nios/kbs_periode_4_fpga_game/playstationtest_bsp//libucosii_bsp.a(os_cpu_c.o)
 .rodata.str1.4
                0x000000000000d61c        0x4 /mnt/ssddata/altera_lite/15.1/nios2eds/bin/gnu/H-x86_64-pc-linux-gnu/bin/../lib/gcc/nios2-elf/4.9.2/../../../../../H-x86_64-pc-linux-gnu/nios2-elf/lib/mhw-mulx/libc.a(lib_a-impure.o)
 *(.rodata1)
                0x000000000000d620                . = ALIGN (0x4)
                0x000000000000d620                PROVIDE (__ram_rodata_end, ABSOLUTE (.))
                0x000000000000d324                PROVIDE (__flash_rodata_start, LOADADDR (.rodata))

.rwdata         0x000000000000d620     0x1a74 load address 0x000000000000f094
                0x000000000000d620                PROVIDE (__ram_rwdata_start, ABSOLUTE (.))
                0x000000000000d620                . = ALIGN (0x4)
 *(.got.plt)
 *(.got)
 *(.data1)
 *(.data .data.* .gnu.linkonce.d.*)
 .data          0x000000000000d620        0x0 /home/codedwrench/Dropbox/school/nios/kbs_periode_4_fpga_game/playstationtest_bsp//obj/HAL/src/crt0.o
 .data          0x000000000000d620        0x0 obj/default/graphicslib.o
 .data          0x000000000000d620        0x0 obj/default/main.o
 .data          0x000000000000d620        0x0 /home/codedwrench/Dropbox/school/nios/kbs_periode_4_fpga_game/playstationtest_bsp//libucosii_bsp.a(alt_load.o)
 .data          0x000000000000d620        0x0 /home/codedwrench/Dropbox/school/nios/kbs_periode_4_fpga_game/playstationtest_bsp//libucosii_bsp.a(alt_main.o)
 .data          0x000000000000d620        0x0 /home/codedwrench/Dropbox/school/nios/kbs_periode_4_fpga_game/playstationtest_bsp//libucosii_bsp.a(alt_env_lock.o)
 .data          0x000000000000d620        0x0 /home/codedwrench/Dropbox/school/nios/kbs_periode_4_fpga_game/playstationtest_bsp//libucosii_bsp.a(alt_malloc_lock.o)
 .data          0x000000000000d620        0x0 /home/codedwrench/Dropbox/school/nios/kbs_periode_4_fpga_game/playstationtest_bsp//libucosii_bsp.a(os_core.o)
 .data          0x000000000000d620        0x0 /home/codedwrench/Dropbox/school/nios/kbs_periode_4_fpga_game/playstationtest_bsp//libucosii_bsp.a(os_dbg.o)
 .data          0x000000000000d620        0x0 /home/codedwrench/Dropbox/school/nios/kbs_periode_4_fpga_game/playstationtest_bsp//libucosii_bsp.a(os_flag.o)
 .data          0x000000000000d620        0x0 /home/codedwrench/Dropbox/school/nios/kbs_periode_4_fpga_game/playstationtest_bsp//libucosii_bsp.a(os_mem.o)
 .data          0x000000000000d620        0x0 /home/codedwrench/Dropbox/school/nios/kbs_periode_4_fpga_game/playstationtest_bsp//libucosii_bsp.a(os_q.o)
 .data          0x000000000000d620        0x0 /home/codedwrench/Dropbox/school/nios/kbs_periode_4_fpga_game/playstationtest_bsp//libucosii_bsp.a(os_sem.o)
 .data          0x000000000000d620        0x0 /home/codedwrench/Dropbox/school/nios/kbs_periode_4_fpga_game/playstationtest_bsp//libucosii_bsp.a(os_task.o)
 .data          0x000000000000d620        0x0 /home/codedwrench/Dropbox/school/nios/kbs_periode_4_fpga_game/playstationtest_bsp//libucosii_bsp.a(os_time.o)
 .data          0x000000000000d620     0x13f0 /home/codedwrench/Dropbox/school/nios/kbs_periode_4_fpga_game/playstationtest_bsp//libucosii_bsp.a(alt_sys_init.o)
 .data          0x000000000000ea10        0x0 /home/codedwrench/Dropbox/school/nios/kbs_periode_4_fpga_game/playstationtest_bsp//libucosii_bsp.a(altera_avalon_jtag_uart_fd.o)
 .data          0x000000000000ea10        0x0 /home/codedwrench/Dropbox/school/nios/kbs_periode_4_fpga_game/playstationtest_bsp//libucosii_bsp.a(altera_avalon_jtag_uart_init.o)
 .data          0x000000000000ea10        0x0 /home/codedwrench/Dropbox/school/nios/kbs_periode_4_fpga_game/playstationtest_bsp//libucosii_bsp.a(altera_avalon_jtag_uart_ioctl.o)
 .data          0x000000000000ea10        0x0 /home/codedwrench/Dropbox/school/nios/kbs_periode_4_fpga_game/playstationtest_bsp//libucosii_bsp.a(altera_avalon_jtag_uart_read.o)
 .data          0x000000000000ea10        0x0 /home/codedwrench/Dropbox/school/nios/kbs_periode_4_fpga_game/playstationtest_bsp//libucosii_bsp.a(altera_avalon_jtag_uart_write.o)
 .data          0x000000000000ea10        0x0 /home/codedwrench/Dropbox/school/nios/kbs_periode_4_fpga_game/playstationtest_bsp//libucosii_bsp.a(altera_avalon_timer_sc.o)
 .data          0x000000000000ea10        0x0 /home/codedwrench/Dropbox/school/nios/kbs_periode_4_fpga_game/playstationtest_bsp//libucosii_bsp.a(altera_up_avalon_character_lcd.o)
 .data          0x000000000000ea10        0x0 /home/codedwrench/Dropbox/school/nios/kbs_periode_4_fpga_game/playstationtest_bsp//libucosii_bsp.a(altera_up_avalon_irda.o)
 .data          0x000000000000ea10        0x0 /home/codedwrench/Dropbox/school/nios/kbs_periode_4_fpga_game/playstationtest_bsp//libucosii_bsp.a(altera_up_avalon_ps2.o)
 .data          0x000000000000ea10        0x0 /home/codedwrench/Dropbox/school/nios/kbs_periode_4_fpga_game/playstationtest_bsp//libucosii_bsp.a(altera_up_avalon_rs232.o)
 .data          0x000000000000ea10        0x0 /home/codedwrench/Dropbox/school/nios/kbs_periode_4_fpga_game/playstationtest_bsp//libucosii_bsp.a(altera_up_avalon_video_character_buffer_with_dma.o)
 .data          0x000000000000ea10        0x0 /home/codedwrench/Dropbox/school/nios/kbs_periode_4_fpga_game/playstationtest_bsp//libucosii_bsp.a(alt_alarm_start.o)
 .data          0x000000000000ea10        0x0 /home/codedwrench/Dropbox/school/nios/kbs_periode_4_fpga_game/playstationtest_bsp//libucosii_bsp.a(alt_close.o)
 .data          0x000000000000ea10        0x0 /home/codedwrench/Dropbox/school/nios/kbs_periode_4_fpga_game/playstationtest_bsp//libucosii_bsp.a(alt_dcache_flush_all.o)
 .data          0x000000000000ea10      0x1a8 /home/codedwrench/Dropbox/school/nios/kbs_periode_4_fpga_game/playstationtest_bsp//libucosii_bsp.a(alt_dev.o)
                0x000000000000ea10                alt_dev_null
                0x000000000000ea38                alt_fd_list
 .data          0x000000000000ebb8        0x0 /home/codedwrench/Dropbox/school/nios/kbs_periode_4_fpga_game/playstationtest_bsp//libucosii_bsp.a(alt_dev_llist_insert.o)
 .data          0x000000000000ebb8        0x0 /home/codedwrench/Dropbox/school/nios/kbs_periode_4_fpga_game/playstationtest_bsp//libucosii_bsp.a(alt_do_ctors.o)
 .data          0x000000000000ebb8        0x0 /home/codedwrench/Dropbox/school/nios/kbs_periode_4_fpga_game/playstationtest_bsp//libucosii_bsp.a(alt_do_dtors.o)
 .data          0x000000000000ebb8        0x0 /home/codedwrench/Dropbox/school/nios/kbs_periode_4_fpga_game/playstationtest_bsp//libucosii_bsp.a(alt_errno.o)
 .data          0x000000000000ebb8        0x0 /home/codedwrench/Dropbox/school/nios/kbs_periode_4_fpga_game/playstationtest_bsp//libucosii_bsp.a(alt_find_dev.o)
 .data          0x000000000000ebb8        0x0 /home/codedwrench/Dropbox/school/nios/kbs_periode_4_fpga_game/playstationtest_bsp//libucosii_bsp.a(alt_icache_flush_all.o)
 .data          0x000000000000ebb8        0x0 /home/codedwrench/Dropbox/school/nios/kbs_periode_4_fpga_game/playstationtest_bsp//libucosii_bsp.a(alt_io_redirect.o)
 .data          0x000000000000ebb8        0x0 /home/codedwrench/Dropbox/school/nios/kbs_periode_4_fpga_game/playstationtest_bsp//libucosii_bsp.a(alt_irq_register.o)
 .data          0x000000000000ebb8        0x0 /home/codedwrench/Dropbox/school/nios/kbs_periode_4_fpga_game/playstationtest_bsp//libucosii_bsp.a(alt_irq_vars.o)
 .data          0x000000000000ebb8        0x0 /home/codedwrench/Dropbox/school/nios/kbs_periode_4_fpga_game/playstationtest_bsp//libucosii_bsp.a(alt_open.o)
 .data          0x000000000000ebb8        0x0 /home/codedwrench/Dropbox/school/nios/kbs_periode_4_fpga_game/playstationtest_bsp//libucosii_bsp.a(alt_release_fd.o)
 .data          0x000000000000ebb8        0x0 /home/codedwrench/Dropbox/school/nios/kbs_periode_4_fpga_game/playstationtest_bsp//libucosii_bsp.a(alt_tick.o)
 .data          0x000000000000ebb8        0x0 /home/codedwrench/Dropbox/school/nios/kbs_periode_4_fpga_game/playstationtest_bsp//libucosii_bsp.a(altera_nios2_gen2_irq.o)
 .data          0x000000000000ebb8        0x0 /home/codedwrench/Dropbox/school/nios/kbs_periode_4_fpga_game/playstationtest_bsp//libucosii_bsp.a(os_cpu_a.o)
 .data          0x000000000000ebb8        0x0 /home/codedwrench/Dropbox/school/nios/kbs_periode_4_fpga_game/playstationtest_bsp//libucosii_bsp.a(os_cpu_c.o)
 .data          0x000000000000ebb8        0x0 /home/codedwrench/Dropbox/school/nios/kbs_periode_4_fpga_game/playstationtest_bsp//libucosii_bsp.a(alt_find_file.o)
 .data          0x000000000000ebb8        0x0 /home/codedwrench/Dropbox/school/nios/kbs_periode_4_fpga_game/playstationtest_bsp//libucosii_bsp.a(alt_get_fd.o)
 .data          0x000000000000ebb8        0x0 /home/codedwrench/Dropbox/school/nios/kbs_periode_4_fpga_game/playstationtest_bsp//libucosii_bsp.a(alt_icache_flush.o)
 .data          0x000000000000ebb8        0x0 /home/codedwrench/Dropbox/school/nios/kbs_periode_4_fpga_game/playstationtest_bsp//libucosii_bsp.a(alt_irq_entry.o)
 .data          0x000000000000ebb8        0x0 /home/codedwrench/Dropbox/school/nios/kbs_periode_4_fpga_game/playstationtest_bsp//libucosii_bsp.a(alt_irq_handler.o)
 .data          0x000000000000ebb8        0x0 /home/codedwrench/Dropbox/school/nios/kbs_periode_4_fpga_game/playstationtest_bsp//libucosii_bsp.a(alt_exception_entry.o)
 .data          0x000000000000ebb8        0x0 /home/codedwrench/Dropbox/school/nios/kbs_periode_4_fpga_game/playstationtest_bsp//libucosii_bsp.a(alt_instruction_exception_entry.o)
 .data          0x000000000000ebb8        0x0 /mnt/ssddata/altera_lite/15.1/nios2eds/bin/gnu/H-x86_64-pc-linux-gnu/bin/../lib/gcc/nios2-elf/4.9.2/../../../../../H-x86_64-pc-linux-gnu/nios2-elf/lib/mhw-mulx/libc.a(lib_a-atexit.o)
 .data          0x000000000000ebb8        0x0 /mnt/ssddata/altera_lite/15.1/nios2eds/bin/gnu/H-x86_64-pc-linux-gnu/bin/../lib/gcc/nios2-elf/4.9.2/../../../../../H-x86_64-pc-linux-gnu/nios2-elf/lib/mhw-mulx/libc.a(lib_a-exit.o)
 .data          0x000000000000ebb8        0x0 /mnt/ssddata/altera_lite/15.1/nios2eds/bin/gnu/H-x86_64-pc-linux-gnu/bin/../lib/gcc/nios2-elf/4.9.2/../../../../../H-x86_64-pc-linux-gnu/nios2-elf/lib/mhw-mulx/libc.a(lib_a-impure.o)
 .data.impure_data
                0x000000000000ebb8      0x424 /mnt/ssddata/altera_lite/15.1/nios2eds/bin/gnu/H-x86_64-pc-linux-gnu/bin/../lib/gcc/nios2-elf/4.9.2/../../../../../H-x86_64-pc-linux-gnu/nios2-elf/lib/mhw-mulx/libc.a(lib_a-impure.o)
 .data          0x000000000000efdc        0x0 /mnt/ssddata/altera_lite/15.1/nios2eds/bin/gnu/H-x86_64-pc-linux-gnu/bin/../lib/gcc/nios2-elf/4.9.2/../../../../../H-x86_64-pc-linux-gnu/nios2-elf/lib/mhw-mulx/libc.a(lib_a-int_errno.o)
 .data          0x000000000000efdc        0x0 /mnt/ssddata/altera_lite/15.1/nios2eds/bin/gnu/H-x86_64-pc-linux-gnu/bin/../lib/gcc/nios2-elf/4.9.2/../../../../../H-x86_64-pc-linux-gnu/nios2-elf/lib/mhw-mulx/libc.a(lib_a-memcmp.o)
 .data          0x000000000000efdc        0x0 /mnt/ssddata/altera_lite/15.1/nios2eds/bin/gnu/H-x86_64-pc-linux-gnu/bin/../lib/gcc/nios2-elf/4.9.2/../../../../../H-x86_64-pc-linux-gnu/nios2-elf/lib/mhw-mulx/libc.a(lib_a-memcpy.o)
 .data          0x000000000000efdc        0x0 /mnt/ssddata/altera_lite/15.1/nios2eds/bin/gnu/H-x86_64-pc-linux-gnu/bin/../lib/gcc/nios2-elf/4.9.2/../../../../../H-x86_64-pc-linux-gnu/nios2-elf/lib/mhw-mulx/libc.a(lib_a-memset.o)
 .data          0x000000000000efdc        0x0 /mnt/ssddata/altera_lite/15.1/nios2eds/bin/gnu/H-x86_64-pc-linux-gnu/bin/../lib/gcc/nios2-elf/4.9.2/../../../../../H-x86_64-pc-linux-gnu/nios2-elf/lib/mhw-mulx/libc.a(lib_a-strcmp.o)
 .data          0x000000000000efdc        0x0 /mnt/ssddata/altera_lite/15.1/nios2eds/bin/gnu/H-x86_64-pc-linux-gnu/bin/../lib/gcc/nios2-elf/4.9.2/../../../../../H-x86_64-pc-linux-gnu/nios2-elf/lib/mhw-mulx/libc.a(lib_a-strlen.o)
 .data          0x000000000000efdc        0x0 /mnt/ssddata/altera_lite/15.1/nios2eds/bin/gnu/H-x86_64-pc-linux-gnu/bin/../lib/gcc/nios2-elf/4.9.2/../../../../../H-x86_64-pc-linux-gnu/nios2-elf/lib/mhw-mulx/libc.a(lib_a-__atexit.o)
 .data          0x000000000000efdc        0x0 /mnt/ssddata/altera_lite/15.1/nios2eds/bin/gnu/H-x86_64-pc-linux-gnu/bin/../lib/gcc/nios2-elf/4.9.2/../../../../../H-x86_64-pc-linux-gnu/nios2-elf/lib/mhw-mulx/libc.a(lib_a-__call_atexit.o)
 .data          0x000000000000efdc        0x0 /home/codedwrench/Dropbox/school/nios/kbs_periode_4_fpga_game/playstationtest_bsp//libucosii_bsp.a(alt_exit.o)
                0x0000000000016fdc                _gp = ABSOLUTE ((. + 0x8000))
                0x0000000000016fdc                PROVIDE (gp, _gp)
 *(.rwdata .rwdata.*)
 *(.sdata .sdata.* .gnu.linkonce.s.*)
 .sdata         0x000000000000efdc       0x10 obj/default/main.o
                0x000000000000efdc                pixel_buffer_start
                0x000000000000efe0                buffer_register
                0x000000000000efe4                dma_control
                0x000000000000efe8                character_buffer
 .sdata         0x000000000000efec        0x4 /home/codedwrench/Dropbox/school/nios/kbs_periode_4_fpga_game/playstationtest_bsp//libucosii_bsp.a(alt_env_lock.o)
 .sdata         0x000000000000eff0        0x4 /home/codedwrench/Dropbox/school/nios/kbs_periode_4_fpga_game/playstationtest_bsp//libucosii_bsp.a(alt_malloc_lock.o)
 .sdata         0x000000000000eff4       0x74 /home/codedwrench/Dropbox/school/nios/kbs_periode_4_fpga_game/playstationtest_bsp//libucosii_bsp.a(os_dbg.o)
                0x000000000000eff4                OSDebugEn
                0x000000000000eff8                OSEndiannessTest
                0x000000000000effc                OSEventEn
                0x000000000000effe                OSEventMax
                0x000000000000f000                OSEventNameSize
                0x000000000000f002                OSEventSize
                0x000000000000f004                OSEventTblSize
                0x000000000000f006                OSEventMultiEn
                0x000000000000f008                OSFlagEn
                0x000000000000f00a                OSFlagGrpSize
                0x000000000000f00c                OSFlagNodeSize
                0x000000000000f00e                OSFlagWidth
                0x000000000000f010                OSFlagMax
                0x000000000000f012                OSFlagNameSize
                0x000000000000f014                OSLowestPrio
                0x000000000000f016                OSMboxEn
                0x000000000000f018                OSMemEn
                0x000000000000f01a                OSMemMax
                0x000000000000f01c                OSMemNameSize
                0x000000000000f01e                OSMemSize
                0x000000000000f020                OSMemTblSize
                0x000000000000f022                OSMutexEn
                0x000000000000f024                OSPtrSize
                0x000000000000f026                OSQEn
                0x000000000000f028                OSQMax
                0x000000000000f02a                OSQSize
                0x000000000000f02c                OSRdyTblSize
                0x000000000000f02e                OSSemEn
                0x000000000000f030                OSStkWidth
                0x000000000000f032                OSTaskCreateEn
                0x000000000000f034                OSTaskCreateExtEn
                0x000000000000f036                OSTaskDelEn
                0x000000000000f038                OSTaskIdleStkSize
                0x000000000000f03a                OSTaskProfileEn
                0x000000000000f03c                OSTaskMax
                0x000000000000f03e                OSTaskNameSize
                0x000000000000f040                OSTaskStatEn
                0x000000000000f042                OSTaskStatStkSize
                0x000000000000f044                OSTaskStatStkChkEn
                0x000000000000f046                OSTaskSwHookEn
                0x000000000000f048                OSTCBPrioTblMax
                0x000000000000f04a                OSTCBSize
                0x000000000000f04c                OSTicksPerSec
                0x000000000000f04e                OSTimeTickHookEn
                0x000000000000f050                OSVersionNbr
                0x000000000000f052                OSTmrEn
                0x000000000000f054                OSTmrCfgMax
                0x000000000000f056                OSTmrCfgNameSize
                0x000000000000f058                OSTmrCfgWheelSize
                0x000000000000f05a                OSTmrCfgTicksPerSec
                0x000000000000f05c                OSTmrSize
                0x000000000000f05e                OSTmrTblSize
                0x000000000000f060                OSTmrWheelSize
                0x000000000000f062                OSTmrWheelTblSize
                0x000000000000f064                OSDataSize
 .sdata         0x000000000000f068       0x14 /home/codedwrench/Dropbox/school/nios/kbs_periode_4_fpga_game/playstationtest_bsp//libucosii_bsp.a(alt_dev.o)
                0x000000000000f068                alt_fs_list
                0x000000000000f070                alt_dev_list
                0x000000000000f078                alt_max_fd
 .sdata         0x000000000000f07c        0x4 /home/codedwrench/Dropbox/school/nios/kbs_periode_4_fpga_game/playstationtest_bsp//libucosii_bsp.a(alt_errno.o)
                0x000000000000f07c                alt_errno
 .sdata         0x000000000000f080        0x4 /home/codedwrench/Dropbox/school/nios/kbs_periode_4_fpga_game/playstationtest_bsp//libucosii_bsp.a(alt_irq_vars.o)
                0x000000000000f080                alt_priority_mask
 .sdata         0x000000000000f084        0x8 /home/codedwrench/Dropbox/school/nios/kbs_periode_4_fpga_game/playstationtest_bsp//libucosii_bsp.a(alt_tick.o)
                0x000000000000f084                alt_alarm_list
 .sdata._global_impure_ptr
                0x000000000000f08c        0x4 /mnt/ssddata/altera_lite/15.1/nios2eds/bin/gnu/H-x86_64-pc-linux-gnu/bin/../lib/gcc/nios2-elf/4.9.2/../../../../../H-x86_64-pc-linux-gnu/nios2-elf/lib/mhw-mulx/libc.a(lib_a-impure.o)
                0x000000000000f08c                _global_impure_ptr
 .sdata._impure_ptr
                0x000000000000f090        0x4 /mnt/ssddata/altera_lite/15.1/nios2eds/bin/gnu/H-x86_64-pc-linux-gnu/bin/../lib/gcc/nios2-elf/4.9.2/../../../../../H-x86_64-pc-linux-gnu/nios2-elf/lib/mhw-mulx/libc.a(lib_a-impure.o)
                0x000000000000f090                _impure_ptr
 *(.sdata2 .sdata2.* .gnu.linkonce.s2.*)
                0x000000000000f094                . = ALIGN (0x4)
                0x000000000000f094                _edata = ABSOLUTE (.)
                0x000000000000f094                PROVIDE (edata, ABSOLUTE (.))
                0x000000000000f094                PROVIDE (__ram_rwdata_end, ABSOLUTE (.))
                0x000000000000f094                PROVIDE (__flash_rwdata_start, LOADADDR (.rwdata))

.bss            0x0000000000010b08     0x73a8
                0x0000000000010b08                __bss_start = ABSOLUTE (.)
                0x0000000000010b08                PROVIDE (__sbss_start, ABSOLUTE (.))
                0x0000000000010b08                PROVIDE (___sbss_start, ABSOLUTE (.))
 *(.dynsbss)
 *(.sbss .sbss.* .gnu.linkonce.sb.*)
 .sbss          0x0000000000010b08        0xc /home/codedwrench/Dropbox/school/nios/kbs_periode_4_fpga_game/playstationtest_bsp//libucosii_bsp.a(alt_main.o)
                0x0000000000010b08                alt_argc
                0x0000000000010b0c                alt_argv
                0x0000000000010b10                alt_envp
 .sbss          0x0000000000010b14        0x4 /home/codedwrench/Dropbox/school/nios/kbs_periode_4_fpga_game/playstationtest_bsp//libucosii_bsp.a(alt_env_lock.o)
 .sbss          0x0000000000010b18        0x4 /home/codedwrench/Dropbox/school/nios/kbs_periode_4_fpga_game/playstationtest_bsp//libucosii_bsp.a(alt_env_lock.o)
                0x0000000000010b18                alt_envsem
 .sbss          0x0000000000010b1c        0x8 /home/codedwrench/Dropbox/school/nios/kbs_periode_4_fpga_game/playstationtest_bsp//libucosii_bsp.a(alt_malloc_lock.o)
                0x0000000000010b20                alt_heapsem
 .sbss          0x0000000000010b24       0x50 /home/codedwrench/Dropbox/school/nios/kbs_periode_4_fpga_game/playstationtest_bsp//libucosii_bsp.a(os_core.o)
                0x0000000000010b24                OSLockNesting
                0x0000000000010b25                OSRunning
                0x0000000000010b28                OSIdleCtr
                0x0000000000010b2c                OSPrioHighRdy
                0x0000000000010b2d                OSPrioCur
                0x0000000000010b30                OSTCBList
                0x0000000000010b34                OSTickStepState
                0x0000000000010b38                OSCtxSwCtr
                0x0000000000010b3c                OSIdleCtrMax
                0x0000000000010b40                OSTCBFreeList
                0x0000000000010b44                OSCPUUsage
                0x0000000000010b45                OSTaskCtr
                0x0000000000010b48                OSMemFreeList
                0x0000000000010b4c                OSTCBHighRdy
                0x0000000000010b50                OSQFreeList
                0x0000000000010b54                OSRdyGrp
                0x0000000000010b55                OSRdyTbl
                0x0000000000010b58                OSEventFreeList
                0x0000000000010b5c                OSIntNesting
                0x0000000000010b60                OSTCBCur
                0x0000000000010b64                OSTime
                0x0000000000010b68                OSFlagFreeList
                0x0000000000010b6c                OSStatRdy
                0x0000000000010b70                OSIdleCtrRun
 .sbss          0x0000000000010b74        0x4 /home/codedwrench/Dropbox/school/nios/kbs_periode_4_fpga_game/playstationtest_bsp//libucosii_bsp.a(alt_dev.o)
                0x0000000000010b74                alt_fd_list_lock
 .sbss          0x0000000000010b78        0x4 /home/codedwrench/Dropbox/school/nios/kbs_periode_4_fpga_game/playstationtest_bsp//libucosii_bsp.a(alt_irq_vars.o)
                0x0000000000010b78                alt_irq_active
 .sbss          0x0000000000010b7c        0x8 /home/codedwrench/Dropbox/school/nios/kbs_periode_4_fpga_game/playstationtest_bsp//libucosii_bsp.a(alt_tick.o)
                0x0000000000010b7c                _alt_tick_rate
                0x0000000000010b80                _alt_nticks
 .sbss          0x0000000000010b84        0x4 /home/codedwrench/Dropbox/school/nios/kbs_periode_4_fpga_game/playstationtest_bsp//libucosii_bsp.a(alt_instruction_exception_entry.o)
                0x0000000000010b84                alt_instruction_exception_handler
 .sbss          0x0000000000010b88        0x4 /mnt/ssddata/altera_lite/15.1/nios2eds/bin/gnu/H-x86_64-pc-linux-gnu/bin/../lib/gcc/nios2-elf/4.9.2/../../../../../H-x86_64-pc-linux-gnu/nios2-elf/lib/mhw-mulx/libc.a(lib_a-int_errno.o)
                0x0000000000010b88                errno
 *(.sbss2 .sbss2.* .gnu.linkonce.sb2.*)
 *(.scommon)
                0x0000000000010b8c                PROVIDE (__sbss_end, ABSOLUTE (.))
                0x0000000000010b8c                PROVIDE (___sbss_end, ABSOLUTE (.))
 *(.dynbss)
 *(.bss .bss.* .gnu.linkonce.b.*)
 .bss           0x0000000000010b8c        0x0 /home/codedwrench/Dropbox/school/nios/kbs_periode_4_fpga_game/playstationtest_bsp//obj/HAL/src/crt0.o
 .bss           0x0000000000010b8c        0x0 obj/default/graphicslib.o
 .bss           0x0000000000010b8c        0x0 obj/default/main.o
 .bss           0x0000000000010b8c        0x0 /home/codedwrench/Dropbox/school/nios/kbs_periode_4_fpga_game/playstationtest_bsp//libucosii_bsp.a(alt_load.o)
 .bss           0x0000000000010b8c        0x0 /home/codedwrench/Dropbox/school/nios/kbs_periode_4_fpga_game/playstationtest_bsp//libucosii_bsp.a(alt_main.o)
 .bss           0x0000000000010b8c        0x0 /home/codedwrench/Dropbox/school/nios/kbs_periode_4_fpga_game/playstationtest_bsp//libucosii_bsp.a(alt_env_lock.o)
 .bss           0x0000000000010b8c        0x0 /home/codedwrench/Dropbox/school/nios/kbs_periode_4_fpga_game/playstationtest_bsp//libucosii_bsp.a(alt_malloc_lock.o)
 .bss           0x0000000000010b8c        0x0 /home/codedwrench/Dropbox/school/nios/kbs_periode_4_fpga_game/playstationtest_bsp//libucosii_bsp.a(os_core.o)
 .bss           0x0000000000010b8c        0x0 /home/codedwrench/Dropbox/school/nios/kbs_periode_4_fpga_game/playstationtest_bsp//libucosii_bsp.a(os_dbg.o)
 .bss           0x0000000000010b8c        0x0 /home/codedwrench/Dropbox/school/nios/kbs_periode_4_fpga_game/playstationtest_bsp//libucosii_bsp.a(os_flag.o)
 .bss           0x0000000000010b8c        0x0 /home/codedwrench/Dropbox/school/nios/kbs_periode_4_fpga_game/playstationtest_bsp//libucosii_bsp.a(os_mem.o)
 .bss           0x0000000000010b8c        0x0 /home/codedwrench/Dropbox/school/nios/kbs_periode_4_fpga_game/playstationtest_bsp//libucosii_bsp.a(os_q.o)
 .bss           0x0000000000010b8c        0x0 /home/codedwrench/Dropbox/school/nios/kbs_periode_4_fpga_game/playstationtest_bsp//libucosii_bsp.a(os_sem.o)
 .bss           0x0000000000010b8c        0x0 /home/codedwrench/Dropbox/school/nios/kbs_periode_4_fpga_game/playstationtest_bsp//libucosii_bsp.a(os_task.o)
 .bss           0x0000000000010b8c        0x0 /home/codedwrench/Dropbox/school/nios/kbs_periode_4_fpga_game/playstationtest_bsp//libucosii_bsp.a(os_time.o)
 .bss           0x0000000000010b8c        0x0 /home/codedwrench/Dropbox/school/nios/kbs_periode_4_fpga_game/playstationtest_bsp//libucosii_bsp.a(alt_sys_init.o)
 .bss           0x0000000000010b8c        0x0 /home/codedwrench/Dropbox/school/nios/kbs_periode_4_fpga_game/playstationtest_bsp//libucosii_bsp.a(altera_avalon_jtag_uart_fd.o)
 .bss           0x0000000000010b8c        0x0 /home/codedwrench/Dropbox/school/nios/kbs_periode_4_fpga_game/playstationtest_bsp//libucosii_bsp.a(altera_avalon_jtag_uart_init.o)
 .bss           0x0000000000010b8c        0x0 /home/codedwrench/Dropbox/school/nios/kbs_periode_4_fpga_game/playstationtest_bsp//libucosii_bsp.a(altera_avalon_jtag_uart_ioctl.o)
 .bss           0x0000000000010b8c        0x0 /home/codedwrench/Dropbox/school/nios/kbs_periode_4_fpga_game/playstationtest_bsp//libucosii_bsp.a(altera_avalon_jtag_uart_read.o)
 .bss           0x0000000000010b8c        0x0 /home/codedwrench/Dropbox/school/nios/kbs_periode_4_fpga_game/playstationtest_bsp//libucosii_bsp.a(altera_avalon_jtag_uart_write.o)
 .bss           0x0000000000010b8c        0x0 /home/codedwrench/Dropbox/school/nios/kbs_periode_4_fpga_game/playstationtest_bsp//libucosii_bsp.a(altera_avalon_timer_sc.o)
 .bss           0x0000000000010b8c        0x0 /home/codedwrench/Dropbox/school/nios/kbs_periode_4_fpga_game/playstationtest_bsp//libucosii_bsp.a(altera_up_avalon_character_lcd.o)
 .bss           0x0000000000010b8c        0x0 /home/codedwrench/Dropbox/school/nios/kbs_periode_4_fpga_game/playstationtest_bsp//libucosii_bsp.a(altera_up_avalon_irda.o)
 .bss           0x0000000000010b8c        0x0 /home/codedwrench/Dropbox/school/nios/kbs_periode_4_fpga_game/playstationtest_bsp//libucosii_bsp.a(altera_up_avalon_ps2.o)
 .bss           0x0000000000010b8c        0x0 /home/codedwrench/Dropbox/school/nios/kbs_periode_4_fpga_game/playstationtest_bsp//libucosii_bsp.a(altera_up_avalon_rs232.o)
 .bss           0x0000000000010b8c        0x0 /home/codedwrench/Dropbox/school/nios/kbs_periode_4_fpga_game/playstationtest_bsp//libucosii_bsp.a(altera_up_avalon_video_character_buffer_with_dma.o)
 .bss           0x0000000000010b8c        0x0 /home/codedwrench/Dropbox/school/nios/kbs_periode_4_fpga_game/playstationtest_bsp//libucosii_bsp.a(alt_alarm_start.o)
 .bss           0x0000000000010b8c        0x0 /home/codedwrench/Dropbox/school/nios/kbs_periode_4_fpga_game/playstationtest_bsp//libucosii_bsp.a(alt_close.o)
 .bss           0x0000000000010b8c        0x0 /home/codedwrench/Dropbox/school/nios/kbs_periode_4_fpga_game/playstationtest_bsp//libucosii_bsp.a(alt_dcache_flush_all.o)
 .bss           0x0000000000010b8c        0x0 /home/codedwrench/Dropbox/school/nios/kbs_periode_4_fpga_game/playstationtest_bsp//libucosii_bsp.a(alt_dev.o)
 .bss           0x0000000000010b8c        0x0 /home/codedwrench/Dropbox/school/nios/kbs_periode_4_fpga_game/playstationtest_bsp//libucosii_bsp.a(alt_dev_llist_insert.o)
 .bss           0x0000000000010b8c        0x0 /home/codedwrench/Dropbox/school/nios/kbs_periode_4_fpga_game/playstationtest_bsp//libucosii_bsp.a(alt_do_ctors.o)
 .bss           0x0000000000010b8c        0x0 /home/codedwrench/Dropbox/school/nios/kbs_periode_4_fpga_game/playstationtest_bsp//libucosii_bsp.a(alt_do_dtors.o)
 .bss           0x0000000000010b8c        0x0 /home/codedwrench/Dropbox/school/nios/kbs_periode_4_fpga_game/playstationtest_bsp//libucosii_bsp.a(alt_errno.o)
 .bss           0x0000000000010b8c        0x0 /home/codedwrench/Dropbox/school/nios/kbs_periode_4_fpga_game/playstationtest_bsp//libucosii_bsp.a(alt_find_dev.o)
 .bss           0x0000000000010b8c        0x0 /home/codedwrench/Dropbox/school/nios/kbs_periode_4_fpga_game/playstationtest_bsp//libucosii_bsp.a(alt_icache_flush_all.o)
 .bss           0x0000000000010b8c        0x0 /home/codedwrench/Dropbox/school/nios/kbs_periode_4_fpga_game/playstationtest_bsp//libucosii_bsp.a(alt_io_redirect.o)
 .bss           0x0000000000010b8c        0x0 /home/codedwrench/Dropbox/school/nios/kbs_periode_4_fpga_game/playstationtest_bsp//libucosii_bsp.a(alt_irq_register.o)
 .bss           0x0000000000010b8c        0x0 /home/codedwrench/Dropbox/school/nios/kbs_periode_4_fpga_game/playstationtest_bsp//libucosii_bsp.a(alt_irq_vars.o)
 .bss           0x0000000000010b8c        0x0 /home/codedwrench/Dropbox/school/nios/kbs_periode_4_fpga_game/playstationtest_bsp//libucosii_bsp.a(alt_open.o)
 .bss           0x0000000000010b8c        0x0 /home/codedwrench/Dropbox/school/nios/kbs_periode_4_fpga_game/playstationtest_bsp//libucosii_bsp.a(alt_release_fd.o)
 .bss           0x0000000000010b8c        0x0 /home/codedwrench/Dropbox/school/nios/kbs_periode_4_fpga_game/playstationtest_bsp//libucosii_bsp.a(alt_tick.o)
 .bss           0x0000000000010b8c        0x0 /home/codedwrench/Dropbox/school/nios/kbs_periode_4_fpga_game/playstationtest_bsp//libucosii_bsp.a(altera_nios2_gen2_irq.o)
 .bss           0x0000000000010b8c        0x0 /home/codedwrench/Dropbox/school/nios/kbs_periode_4_fpga_game/playstationtest_bsp//libucosii_bsp.a(os_cpu_a.o)
 .bss           0x0000000000010b8c        0x0 /home/codedwrench/Dropbox/school/nios/kbs_periode_4_fpga_game/playstationtest_bsp//libucosii_bsp.a(os_cpu_c.o)
 .bss           0x0000000000010b8c        0x0 /home/codedwrench/Dropbox/school/nios/kbs_periode_4_fpga_game/playstationtest_bsp//libucosii_bsp.a(alt_find_file.o)
 .bss           0x0000000000010b8c        0x0 /home/codedwrench/Dropbox/school/nios/kbs_periode_4_fpga_game/playstationtest_bsp//libucosii_bsp.a(alt_get_fd.o)
 .bss           0x0000000000010b8c        0x0 /home/codedwrench/Dropbox/school/nios/kbs_periode_4_fpga_game/playstationtest_bsp//libucosii_bsp.a(alt_icache_flush.o)
 .bss           0x0000000000010b8c        0x0 /home/codedwrench/Dropbox/school/nios/kbs_periode_4_fpga_game/playstationtest_bsp//libucosii_bsp.a(alt_irq_entry.o)
 .bss           0x0000000000010b8c        0x0 /home/codedwrench/Dropbox/school/nios/kbs_periode_4_fpga_game/playstationtest_bsp//libucosii_bsp.a(alt_irq_handler.o)
 .bss           0x0000000000010b8c        0x0 /home/codedwrench/Dropbox/school/nios/kbs_periode_4_fpga_game/playstationtest_bsp//libucosii_bsp.a(alt_exception_entry.o)
 .bss           0x0000000000010b8c        0x0 /home/codedwrench/Dropbox/school/nios/kbs_periode_4_fpga_game/playstationtest_bsp//libucosii_bsp.a(alt_instruction_exception_entry.o)
 .bss           0x0000000000010b8c        0x0 /mnt/ssddata/altera_lite/15.1/nios2eds/bin/gnu/H-x86_64-pc-linux-gnu/bin/../lib/gcc/nios2-elf/4.9.2/../../../../../H-x86_64-pc-linux-gnu/nios2-elf/lib/mhw-mulx/libc.a(lib_a-atexit.o)
 .bss           0x0000000000010b8c        0x0 /mnt/ssddata/altera_lite/15.1/nios2eds/bin/gnu/H-x86_64-pc-linux-gnu/bin/../lib/gcc/nios2-elf/4.9.2/../../../../../H-x86_64-pc-linux-gnu/nios2-elf/lib/mhw-mulx/libc.a(lib_a-exit.o)
 .bss           0x0000000000010b8c        0x0 /mnt/ssddata/altera_lite/15.1/nios2eds/bin/gnu/H-x86_64-pc-linux-gnu/bin/../lib/gcc/nios2-elf/4.9.2/../../../../../H-x86_64-pc-linux-gnu/nios2-elf/lib/mhw-mulx/libc.a(lib_a-impure.o)
 .bss           0x0000000000010b8c        0x0 /mnt/ssddata/altera_lite/15.1/nios2eds/bin/gnu/H-x86_64-pc-linux-gnu/bin/../lib/gcc/nios2-elf/4.9.2/../../../../../H-x86_64-pc-linux-gnu/nios2-elf/lib/mhw-mulx/libc.a(lib_a-int_errno.o)
 .bss           0x0000000000010b8c        0x0 /mnt/ssddata/altera_lite/15.1/nios2eds/bin/gnu/H-x86_64-pc-linux-gnu/bin/../lib/gcc/nios2-elf/4.9.2/../../../../../H-x86_64-pc-linux-gnu/nios2-elf/lib/mhw-mulx/libc.a(lib_a-memcmp.o)
 .bss           0x0000000000010b8c        0x0 /mnt/ssddata/altera_lite/15.1/nios2eds/bin/gnu/H-x86_64-pc-linux-gnu/bin/../lib/gcc/nios2-elf/4.9.2/../../../../../H-x86_64-pc-linux-gnu/nios2-elf/lib/mhw-mulx/libc.a(lib_a-memcpy.o)
 .bss           0x0000000000010b8c        0x0 /mnt/ssddata/altera_lite/15.1/nios2eds/bin/gnu/H-x86_64-pc-linux-gnu/bin/../lib/gcc/nios2-elf/4.9.2/../../../../../H-x86_64-pc-linux-gnu/nios2-elf/lib/mhw-mulx/libc.a(lib_a-memset.o)
 .bss           0x0000000000010b8c        0x0 /mnt/ssddata/altera_lite/15.1/nios2eds/bin/gnu/H-x86_64-pc-linux-gnu/bin/../lib/gcc/nios2-elf/4.9.2/../../../../../H-x86_64-pc-linux-gnu/nios2-elf/lib/mhw-mulx/libc.a(lib_a-strcmp.o)
 .bss           0x0000000000010b8c        0x0 /mnt/ssddata/altera_lite/15.1/nios2eds/bin/gnu/H-x86_64-pc-linux-gnu/bin/../lib/gcc/nios2-elf/4.9.2/../../../../../H-x86_64-pc-linux-gnu/nios2-elf/lib/mhw-mulx/libc.a(lib_a-strlen.o)
 .bss           0x0000000000010b8c        0x0 /mnt/ssddata/altera_lite/15.1/nios2eds/bin/gnu/H-x86_64-pc-linux-gnu/bin/../lib/gcc/nios2-elf/4.9.2/../../../../../H-x86_64-pc-linux-gnu/nios2-elf/lib/mhw-mulx/libc.a(lib_a-__atexit.o)
 .bss           0x0000000000010b8c        0x0 /mnt/ssddata/altera_lite/15.1/nios2eds/bin/gnu/H-x86_64-pc-linux-gnu/bin/../lib/gcc/nios2-elf/4.9.2/../../../../../H-x86_64-pc-linux-gnu/nios2-elf/lib/mhw-mulx/libc.a(lib_a-__call_atexit.o)
 .bss           0x0000000000010b8c        0x0 /home/codedwrench/Dropbox/school/nios/kbs_periode_4_fpga_game/playstationtest_bsp//libucosii_bsp.a(alt_exit.o)
 *(COMMON)
 COMMON         0x0000000000010b8c     0x4000 obj/default/main.o
                0x0000000000010b8c                task1_stk
                0x0000000000012b8c                task2_stk
 COMMON         0x0000000000014b8c     0x3224 /home/codedwrench/Dropbox/school/nios/kbs_periode_4_fpga_game/playstationtest_bsp//libucosii_bsp.a(os_core.o)
                0x0000000000014b8c                OSFlagTbl
                0x0000000000014efc                OSMemTbl
                0x0000000000015b2c                OSTaskStatStk
                0x000000000001632c                OSQTbl
                0x000000000001650c                OSTaskIdleStk
                0x0000000000016d0c                OSEventTbl
                0x000000000001784c                OSTCBTbl
                0x0000000000017d5c                OSTCBPrioTbl
 COMMON         0x0000000000017db0      0x100 /home/codedwrench/Dropbox/school/nios/kbs_periode_4_fpga_game/playstationtest_bsp//libucosii_bsp.a(alt_irq_handler.o)
                0x0000000000017db0                alt_irq
                0x0000000000017eb0                . = ALIGN (0x4)
                0x0000000000017eb0                __bss_end = ABSOLUTE (.)

.SDRAM          0x0000000000017eb0        0x0
                0x0000000000017eb0                PROVIDE (_alt_partition_SDRAM_start, ABSOLUTE (.))
 *(.SDRAM .SDRAM. SDRAM.*)
                0x0000000000017eb0                . = ALIGN (0x4)
                0x0000000000017eb0                PROVIDE (_alt_partition_SDRAM_end, ABSOLUTE (.))
                0x0000000000017eb0                _end = ABSOLUTE (.)
                0x0000000000017eb0                end = ABSOLUTE (.)
                0x0000000000017eb0                __alt_stack_base = ABSOLUTE (.)
                0x0000000000017eb0                PROVIDE (_alt_partition_SDRAM_load_addr, LOADADDR (.SDRAM))

.Flash_flash_data
                0x000000000c000000        0x0 load address 0x0000000000017eb0
                0x000000000c000000                PROVIDE (_alt_partition_Flash_flash_data_start, ABSOLUTE (.))
 *(.Flash_flash_data .Flash_flash_data. Flash_flash_data.*)
                0x000000000c000000                . = ALIGN (0x4)
                0x000000000c000000                PROVIDE (_alt_partition_Flash_flash_data_end, ABSOLUTE (.))
                0x0000000000017eb0                PROVIDE (_alt_partition_Flash_flash_data_load_addr, LOADADDR (.Flash_flash_data))

.stab
 *(.stab)

.stabstr
 *(.stabstr)

.stab.excl
 *(.stab.excl)

.stab.exclstr
 *(.stab.exclstr)

.stab.index
 *(.stab.index)

.stab.indexstr
 *(.stab.indexstr)

.comment        0x0000000000000000       0x23
 *(.comment)
 .comment       0x0000000000000000       0x23 obj/default/graphicslib.o
                                         0x24 (size before relaxing)
 .comment       0x0000000000000000       0x24 obj/default/main.o
 .comment       0x0000000000000000       0x24 /home/codedwrench/Dropbox/school/nios/kbs_periode_4_fpga_game/playstationtest_bsp//libucosii_bsp.a(alt_load.o)
 .comment       0x0000000000000000       0x24 /home/codedwrench/Dropbox/school/nios/kbs_periode_4_fpga_game/playstationtest_bsp//libucosii_bsp.a(alt_main.o)
 .comment       0x0000000000000000       0x24 /home/codedwrench/Dropbox/school/nios/kbs_periode_4_fpga_game/playstationtest_bsp//libucosii_bsp.a(alt_env_lock.o)
 .comment       0x0000000000000000       0x24 /home/codedwrench/Dropbox/school/nios/kbs_periode_4_fpga_game/playstationtest_bsp//libucosii_bsp.a(alt_malloc_lock.o)
 .comment       0x0000000000000000       0x24 /home/codedwrench/Dropbox/school/nios/kbs_periode_4_fpga_game/playstationtest_bsp//libucosii_bsp.a(os_core.o)
 .comment       0x0000000000000000       0x24 /home/codedwrench/Dropbox/school/nios/kbs_periode_4_fpga_game/playstationtest_bsp//libucosii_bsp.a(os_dbg.o)
 .comment       0x0000000000000000       0x24 /home/codedwrench/Dropbox/school/nios/kbs_periode_4_fpga_game/playstationtest_bsp//libucosii_bsp.a(os_flag.o)
 .comment       0x0000000000000000       0x24 /home/codedwrench/Dropbox/school/nios/kbs_periode_4_fpga_game/playstationtest_bsp//libucosii_bsp.a(os_mem.o)
 .comment       0x0000000000000000       0x24 /home/codedwrench/Dropbox/school/nios/kbs_periode_4_fpga_game/playstationtest_bsp//libucosii_bsp.a(os_q.o)
 .comment       0x0000000000000000       0x24 /home/codedwrench/Dropbox/school/nios/kbs_periode_4_fpga_game/playstationtest_bsp//libucosii_bsp.a(os_sem.o)
 .comment       0x0000000000000000       0x24 /home/codedwrench/Dropbox/school/nios/kbs_periode_4_fpga_game/playstationtest_bsp//libucosii_bsp.a(os_task.o)
 .comment       0x0000000000000000       0x24 /home/codedwrench/Dropbox/school/nios/kbs_periode_4_fpga_game/playstationtest_bsp//libucosii_bsp.a(os_time.o)
 .comment       0x0000000000000000       0x24 /home/codedwrench/Dropbox/school/nios/kbs_periode_4_fpga_game/playstationtest_bsp//libucosii_bsp.a(alt_sys_init.o)
 .comment       0x0000000000000000       0x24 /home/codedwrench/Dropbox/school/nios/kbs_periode_4_fpga_game/playstationtest_bsp//libucosii_bsp.a(altera_avalon_jtag_uart_fd.o)
 .comment       0x0000000000000000       0x24 /home/codedwrench/Dropbox/school/nios/kbs_periode_4_fpga_game/playstationtest_bsp//libucosii_bsp.a(altera_avalon_jtag_uart_init.o)
 .comment       0x0000000000000000       0x24 /home/codedwrench/Dropbox/school/nios/kbs_periode_4_fpga_game/playstationtest_bsp//libucosii_bsp.a(altera_avalon_jtag_uart_ioctl.o)
 .comment       0x0000000000000000       0x24 /home/codedwrench/Dropbox/school/nios/kbs_periode_4_fpga_game/playstationtest_bsp//libucosii_bsp.a(altera_avalon_jtag_uart_read.o)
 .comment       0x0000000000000000       0x24 /home/codedwrench/Dropbox/school/nios/kbs_periode_4_fpga_game/playstationtest_bsp//libucosii_bsp.a(altera_avalon_jtag_uart_write.o)
 .comment       0x0000000000000000       0x24 /home/codedwrench/Dropbox/school/nios/kbs_periode_4_fpga_game/playstationtest_bsp//libucosii_bsp.a(altera_avalon_timer_sc.o)
 .comment       0x0000000000000000       0x24 /home/codedwrench/Dropbox/school/nios/kbs_periode_4_fpga_game/playstationtest_bsp//libucosii_bsp.a(altera_up_avalon_character_lcd.o)
 .comment       0x0000000000000000       0x24 /home/codedwrench/Dropbox/school/nios/kbs_periode_4_fpga_game/playstationtest_bsp//libucosii_bsp.a(altera_up_avalon_irda.o)
 .comment       0x0000000000000000       0x24 /home/codedwrench/Dropbox/school/nios/kbs_periode_4_fpga_game/playstationtest_bsp//libucosii_bsp.a(altera_up_avalon_ps2.o)
 .comment       0x0000000000000000       0x24 /home/codedwrench/Dropbox/school/nios/kbs_periode_4_fpga_game/playstationtest_bsp//libucosii_bsp.a(altera_up_avalon_rs232.o)
 .comment       0x0000000000000000       0x24 /home/codedwrench/Dropbox/school/nios/kbs_periode_4_fpga_game/playstationtest_bsp//libucosii_bsp.a(altera_up_avalon_video_character_buffer_with_dma.o)
 .comment       0x0000000000000000       0x24 /home/codedwrench/Dropbox/school/nios/kbs_periode_4_fpga_game/playstationtest_bsp//libucosii_bsp.a(alt_alarm_start.o)
 .comment       0x0000000000000000       0x24 /home/codedwrench/Dropbox/school/nios/kbs_periode_4_fpga_game/playstationtest_bsp//libucosii_bsp.a(alt_close.o)
 .comment       0x0000000000000000       0x24 /home/codedwrench/Dropbox/school/nios/kbs_periode_4_fpga_game/playstationtest_bsp//libucosii_bsp.a(alt_dcache_flush_all.o)
 .comment       0x0000000000000000       0x24 /home/codedwrench/Dropbox/school/nios/kbs_periode_4_fpga_game/playstationtest_bsp//libucosii_bsp.a(alt_dev.o)
 .comment       0x0000000000000000       0x24 /home/codedwrench/Dropbox/school/nios/kbs_periode_4_fpga_game/playstationtest_bsp//libucosii_bsp.a(alt_dev_llist_insert.o)
 .comment       0x0000000000000000       0x24 /home/codedwrench/Dropbox/school/nios/kbs_periode_4_fpga_game/playstationtest_bsp//libucosii_bsp.a(alt_do_ctors.o)
 .comment       0x0000000000000000       0x24 /home/codedwrench/Dropbox/school/nios/kbs_periode_4_fpga_game/playstationtest_bsp//libucosii_bsp.a(alt_do_dtors.o)
 .comment       0x0000000000000000       0x24 /home/codedwrench/Dropbox/school/nios/kbs_periode_4_fpga_game/playstationtest_bsp//libucosii_bsp.a(alt_errno.o)
 .comment       0x0000000000000000       0x24 /home/codedwrench/Dropbox/school/nios/kbs_periode_4_fpga_game/playstationtest_bsp//libucosii_bsp.a(alt_find_dev.o)
 .comment       0x0000000000000000       0x24 /home/codedwrench/Dropbox/school/nios/kbs_periode_4_fpga_game/playstationtest_bsp//libucosii_bsp.a(alt_icache_flush_all.o)
 .comment       0x0000000000000000       0x24 /home/codedwrench/Dropbox/school/nios/kbs_periode_4_fpga_game/playstationtest_bsp//libucosii_bsp.a(alt_io_redirect.o)
 .comment       0x0000000000000000       0x24 /home/codedwrench/Dropbox/school/nios/kbs_periode_4_fpga_game/playstationtest_bsp//libucosii_bsp.a(alt_irq_register.o)
 .comment       0x0000000000000000       0x24 /home/codedwrench/Dropbox/school/nios/kbs_periode_4_fpga_game/playstationtest_bsp//libucosii_bsp.a(alt_irq_vars.o)
 .comment       0x0000000000000000       0x24 /home/codedwrench/Dropbox/school/nios/kbs_periode_4_fpga_game/playstationtest_bsp//libucosii_bsp.a(alt_open.o)
 .comment       0x0000000000000000       0x24 /home/codedwrench/Dropbox/school/nios/kbs_periode_4_fpga_game/playstationtest_bsp//libucosii_bsp.a(alt_release_fd.o)
 .comment       0x0000000000000000       0x24 /home/codedwrench/Dropbox/school/nios/kbs_periode_4_fpga_game/playstationtest_bsp//libucosii_bsp.a(alt_tick.o)
 .comment       0x0000000000000000       0x24 /home/codedwrench/Dropbox/school/nios/kbs_periode_4_fpga_game/playstationtest_bsp//libucosii_bsp.a(altera_nios2_gen2_irq.o)
 .comment       0x0000000000000000       0x24 /home/codedwrench/Dropbox/school/nios/kbs_periode_4_fpga_game/playstationtest_bsp//libucosii_bsp.a(os_cpu_c.o)
 .comment       0x0000000000000000       0x24 /home/codedwrench/Dropbox/school/nios/kbs_periode_4_fpga_game/playstationtest_bsp//libucosii_bsp.a(alt_find_file.o)
 .comment       0x0000000000000000       0x24 /home/codedwrench/Dropbox/school/nios/kbs_periode_4_fpga_game/playstationtest_bsp//libucosii_bsp.a(alt_get_fd.o)
 .comment       0x0000000000000000       0x24 /home/codedwrench/Dropbox/school/nios/kbs_periode_4_fpga_game/playstationtest_bsp//libucosii_bsp.a(alt_icache_flush.o)
 .comment       0x0000000000000000       0x24 /home/codedwrench/Dropbox/school/nios/kbs_periode_4_fpga_game/playstationtest_bsp//libucosii_bsp.a(alt_irq_handler.o)
 .comment       0x0000000000000000       0x24 /home/codedwrench/Dropbox/school/nios/kbs_periode_4_fpga_game/playstationtest_bsp//libucosii_bsp.a(alt_instruction_exception_entry.o)
 .comment       0x0000000000000000       0x24 /mnt/ssddata/altera_lite/15.1/nios2eds/bin/gnu/H-x86_64-pc-linux-gnu/bin/../lib/gcc/nios2-elf/4.9.2/../../../../../H-x86_64-pc-linux-gnu/nios2-elf/lib/mhw-mulx/libc.a(lib_a-atexit.o)
 .comment       0x0000000000000000       0x24 /mnt/ssddata/altera_lite/15.1/nios2eds/bin/gnu/H-x86_64-pc-linux-gnu/bin/../lib/gcc/nios2-elf/4.9.2/../../../../../H-x86_64-pc-linux-gnu/nios2-elf/lib/mhw-mulx/libc.a(lib_a-exit.o)
 .comment       0x0000000000000000       0x24 /mnt/ssddata/altera_lite/15.1/nios2eds/bin/gnu/H-x86_64-pc-linux-gnu/bin/../lib/gcc/nios2-elf/4.9.2/../../../../../H-x86_64-pc-linux-gnu/nios2-elf/lib/mhw-mulx/libc.a(lib_a-impure.o)
 .comment       0x0000000000000000       0x24 /mnt/ssddata/altera_lite/15.1/nios2eds/bin/gnu/H-x86_64-pc-linux-gnu/bin/../lib/gcc/nios2-elf/4.9.2/../../../../../H-x86_64-pc-linux-gnu/nios2-elf/lib/mhw-mulx/libc.a(lib_a-int_errno.o)
 .comment       0x0000000000000000       0x24 /mnt/ssddata/altera_lite/15.1/nios2eds/bin/gnu/H-x86_64-pc-linux-gnu/bin/../lib/gcc/nios2-elf/4.9.2/../../../../../H-x86_64-pc-linux-gnu/nios2-elf/lib/mhw-mulx/libc.a(lib_a-memcmp.o)
 .comment       0x0000000000000000       0x24 /mnt/ssddata/altera_lite/15.1/nios2eds/bin/gnu/H-x86_64-pc-linux-gnu/bin/../lib/gcc/nios2-elf/4.9.2/../../../../../H-x86_64-pc-linux-gnu/nios2-elf/lib/mhw-mulx/libc.a(lib_a-memcpy.o)
 .comment       0x0000000000000000       0x24 /mnt/ssddata/altera_lite/15.1/nios2eds/bin/gnu/H-x86_64-pc-linux-gnu/bin/../lib/gcc/nios2-elf/4.9.2/../../../../../H-x86_64-pc-linux-gnu/nios2-elf/lib/mhw-mulx/libc.a(lib_a-memset.o)
 .comment       0x0000000000000000       0x24 /mnt/ssddata/altera_lite/15.1/nios2eds/bin/gnu/H-x86_64-pc-linux-gnu/bin/../lib/gcc/nios2-elf/4.9.2/../../../../../H-x86_64-pc-linux-gnu/nios2-elf/lib/mhw-mulx/libc.a(lib_a-strcmp.o)
 .comment       0x0000000000000000       0x24 /mnt/ssddata/altera_lite/15.1/nios2eds/bin/gnu/H-x86_64-pc-linux-gnu/bin/../lib/gcc/nios2-elf/4.9.2/../../../../../H-x86_64-pc-linux-gnu/nios2-elf/lib/mhw-mulx/libc.a(lib_a-strlen.o)
 .comment       0x0000000000000000       0x24 /mnt/ssddata/altera_lite/15.1/nios2eds/bin/gnu/H-x86_64-pc-linux-gnu/bin/../lib/gcc/nios2-elf/4.9.2/../../../../../H-x86_64-pc-linux-gnu/nios2-elf/lib/mhw-mulx/libc.a(lib_a-__atexit.o)
 .comment       0x0000000000000000       0x24 /mnt/ssddata/altera_lite/15.1/nios2eds/bin/gnu/H-x86_64-pc-linux-gnu/bin/../lib/gcc/nios2-elf/4.9.2/../../../../../H-x86_64-pc-linux-gnu/nios2-elf/lib/mhw-mulx/libc.a(lib_a-__call_atexit.o)
 .comment       0x0000000000000000       0x24 /home/codedwrench/Dropbox/school/nios/kbs_periode_4_fpga_game/playstationtest_bsp//libucosii_bsp.a(alt_exit.o)

.debug
 *(.debug)

.line
 *(.line)

.debug_srcinfo
 *(.debug_srcinfo)

.debug_sfnames
 *(.debug_sfnames)

.debug_aranges  0x0000000000000000      0x838
 *(.debug_aranges)
 .debug_aranges
                0x0000000000000000       0x28 /home/codedwrench/Dropbox/school/nios/kbs_periode_4_fpga_game/playstationtest_bsp//obj/HAL/src/crt0.o
 .debug_aranges
                0x0000000000000028       0x20 obj/default/graphicslib.o
 .debug_aranges
                0x0000000000000048       0x20 obj/default/main.o
 .debug_aranges
                0x0000000000000068       0x20 /home/codedwrench/Dropbox/school/nios/kbs_periode_4_fpga_game/playstationtest_bsp//libucosii_bsp.a(alt_load.o)
 .debug_aranges
                0x0000000000000088       0x20 /home/codedwrench/Dropbox/school/nios/kbs_periode_4_fpga_game/playstationtest_bsp//libucosii_bsp.a(alt_main.o)
 .debug_aranges
                0x00000000000000a8       0x20 /home/codedwrench/Dropbox/school/nios/kbs_periode_4_fpga_game/playstationtest_bsp//libucosii_bsp.a(alt_env_lock.o)
 .debug_aranges
                0x00000000000000c8       0x20 /home/codedwrench/Dropbox/school/nios/kbs_periode_4_fpga_game/playstationtest_bsp//libucosii_bsp.a(alt_malloc_lock.o)
 .debug_aranges
                0x00000000000000e8       0x20 /home/codedwrench/Dropbox/school/nios/kbs_periode_4_fpga_game/playstationtest_bsp//libucosii_bsp.a(os_core.o)
 .debug_aranges
                0x0000000000000108       0x20 /home/codedwrench/Dropbox/school/nios/kbs_periode_4_fpga_game/playstationtest_bsp//libucosii_bsp.a(os_dbg.o)
 .debug_aranges
                0x0000000000000128       0x20 /home/codedwrench/Dropbox/school/nios/kbs_periode_4_fpga_game/playstationtest_bsp//libucosii_bsp.a(os_flag.o)
 .debug_aranges
                0x0000000000000148       0x20 /home/codedwrench/Dropbox/school/nios/kbs_periode_4_fpga_game/playstationtest_bsp//libucosii_bsp.a(os_mem.o)
 .debug_aranges
                0x0000000000000168       0x20 /home/codedwrench/Dropbox/school/nios/kbs_periode_4_fpga_game/playstationtest_bsp//libucosii_bsp.a(os_q.o)
 .debug_aranges
                0x0000000000000188       0x20 /home/codedwrench/Dropbox/school/nios/kbs_periode_4_fpga_game/playstationtest_bsp//libucosii_bsp.a(os_sem.o)
 .debug_aranges
                0x00000000000001a8       0x20 /home/codedwrench/Dropbox/school/nios/kbs_periode_4_fpga_game/playstationtest_bsp//libucosii_bsp.a(os_task.o)
 .debug_aranges
                0x00000000000001c8       0x20 /home/codedwrench/Dropbox/school/nios/kbs_periode_4_fpga_game/playstationtest_bsp//libucosii_bsp.a(os_time.o)
 .debug_aranges
                0x00000000000001e8       0x20 /home/codedwrench/Dropbox/school/nios/kbs_periode_4_fpga_game/playstationtest_bsp//libucosii_bsp.a(alt_sys_init.o)
 .debug_aranges
                0x0000000000000208       0x20 /home/codedwrench/Dropbox/school/nios/kbs_periode_4_fpga_game/playstationtest_bsp//libucosii_bsp.a(altera_avalon_jtag_uart_fd.o)
 .debug_aranges
                0x0000000000000228       0x20 /home/codedwrench/Dropbox/school/nios/kbs_periode_4_fpga_game/playstationtest_bsp//libucosii_bsp.a(altera_avalon_jtag_uart_init.o)
 .debug_aranges
                0x0000000000000248       0x20 /home/codedwrench/Dropbox/school/nios/kbs_periode_4_fpga_game/playstationtest_bsp//libucosii_bsp.a(altera_avalon_jtag_uart_ioctl.o)
 .debug_aranges
                0x0000000000000268       0x20 /home/codedwrench/Dropbox/school/nios/kbs_periode_4_fpga_game/playstationtest_bsp//libucosii_bsp.a(altera_avalon_jtag_uart_read.o)
 .debug_aranges
                0x0000000000000288       0x20 /home/codedwrench/Dropbox/school/nios/kbs_periode_4_fpga_game/playstationtest_bsp//libucosii_bsp.a(altera_avalon_jtag_uart_write.o)
 .debug_aranges
                0x00000000000002a8       0x20 /home/codedwrench/Dropbox/school/nios/kbs_periode_4_fpga_game/playstationtest_bsp//libucosii_bsp.a(altera_avalon_timer_sc.o)
 .debug_aranges
                0x00000000000002c8       0x20 /home/codedwrench/Dropbox/school/nios/kbs_periode_4_fpga_game/playstationtest_bsp//libucosii_bsp.a(altera_up_avalon_character_lcd.o)
 .debug_aranges
                0x00000000000002e8       0x20 /home/codedwrench/Dropbox/school/nios/kbs_periode_4_fpga_game/playstationtest_bsp//libucosii_bsp.a(altera_up_avalon_irda.o)
 .debug_aranges
                0x0000000000000308       0x20 /home/codedwrench/Dropbox/school/nios/kbs_periode_4_fpga_game/playstationtest_bsp//libucosii_bsp.a(altera_up_avalon_ps2.o)
 .debug_aranges
                0x0000000000000328       0x20 /home/codedwrench/Dropbox/school/nios/kbs_periode_4_fpga_game/playstationtest_bsp//libucosii_bsp.a(altera_up_avalon_rs232.o)
 .debug_aranges
                0x0000000000000348       0x20 /home/codedwrench/Dropbox/school/nios/kbs_periode_4_fpga_game/playstationtest_bsp//libucosii_bsp.a(altera_up_avalon_video_character_buffer_with_dma.o)
 .debug_aranges
                0x0000000000000368       0x20 /home/codedwrench/Dropbox/school/nios/kbs_periode_4_fpga_game/playstationtest_bsp//libucosii_bsp.a(alt_alarm_start.o)
 .debug_aranges
                0x0000000000000388       0x20 /home/codedwrench/Dropbox/school/nios/kbs_periode_4_fpga_game/playstationtest_bsp//libucosii_bsp.a(alt_close.o)
 .debug_aranges
                0x00000000000003a8       0x20 /home/codedwrench/Dropbox/school/nios/kbs_periode_4_fpga_game/playstationtest_bsp//libucosii_bsp.a(alt_dcache_flush_all.o)
 .debug_aranges
                0x00000000000003c8       0x20 /home/codedwrench/Dropbox/school/nios/kbs_periode_4_fpga_game/playstationtest_bsp//libucosii_bsp.a(alt_dev.o)
 .debug_aranges
                0x00000000000003e8       0x20 /home/codedwrench/Dropbox/school/nios/kbs_periode_4_fpga_game/playstationtest_bsp//libucosii_bsp.a(alt_dev_llist_insert.o)
 .debug_aranges
                0x0000000000000408       0x20 /home/codedwrench/Dropbox/school/nios/kbs_periode_4_fpga_game/playstationtest_bsp//libucosii_bsp.a(alt_do_ctors.o)
 .debug_aranges
                0x0000000000000428       0x20 /home/codedwrench/Dropbox/school/nios/kbs_periode_4_fpga_game/playstationtest_bsp//libucosii_bsp.a(alt_do_dtors.o)
 .debug_aranges
                0x0000000000000448       0x18 /home/codedwrench/Dropbox/school/nios/kbs_periode_4_fpga_game/playstationtest_bsp//libucosii_bsp.a(alt_errno.o)
 .debug_aranges
                0x0000000000000460       0x20 /home/codedwrench/Dropbox/school/nios/kbs_periode_4_fpga_game/playstationtest_bsp//libucosii_bsp.a(alt_find_dev.o)
 .debug_aranges
                0x0000000000000480       0x20 /home/codedwrench/Dropbox/school/nios/kbs_periode_4_fpga_game/playstationtest_bsp//libucosii_bsp.a(alt_icache_flush_all.o)
 .debug_aranges
                0x00000000000004a0       0x20 /home/codedwrench/Dropbox/school/nios/kbs_periode_4_fpga_game/playstationtest_bsp//libucosii_bsp.a(alt_io_redirect.o)
 .debug_aranges
                0x00000000000004c0       0x20 /home/codedwrench/Dropbox/school/nios/kbs_periode_4_fpga_game/playstationtest_bsp//libucosii_bsp.a(alt_irq_register.o)
 .debug_aranges
                0x00000000000004e0       0x18 /home/codedwrench/Dropbox/school/nios/kbs_periode_4_fpga_game/playstationtest_bsp//libucosii_bsp.a(alt_irq_vars.o)
 .debug_aranges
                0x00000000000004f8       0x20 /home/codedwrench/Dropbox/school/nios/kbs_periode_4_fpga_game/playstationtest_bsp//libucosii_bsp.a(alt_open.o)
 .debug_aranges
                0x0000000000000518       0x20 /home/codedwrench/Dropbox/school/nios/kbs_periode_4_fpga_game/playstationtest_bsp//libucosii_bsp.a(alt_release_fd.o)
 .debug_aranges
                0x0000000000000538       0x20 /home/codedwrench/Dropbox/school/nios/kbs_periode_4_fpga_game/playstationtest_bsp//libucosii_bsp.a(alt_tick.o)
 .debug_aranges
                0x0000000000000558       0x20 /home/codedwrench/Dropbox/school/nios/kbs_periode_4_fpga_game/playstationtest_bsp//libucosii_bsp.a(altera_nios2_gen2_irq.o)
 .debug_aranges
                0x0000000000000578       0x20 /home/codedwrench/Dropbox/school/nios/kbs_periode_4_fpga_game/playstationtest_bsp//libucosii_bsp.a(os_cpu_a.o)
 .debug_aranges
                0x0000000000000598       0x20 /home/codedwrench/Dropbox/school/nios/kbs_periode_4_fpga_game/playstationtest_bsp//libucosii_bsp.a(os_cpu_c.o)
 .debug_aranges
                0x00000000000005b8       0x20 /home/codedwrench/Dropbox/school/nios/kbs_periode_4_fpga_game/playstationtest_bsp//libucosii_bsp.a(alt_find_file.o)
 .debug_aranges
                0x00000000000005d8       0x20 /home/codedwrench/Dropbox/school/nios/kbs_periode_4_fpga_game/playstationtest_bsp//libucosii_bsp.a(alt_get_fd.o)
 .debug_aranges
                0x00000000000005f8       0x20 /home/codedwrench/Dropbox/school/nios/kbs_periode_4_fpga_game/playstationtest_bsp//libucosii_bsp.a(alt_icache_flush.o)
 .debug_aranges
                0x0000000000000618       0x30 /home/codedwrench/Dropbox/school/nios/kbs_periode_4_fpga_game/playstationtest_bsp//libucosii_bsp.a(alt_irq_entry.o)
 .debug_aranges
                0x0000000000000648       0x20 /home/codedwrench/Dropbox/school/nios/kbs_periode_4_fpga_game/playstationtest_bsp//libucosii_bsp.a(alt_irq_handler.o)
 .debug_aranges